Archive member included to satisfy reference by file (symbol)

c:/program files (x86)/atmel/studio/7.0/toolchain/avr8/avr8-gnu-toolchain/bin/../lib/gcc/avr/5.4.0/avr5\libgcc.a(_mulsi3.o)
                              src/ff.o (__mulsi3)
c:/program files (x86)/atmel/studio/7.0/toolchain/avr8/avr8-gnu-toolchain/bin/../lib/gcc/avr/5.4.0/avr5\libgcc.a(_udivmodhi4.o)
                              src/buffer.o (__udivmodhi4)
c:/program files (x86)/atmel/studio/7.0/toolchain/avr8/avr8-gnu-toolchain/bin/../lib/gcc/avr/5.4.0/avr5\libgcc.a(_udivmodsi4.o)
                              src/ff.o (__udivmodsi4)
c:/program files (x86)/atmel/studio/7.0/toolchain/avr8/avr8-gnu-toolchain/bin/../lib/gcc/avr/5.4.0/avr5\libgcc.a(_divmodsi4.o)
                              src/main.o (__divmodsi4)
c:/program files (x86)/atmel/studio/7.0/toolchain/avr8/avr8-gnu-toolchain/bin/../lib/gcc/avr/5.4.0/avr5\libgcc.a(_negsi2.o)
                              c:/program files (x86)/atmel/studio/7.0/toolchain/avr8/avr8-gnu-toolchain/bin/../lib/gcc/avr/5.4.0/avr5\libgcc.a(_divmodsi4.o) (__negsi2)
c:/program files (x86)/atmel/studio/7.0/toolchain/avr8/avr8-gnu-toolchain/bin/../lib/gcc/avr/5.4.0/avr5\libgcc.a(_exit.o)
                              C:/Program Files (x86)/Atmel/Studio/7.0/Packs/atmel/ATmega_DFP/1.2.209/gcc/dev/atmega32/avr5/crtatmega32.o (exit)
c:/program files (x86)/atmel/studio/7.0/toolchain/avr8/avr8-gnu-toolchain/bin/../lib/gcc/avr/5.4.0/avr5\libgcc.a(_tablejump2.o)
                              src/ff.o (__tablejump2__)
c:/program files (x86)/atmel/studio/7.0/toolchain/avr8/avr8-gnu-toolchain/bin/../lib/gcc/avr/5.4.0/avr5\libgcc.a(_copy_data.o)
                              src/ff.o (__do_copy_data)
c:/program files (x86)/atmel/studio/7.0/toolchain/avr8/avr8-gnu-toolchain/bin/../lib/gcc/avr/5.4.0/avr5\libgcc.a(_clear_bss.o)
                              src/a2d.o (__do_clear_bss)
c:/program files (x86)/atmel/studio/7.0/toolchain/avr8/avr8-gnu-toolchain/bin/../lib/gcc/avr/5.4.0/avr5\libgcc.a(_umulhisi3.o)
                              src/rprintf.o (__umulhisi3)
c:/program files (x86)/atmel/studio/7.0/toolchain/avr8/avr8-gnu-toolchain/bin/../lib/gcc/avr/5.4.0/avr5\libgcc.a(_muluhisi3.o)
                              src/handlers.o (__muluhisi3)
c:/program files (x86)/atmel/studio/7.0/toolchain/avr8/avr8-gnu-toolchain/bin/../lib/gcc/avr/5.4.0/../../../../avr/lib/avr5\libc.a(memset.o)
                              src/main.o (memset)
c:/program files (x86)/atmel/studio/7.0/toolchain/avr8/avr8-gnu-toolchain/bin/../lib/gcc/avr/5.4.0/../../../../avr/lib/avr5\libc.a(strcmp.o)
                              src/MD_MIDIFile.o (strcmp)
c:/program files (x86)/atmel/studio/7.0/toolchain/avr8/avr8-gnu-toolchain/bin/../lib/gcc/avr/5.4.0/../../../../avr/lib/avr5\libc.a(strcpy.o)
                              src/MD_MIDIFile.o (strcpy)
c:/program files (x86)/atmel/studio/7.0/toolchain/avr8/avr8-gnu-toolchain/bin/../lib/gcc/avr/5.4.0/../../../../avr/lib/avr5\libc.a(strlen.o)
                              src/MD_MIDITrack.o (strlen)

Allocating common symbols
Common symbol       size              file

uartReadyTx         0x1               src/uart.o
Fatfs               0x232             src/main.o
midiState           0x1               src/midi.o
midiReadIndex       0x1               src/midi.o
Timer0Reg0          0x4               src/timer.o
uartRxBuffer        0x8               src/uart.o
TimerPauseReg       0x4               src/timer.o
uartBufferIndex     0x1               src/uart.o
Timer2Reg0          0x4               src/timer.o
spiTransferComplete
                    0x1               src/spi.o
midiBytesToIgnore   0x1               src/midi.o
uartBufferedTx      0x1               src/uart.o
a2dCompleteFlag     0x1               src/a2d.o
uartTxBuffer        0x8               src/uart.o
uartRxOverflow      0x2               src/uart.o
midiEvent           0x3               src/midi.o

Discarded input sections

 .data          0x00000000        0x0 C:/Program Files (x86)/Atmel/Studio/7.0/Packs/atmel/ATmega_DFP/1.2.209/gcc/dev/atmega32/avr5/crtatmega32.o
 .bss           0x00000000        0x0 C:/Program Files (x86)/Atmel/Studio/7.0/Packs/atmel/ATmega_DFP/1.2.209/gcc/dev/atmega32/avr5/crtatmega32.o
 .text          0x00000000        0x0 src/a2d.o
 .data          0x00000000        0x0 src/a2d.o
 .bss           0x00000000        0x0 src/a2d.o
 .text.a2dOff   0x00000000       0x34 src/a2d.o
 .text.a2dIsComplete
                0x00000000       0x18 src/a2d.o
 .text.a2dConvert10bit
                0x00000000       0x8c src/a2d.o
 .text.a2dConvert8bit
                0x00000000       0x22 src/a2d.o
 .text          0x00000000        0x0 src/buffer.o
 .data          0x00000000        0x0 src/buffer.o
 .bss           0x00000000        0x0 src/buffer.o
 .text.bufferDumpFromFront
                0x00000000       0xd2 src/buffer.o
 .text.bufferGetAtIndex
                0x00000000       0x7a src/buffer.o
 .text.bufferIsNotFull
                0x00000000       0x5c src/buffer.o
 .text.bufferFlush
                0x00000000       0x3e src/buffer.o
 .text          0x00000000        0x0 src/ff.o
 .data          0x00000000        0x0 src/ff.o
 .bss           0x00000000        0x0 src/ff.o
 .text.dir_read
                0x00000000       0xe2 src/ff.o
 .text.dir_remove
                0x00000000       0x84 src/ff.o
 .text.get_fileinfo
                0x00000000      0x18c src/ff.o
 .text.f_write  0x00000000      0x6b6 src/ff.o
 .text.f_chdrive
                0x00000000       0x26 src/ff.o
 .text.f_chdir  0x00000000       0xee src/ff.o
 .text.f_getcwd
                0x00000000      0x352 src/ff.o
 .text.f_opendir
                0x00000000      0x126 src/ff.o
 .text.f_readdir
                0x00000000       0xd4 src/ff.o
 .text.f_stat   0x00000000       0x84 src/ff.o
 .text.f_getfree
                0x00000000      0x326 src/ff.o
 .text.f_truncate
                0x00000000      0x224 src/ff.o
 .text.f_unlink
                0x00000000      0x200 src/ff.o
 .text.f_mkdir  0x00000000      0x36e src/ff.o
 .text.f_chmod  0x00000000       0xe0 src/ff.o
 .text.f_utime  0x00000000       0xe0 src/ff.o
 .text.f_rename
                0x00000000      0x2d2 src/ff.o
 .text.f_gets   0x00000000       0xbe src/ff.o
 .text.f_putc   0x00000000       0x68 src/ff.o
 .text.f_puts   0x00000000       0x70 src/ff.o
 .text.f_printf
                0x00000000      0x432 src/ff.o
 .progmem.gcc_sw_table.f_printf
                0x00000000       0x2e src/ff.o
 .text          0x00000000        0x0 src/handlers.o
 .data          0x00000000        0x0 src/handlers.o
 .bss           0x00000000        0x0 src/handlers.o
 .bss._micros   0x00000000        0x4 src/handlers.o
 .text.toggleLed
                0x00000000       0x24 src/handlers.o
 .text.setInputs
                0x00000000       0xc4 src/handlers.o
 .text.readInputs
                0x00000000      0x152 src/handlers.o
 .text.getMillis
                0x00000000       0x22 src/handlers.o
 .bss.adc_old.2119
                0x00000000        0x1 src/handlers.o
 .bss.but_old.2120
                0x00000000        0x4 src/handlers.o
 .text          0x00000000        0x0 src/lcd.o
 .data          0x00000000        0x0 src/lcd.o
 .bss           0x00000000        0x0 src/lcd.o
 .text.lcdDataRead
                0x00000000      0x174 src/lcd.o
 .text.lcdHome  0x00000000       0x16 src/lcd.o
 .text.lcdClear
                0x00000000       0x16 src/lcd.o
 .text.lcdProgressBar
                0x00000000      0x10e src/lcd.o
 .text          0x00000000        0x0 src/main.o
 .data          0x00000000        0x0 src/main.o
 .bss           0x00000000        0x0 src/main.o
 .text.tickMetronome
                0x00000000       0xee src/main.o
 .bss.inBeat.2839
                0x00000000        0x1 src/main.o
 .bss.lastBeatTime.2838
                0x00000000        0x4 src/main.o
 .text          0x00000000        0x0 src/MD_MIDIFile.o
 .data          0x00000000        0x0 src/MD_MIDIFile.o
 .bss           0x00000000        0x0 src/MD_MIDIFile.o
 .text.initialise
                0x00000000       0xe2 src/MD_MIDIFile.o
 .text.setTempoAdjust
                0x00000000       0x58 src/MD_MIDIFile.o
 .text.setTempo
                0x00000000       0x5a src/MD_MIDIFile.o
 .text.setTicksPerQuarterNote
                0x00000000       0x3a src/MD_MIDIFile.o
 .text.pauseMIDIFile
                0x00000000       0x4a src/MD_MIDIFile.o
 .text.getFilename
                0x00000000       0x1e src/MD_MIDIFile.o
 .text          0x00000000        0x0 src/MD_MIDIHelper.o
 .data          0x00000000        0x0 src/MD_MIDIHelper.o
 .bss           0x00000000        0x0 src/MD_MIDIHelper.o
 .text          0x00000000        0x0 src/MD_MIDITrack.o
 .data          0x00000000        0x0 src/MD_MIDITrack.o
 .bss           0x00000000        0x0 src/MD_MIDITrack.o
 .text.getLength
                0x00000000       0x2a src/MD_MIDITrack.o
 .text          0x00000000        0x0 src/midi.o
 .data          0x00000000        0x0 src/midi.o
 .bss           0x00000000        0x0 src/midi.o
 .text.getMidiEvent
                0x00000000       0x12 src/midi.o
 .text.sendProgramChange
                0x00000000       0x42 src/midi.o
 .text          0x00000000        0x0 src/mmc.o
 .data          0x00000000        0x0 src/mmc.o
 .bss           0x00000000        0x0 src/mmc.o
 .text          0x00000000        0x0 src/rprintf.o
 .data          0x00000000        0x0 src/rprintf.o
 .bss           0x00000000        0x0 src/rprintf.o
 .progmem.data.HexChars
                0x00000000       0x11 src/rprintf.o
 .bss.rputchar  0x00000000        0x2 src/rprintf.o
 .text.rprintfInit
                0x00000000       0x26 src/rprintf.o
 .text.rprintfChar
                0x00000000       0x38 src/rprintf.o
 .text.rprintfStr
                0x00000000       0x48 src/rprintf.o
 .text.rprintfStrLen
                0x00000000       0xb0 src/rprintf.o
 .text.rprintfProgStr
                0x00000000       0x5e src/rprintf.o
 .text.rprintfCRLF
                0x00000000       0x16 src/rprintf.o
 .text.rprintfu04
                0x00000000       0x40 src/rprintf.o
 .text.rprintfu08
                0x00000000       0x26 src/rprintf.o
 .text.rprintfu16
                0x00000000       0x2c src/rprintf.o
 .text.rprintfu32
                0x00000000       0x3e src/rprintf.o
 .text.rprintfNum
                0x00000000      0x258 src/rprintf.o
 .text.rprintf1RamRom
                0x00000000      0x1c8 src/rprintf.o
 .debug_info    0x00000000      0x513 src/rprintf.o
 .debug_abbrev  0x00000000      0x178 src/rprintf.o
 .debug_loc     0x00000000      0x3ac src/rprintf.o
 .debug_aranges
                0x00000000       0x78 src/rprintf.o
 .debug_ranges  0x00000000       0x68 src/rprintf.o
 .debug_line    0x00000000      0x4e6 src/rprintf.o
 .debug_str     0x00000000      0x2fd src/rprintf.o
 .comment       0x00000000       0x31 src/rprintf.o
 .debug_frame   0x00000000      0x1bc src/rprintf.o
 .text          0x00000000        0x0 src/spi.o
 .data          0x00000000        0x0 src/spi.o
 .bss           0x00000000        0x0 src/spi.o
 .text.spiSendByte
                0x00000000       0x2e src/spi.o
 .text.spiTransferByte
                0x00000000       0x34 src/spi.o
 .text.spiTransferWord
                0x00000000       0x54 src/spi.o
 .text          0x00000000        0x0 src/timer.o
 .data          0x00000000        0x0 src/timer.o
 .bss           0x00000000        0x0 src/timer.o
 .progmem.data.TimerPrescaleFactor
                0x00000000        0xc src/timer.o
 .progmem.data.TimerRTCPrescaleFactor
                0x00000000       0x10 src/timer.o
 .text.timerInit
                0x00000000       0x38 src/timer.o
 .text.timer0Init
                0x00000000       0x34 src/timer.o
 .text.timer1Init
                0x00000000       0x38 src/timer.o
 .text.timer2Init
                0x00000000       0x34 src/timer.o
 .text.timer0SetPrescaler
                0x00000000       0x2e src/timer.o
 .text.timer1SetPrescaler
                0x00000000       0x2e src/timer.o
 .text.timer2SetPrescaler
                0x00000000       0x2e src/timer.o
 .text.timer0GetPrescaler
                0x00000000       0x4e src/timer.o
 .text.timer1GetPrescaler
                0x00000000       0x4e src/timer.o
 .text.timer2GetPrescaler
                0x00000000       0x4e src/timer.o
 .text.timerDetach
                0x00000000       0x30 src/timer.o
 .text.timerPause
                0x00000000      0x1b2 src/timer.o
 .text.timer0ClearOverflowCount
                0x00000000       0x20 src/timer.o
 .text.timer0GetOverflowCount
                0x00000000       0x22 src/timer.o
 .text.timer2ClearOverflowCount
                0x00000000       0x20 src/timer.o
 .text.timer2GetOverflowCount
                0x00000000       0x22 src/timer.o
 .text.timer1PWMInit
                0x00000000       0xb2 src/timer.o
 .text.timer1PWMInitICR
                0x00000000       0x84 src/timer.o
 .text.timer1PWMOff
                0x00000000       0x3c src/timer.o
 .text.timer1PWMAOn
                0x00000000       0x34 src/timer.o
 .text.timer1PWMBOn
                0x00000000       0x34 src/timer.o
 .text.timer1PWMAOff
                0x00000000       0x34 src/timer.o
 .text.timer1PWMBOff
                0x00000000       0x34 src/timer.o
 .text.timer1PWMASet
                0x00000000       0x28 src/timer.o
 .text.timer1PWMBSet
                0x00000000       0x28 src/timer.o
 .text          0x00000000        0x0 src/uart.o
 .data          0x00000000        0x0 src/uart.o
 .bss           0x00000000        0x0 src/uart.o
 .text.uartGetRxBuffer
                0x00000000       0x12 src/uart.o
 .text.uartGetTxBuffer
                0x00000000       0x12 src/uart.o
 .text.uartAddToTxBuffer
                0x00000000       0x1e src/uart.o
 .text.uartSendTxBuffer
                0x00000000       0x22 src/uart.o
 .text.uartSendBuffer
                0x00000000       0xae src/uart.o
 .text          0x00000000        0x0 c:/program files (x86)/atmel/studio/7.0/toolchain/avr8/avr8-gnu-toolchain/bin/../lib/gcc/avr/5.4.0/avr5\libgcc.a(_mulsi3.o)
 .data          0x00000000        0x0 c:/program files (x86)/atmel/studio/7.0/toolchain/avr8/avr8-gnu-toolchain/bin/../lib/gcc/avr/5.4.0/avr5\libgcc.a(_mulsi3.o)
 .bss           0x00000000        0x0 c:/program files (x86)/atmel/studio/7.0/toolchain/avr8/avr8-gnu-toolchain/bin/../lib/gcc/avr/5.4.0/avr5\libgcc.a(_mulsi3.o)
 .text.libgcc.div
                0x00000000        0x0 c:/program files (x86)/atmel/studio/7.0/toolchain/avr8/avr8-gnu-toolchain/bin/../lib/gcc/avr/5.4.0/avr5\libgcc.a(_mulsi3.o)
 .text.libgcc   0x00000000        0x0 c:/program files (x86)/atmel/studio/7.0/toolchain/avr8/avr8-gnu-toolchain/bin/../lib/gcc/avr/5.4.0/avr5\libgcc.a(_mulsi3.o)
 .text.libgcc.prologue
                0x00000000        0x0 c:/program files (x86)/atmel/studio/7.0/toolchain/avr8/avr8-gnu-toolchain/bin/../lib/gcc/avr/5.4.0/avr5\libgcc.a(_mulsi3.o)
 .text.libgcc.builtins
                0x00000000        0x0 c:/program files (x86)/atmel/studio/7.0/toolchain/avr8/avr8-gnu-toolchain/bin/../lib/gcc/avr/5.4.0/avr5\libgcc.a(_mulsi3.o)
 .text.libgcc.fmul
                0x00000000        0x0 c:/program files (x86)/atmel/studio/7.0/toolchain/avr8/avr8-gnu-toolchain/bin/../lib/gcc/avr/5.4.0/avr5\libgcc.a(_mulsi3.o)
 .text.libgcc.fixed
                0x00000000        0x0 c:/program files (x86)/atmel/studio/7.0/toolchain/avr8/avr8-gnu-toolchain/bin/../lib/gcc/avr/5.4.0/avr5\libgcc.a(_mulsi3.o)
 .text          0x00000000        0x0 c:/program files (x86)/atmel/studio/7.0/toolchain/avr8/avr8-gnu-toolchain/bin/../lib/gcc/avr/5.4.0/avr5\libgcc.a(_udivmodhi4.o)
 .data          0x00000000        0x0 c:/program files (x86)/atmel/studio/7.0/toolchain/avr8/avr8-gnu-toolchain/bin/../lib/gcc/avr/5.4.0/avr5\libgcc.a(_udivmodhi4.o)
 .bss           0x00000000        0x0 c:/program files (x86)/atmel/studio/7.0/toolchain/avr8/avr8-gnu-toolchain/bin/../lib/gcc/avr/5.4.0/avr5\libgcc.a(_udivmodhi4.o)
 .text.libgcc.mul
                0x00000000        0x0 c:/program files (x86)/atmel/studio/7.0/toolchain/avr8/avr8-gnu-toolchain/bin/../lib/gcc/avr/5.4.0/avr5\libgcc.a(_udivmodhi4.o)
 .text.libgcc   0x00000000        0x0 c:/program files (x86)/atmel/studio/7.0/toolchain/avr8/avr8-gnu-toolchain/bin/../lib/gcc/avr/5.4.0/avr5\libgcc.a(_udivmodhi4.o)
 .text.libgcc.prologue
                0x00000000        0x0 c:/program files (x86)/atmel/studio/7.0/toolchain/avr8/avr8-gnu-toolchain/bin/../lib/gcc/avr/5.4.0/avr5\libgcc.a(_udivmodhi4.o)
 .text.libgcc.builtins
                0x00000000        0x0 c:/program files (x86)/atmel/studio/7.0/toolchain/avr8/avr8-gnu-toolchain/bin/../lib/gcc/avr/5.4.0/avr5\libgcc.a(_udivmodhi4.o)
 .text.libgcc.fmul
                0x00000000        0x0 c:/program files (x86)/atmel/studio/7.0/toolchain/avr8/avr8-gnu-toolchain/bin/../lib/gcc/avr/5.4.0/avr5\libgcc.a(_udivmodhi4.o)
 .text.libgcc.fixed
                0x00000000        0x0 c:/program files (x86)/atmel/studio/7.0/toolchain/avr8/avr8-gnu-toolchain/bin/../lib/gcc/avr/5.4.0/avr5\libgcc.a(_udivmodhi4.o)
 .text          0x00000000        0x0 c:/program files (x86)/atmel/studio/7.0/toolchain/avr8/avr8-gnu-toolchain/bin/../lib/gcc/avr/5.4.0/avr5\libgcc.a(_udivmodsi4.o)
 .data          0x00000000        0x0 c:/program files (x86)/atmel/studio/7.0/toolchain/avr8/avr8-gnu-toolchain/bin/../lib/gcc/avr/5.4.0/avr5\libgcc.a(_udivmodsi4.o)
 .bss           0x00000000        0x0 c:/program files (x86)/atmel/studio/7.0/toolchain/avr8/avr8-gnu-toolchain/bin/../lib/gcc/avr/5.4.0/avr5\libgcc.a(_udivmodsi4.o)
 .text.libgcc.mul
                0x00000000        0x0 c:/program files (x86)/atmel/studio/7.0/toolchain/avr8/avr8-gnu-toolchain/bin/../lib/gcc/avr/5.4.0/avr5\libgcc.a(_udivmodsi4.o)
 .text.libgcc   0x00000000        0x0 c:/program files (x86)/atmel/studio/7.0/toolchain/avr8/avr8-gnu-toolchain/bin/../lib/gcc/avr/5.4.0/avr5\libgcc.a(_udivmodsi4.o)
 .text.libgcc.prologue
                0x00000000        0x0 c:/program files (x86)/atmel/studio/7.0/toolchain/avr8/avr8-gnu-toolchain/bin/../lib/gcc/avr/5.4.0/avr5\libgcc.a(_udivmodsi4.o)
 .text.libgcc.builtins
                0x00000000        0x0 c:/program files (x86)/atmel/studio/7.0/toolchain/avr8/avr8-gnu-toolchain/bin/../lib/gcc/avr/5.4.0/avr5\libgcc.a(_udivmodsi4.o)
 .text.libgcc.fmul
                0x00000000        0x0 c:/program files (x86)/atmel/studio/7.0/toolchain/avr8/avr8-gnu-toolchain/bin/../lib/gcc/avr/5.4.0/avr5\libgcc.a(_udivmodsi4.o)
 .text.libgcc.fixed
                0x00000000        0x0 c:/program files (x86)/atmel/studio/7.0/toolchain/avr8/avr8-gnu-toolchain/bin/../lib/gcc/avr/5.4.0/avr5\libgcc.a(_udivmodsi4.o)
 .text          0x00000000        0x0 c:/program files (x86)/atmel/studio/7.0/toolchain/avr8/avr8-gnu-toolchain/bin/../lib/gcc/avr/5.4.0/avr5\libgcc.a(_divmodsi4.o)
 .data          0x00000000        0x0 c:/program files (x86)/atmel/studio/7.0/toolchain/avr8/avr8-gnu-toolchain/bin/../lib/gcc/avr/5.4.0/avr5\libgcc.a(_divmodsi4.o)
 .bss           0x00000000        0x0 c:/program files (x86)/atmel/studio/7.0/toolchain/avr8/avr8-gnu-toolchain/bin/../lib/gcc/avr/5.4.0/avr5\libgcc.a(_divmodsi4.o)
 .text.libgcc.mul
                0x00000000        0x0 c:/program files (x86)/atmel/studio/7.0/toolchain/avr8/avr8-gnu-toolchain/bin/../lib/gcc/avr/5.4.0/avr5\libgcc.a(_divmodsi4.o)
 .text.libgcc   0x00000000        0x0 c:/program files (x86)/atmel/studio/7.0/toolchain/avr8/avr8-gnu-toolchain/bin/../lib/gcc/avr/5.4.0/avr5\libgcc.a(_divmodsi4.o)
 .text.libgcc.prologue
                0x00000000        0x0 c:/program files (x86)/atmel/studio/7.0/toolchain/avr8/avr8-gnu-toolchain/bin/../lib/gcc/avr/5.4.0/avr5\libgcc.a(_divmodsi4.o)
 .text.libgcc.builtins
                0x00000000        0x0 c:/program files (x86)/atmel/studio/7.0/toolchain/avr8/avr8-gnu-toolchain/bin/../lib/gcc/avr/5.4.0/avr5\libgcc.a(_divmodsi4.o)
 .text.libgcc.fmul
                0x00000000        0x0 c:/program files (x86)/atmel/studio/7.0/toolchain/avr8/avr8-gnu-toolchain/bin/../lib/gcc/avr/5.4.0/avr5\libgcc.a(_divmodsi4.o)
 .text.libgcc.fixed
                0x00000000        0x0 c:/program files (x86)/atmel/studio/7.0/toolchain/avr8/avr8-gnu-toolchain/bin/../lib/gcc/avr/5.4.0/avr5\libgcc.a(_divmodsi4.o)
 .text          0x00000000        0x0 c:/program files (x86)/atmel/studio/7.0/toolchain/avr8/avr8-gnu-toolchain/bin/../lib/gcc/avr/5.4.0/avr5\libgcc.a(_negsi2.o)
 .data          0x00000000        0x0 c:/program files (x86)/atmel/studio/7.0/toolchain/avr8/avr8-gnu-toolchain/bin/../lib/gcc/avr/5.4.0/avr5\libgcc.a(_negsi2.o)
 .bss           0x00000000        0x0 c:/program files (x86)/atmel/studio/7.0/toolchain/avr8/avr8-gnu-toolchain/bin/../lib/gcc/avr/5.4.0/avr5\libgcc.a(_negsi2.o)
 .text.libgcc.mul
                0x00000000        0x0 c:/program files (x86)/atmel/studio/7.0/toolchain/avr8/avr8-gnu-toolchain/bin/../lib/gcc/avr/5.4.0/avr5\libgcc.a(_negsi2.o)
 .text.libgcc   0x00000000        0x0 c:/program files (x86)/atmel/studio/7.0/toolchain/avr8/avr8-gnu-toolchain/bin/../lib/gcc/avr/5.4.0/avr5\libgcc.a(_negsi2.o)
 .text.libgcc.prologue
                0x00000000        0x0 c:/program files (x86)/atmel/studio/7.0/toolchain/avr8/avr8-gnu-toolchain/bin/../lib/gcc/avr/5.4.0/avr5\libgcc.a(_negsi2.o)
 .text.libgcc.builtins
                0x00000000        0x0 c:/program files (x86)/atmel/studio/7.0/toolchain/avr8/avr8-gnu-toolchain/bin/../lib/gcc/avr/5.4.0/avr5\libgcc.a(_negsi2.o)
 .text.libgcc.fmul
                0x00000000        0x0 c:/program files (x86)/atmel/studio/7.0/toolchain/avr8/avr8-gnu-toolchain/bin/../lib/gcc/avr/5.4.0/avr5\libgcc.a(_negsi2.o)
 .text.libgcc.fixed
                0x00000000        0x0 c:/program files (x86)/atmel/studio/7.0/toolchain/avr8/avr8-gnu-toolchain/bin/../lib/gcc/avr/5.4.0/avr5\libgcc.a(_negsi2.o)
 .text          0x00000000        0x0 c:/program files (x86)/atmel/studio/7.0/toolchain/avr8/avr8-gnu-toolchain/bin/../lib/gcc/avr/5.4.0/avr5\libgcc.a(_exit.o)
 .data          0x00000000        0x0 c:/program files (x86)/atmel/studio/7.0/toolchain/avr8/avr8-gnu-toolchain/bin/../lib/gcc/avr/5.4.0/avr5\libgcc.a(_exit.o)
 .bss           0x00000000        0x0 c:/program files (x86)/atmel/studio/7.0/toolchain/avr8/avr8-gnu-toolchain/bin/../lib/gcc/avr/5.4.0/avr5\libgcc.a(_exit.o)
 .text.libgcc.mul
                0x00000000        0x0 c:/program files (x86)/atmel/studio/7.0/toolchain/avr8/avr8-gnu-toolchain/bin/../lib/gcc/avr/5.4.0/avr5\libgcc.a(_exit.o)
 .text.libgcc.div
                0x00000000        0x0 c:/program files (x86)/atmel/studio/7.0/toolchain/avr8/avr8-gnu-toolchain/bin/../lib/gcc/avr/5.4.0/avr5\libgcc.a(_exit.o)
 .text.libgcc   0x00000000        0x0 c:/program files (x86)/atmel/studio/7.0/toolchain/avr8/avr8-gnu-toolchain/bin/../lib/gcc/avr/5.4.0/avr5\libgcc.a(_exit.o)
 .text.libgcc.prologue
                0x00000000        0x0 c:/program files (x86)/atmel/studio/7.0/toolchain/avr8/avr8-gnu-toolchain/bin/../lib/gcc/avr/5.4.0/avr5\libgcc.a(_exit.o)
 .text.libgcc.builtins
                0x00000000        0x0 c:/program files (x86)/atmel/studio/7.0/toolchain/avr8/avr8-gnu-toolchain/bin/../lib/gcc/avr/5.4.0/avr5\libgcc.a(_exit.o)
 .text.libgcc.fmul
                0x00000000        0x0 c:/program files (x86)/atmel/studio/7.0/toolchain/avr8/avr8-gnu-toolchain/bin/../lib/gcc/avr/5.4.0/avr5\libgcc.a(_exit.o)
 .text.libgcc.fixed
                0x00000000        0x0 c:/program files (x86)/atmel/studio/7.0/toolchain/avr8/avr8-gnu-toolchain/bin/../lib/gcc/avr/5.4.0/avr5\libgcc.a(_exit.o)
 .text          0x00000000        0x0 c:/program files (x86)/atmel/studio/7.0/toolchain/avr8/avr8-gnu-toolchain/bin/../lib/gcc/avr/5.4.0/avr5\libgcc.a(_tablejump2.o)
 .data          0x00000000        0x0 c:/program files (x86)/atmel/studio/7.0/toolchain/avr8/avr8-gnu-toolchain/bin/../lib/gcc/avr/5.4.0/avr5\libgcc.a(_tablejump2.o)
 .bss           0x00000000        0x0 c:/program files (x86)/atmel/studio/7.0/toolchain/avr8/avr8-gnu-toolchain/bin/../lib/gcc/avr/5.4.0/avr5\libgcc.a(_tablejump2.o)
 .text.libgcc.mul
                0x00000000        0x0 c:/program files (x86)/atmel/studio/7.0/toolchain/avr8/avr8-gnu-toolchain/bin/../lib/gcc/avr/5.4.0/avr5\libgcc.a(_tablejump2.o)
 .text.libgcc.div
                0x00000000        0x0 c:/program files (x86)/atmel/studio/7.0/toolchain/avr8/avr8-gnu-toolchain/bin/../lib/gcc/avr/5.4.0/avr5\libgcc.a(_tablejump2.o)
 .text.libgcc.prologue
                0x00000000        0x0 c:/program files (x86)/atmel/studio/7.0/toolchain/avr8/avr8-gnu-toolchain/bin/../lib/gcc/avr/5.4.0/avr5\libgcc.a(_tablejump2.o)
 .text.libgcc.builtins
                0x00000000        0x0 c:/program files (x86)/atmel/studio/7.0/toolchain/avr8/avr8-gnu-toolchain/bin/../lib/gcc/avr/5.4.0/avr5\libgcc.a(_tablejump2.o)
 .text.libgcc.fmul
                0x00000000        0x0 c:/program files (x86)/atmel/studio/7.0/toolchain/avr8/avr8-gnu-toolchain/bin/../lib/gcc/avr/5.4.0/avr5\libgcc.a(_tablejump2.o)
 .text.libgcc.fixed
                0x00000000        0x0 c:/program files (x86)/atmel/studio/7.0/toolchain/avr8/avr8-gnu-toolchain/bin/../lib/gcc/avr/5.4.0/avr5\libgcc.a(_tablejump2.o)
 .text          0x00000000        0x0 c:/program files (x86)/atmel/studio/7.0/toolchain/avr8/avr8-gnu-toolchain/bin/../lib/gcc/avr/5.4.0/avr5\libgcc.a(_copy_data.o)
 .data          0x00000000        0x0 c:/program files (x86)/atmel/studio/7.0/toolchain/avr8/avr8-gnu-toolchain/bin/../lib/gcc/avr/5.4.0/avr5\libgcc.a(_copy_data.o)
 .bss           0x00000000        0x0 c:/program files (x86)/atmel/studio/7.0/toolchain/avr8/avr8-gnu-toolchain/bin/../lib/gcc/avr/5.4.0/avr5\libgcc.a(_copy_data.o)
 .text.libgcc.mul
                0x00000000        0x0 c:/program files (x86)/atmel/studio/7.0/toolchain/avr8/avr8-gnu-toolchain/bin/../lib/gcc/avr/5.4.0/avr5\libgcc.a(_copy_data.o)
 .text.libgcc.div
                0x00000000        0x0 c:/program files (x86)/atmel/studio/7.0/toolchain/avr8/avr8-gnu-toolchain/bin/../lib/gcc/avr/5.4.0/avr5\libgcc.a(_copy_data.o)
 .text.libgcc   0x00000000        0x0 c:/program files (x86)/atmel/studio/7.0/toolchain/avr8/avr8-gnu-toolchain/bin/../lib/gcc/avr/5.4.0/avr5\libgcc.a(_copy_data.o)
 .text.libgcc.prologue
                0x00000000        0x0 c:/program files (x86)/atmel/studio/7.0/toolchain/avr8/avr8-gnu-toolchain/bin/../lib/gcc/avr/5.4.0/avr5\libgcc.a(_copy_data.o)
 .text.libgcc.builtins
                0x00000000        0x0 c:/program files (x86)/atmel/studio/7.0/toolchain/avr8/avr8-gnu-toolchain/bin/../lib/gcc/avr/5.4.0/avr5\libgcc.a(_copy_data.o)
 .text.libgcc.fmul
                0x00000000        0x0 c:/program files (x86)/atmel/studio/7.0/toolchain/avr8/avr8-gnu-toolchain/bin/../lib/gcc/avr/5.4.0/avr5\libgcc.a(_copy_data.o)
 .text.libgcc.fixed
                0x00000000        0x0 c:/program files (x86)/atmel/studio/7.0/toolchain/avr8/avr8-gnu-toolchain/bin/../lib/gcc/avr/5.4.0/avr5\libgcc.a(_copy_data.o)
 .text          0x00000000        0x0 c:/program files (x86)/atmel/studio/7.0/toolchain/avr8/avr8-gnu-toolchain/bin/../lib/gcc/avr/5.4.0/avr5\libgcc.a(_clear_bss.o)
 .data          0x00000000        0x0 c:/program files (x86)/atmel/studio/7.0/toolchain/avr8/avr8-gnu-toolchain/bin/../lib/gcc/avr/5.4.0/avr5\libgcc.a(_clear_bss.o)
 .bss           0x00000000        0x0 c:/program files (x86)/atmel/studio/7.0/toolchain/avr8/avr8-gnu-toolchain/bin/../lib/gcc/avr/5.4.0/avr5\libgcc.a(_clear_bss.o)
 .text.libgcc.mul
                0x00000000        0x0 c:/program files (x86)/atmel/studio/7.0/toolchain/avr8/avr8-gnu-toolchain/bin/../lib/gcc/avr/5.4.0/avr5\libgcc.a(_clear_bss.o)
 .text.libgcc.div
                0x00000000        0x0 c:/program files (x86)/atmel/studio/7.0/toolchain/avr8/avr8-gnu-toolchain/bin/../lib/gcc/avr/5.4.0/avr5\libgcc.a(_clear_bss.o)
 .text.libgcc   0x00000000        0x0 c:/program files (x86)/atmel/studio/7.0/toolchain/avr8/avr8-gnu-toolchain/bin/../lib/gcc/avr/5.4.0/avr5\libgcc.a(_clear_bss.o)
 .text.libgcc.prologue
                0x00000000        0x0 c:/program files (x86)/atmel/studio/7.0/toolchain/avr8/avr8-gnu-toolchain/bin/../lib/gcc/avr/5.4.0/avr5\libgcc.a(_clear_bss.o)
 .text.libgcc.builtins
                0x00000000        0x0 c:/program files (x86)/atmel/studio/7.0/toolchain/avr8/avr8-gnu-toolchain/bin/../lib/gcc/avr/5.4.0/avr5\libgcc.a(_clear_bss.o)
 .text.libgcc.fmul
                0x00000000        0x0 c:/program files (x86)/atmel/studio/7.0/toolchain/avr8/avr8-gnu-toolchain/bin/../lib/gcc/avr/5.4.0/avr5\libgcc.a(_clear_bss.o)
 .text.libgcc.fixed
                0x00000000        0x0 c:/program files (x86)/atmel/studio/7.0/toolchain/avr8/avr8-gnu-toolchain/bin/../lib/gcc/avr/5.4.0/avr5\libgcc.a(_clear_bss.o)
 .text          0x00000000        0x0 c:/program files (x86)/atmel/studio/7.0/toolchain/avr8/avr8-gnu-toolchain/bin/../lib/gcc/avr/5.4.0/avr5\libgcc.a(_umulhisi3.o)
 .data          0x00000000        0x0 c:/program files (x86)/atmel/studio/7.0/toolchain/avr8/avr8-gnu-toolchain/bin/../lib/gcc/avr/5.4.0/avr5\libgcc.a(_umulhisi3.o)
 .bss           0x00000000        0x0 c:/program files (x86)/atmel/studio/7.0/toolchain/avr8/avr8-gnu-toolchain/bin/../lib/gcc/avr/5.4.0/avr5\libgcc.a(_umulhisi3.o)
 .text.libgcc.div
                0x00000000        0x0 c:/program files (x86)/atmel/studio/7.0/toolchain/avr8/avr8-gnu-toolchain/bin/../lib/gcc/avr/5.4.0/avr5\libgcc.a(_umulhisi3.o)
 .text.libgcc   0x00000000        0x0 c:/program files (x86)/atmel/studio/7.0/toolchain/avr8/avr8-gnu-toolchain/bin/../lib/gcc/avr/5.4.0/avr5\libgcc.a(_umulhisi3.o)
 .text.libgcc.prologue
                0x00000000        0x0 c:/program files (x86)/atmel/studio/7.0/toolchain/avr8/avr8-gnu-toolchain/bin/../lib/gcc/avr/5.4.0/avr5\libgcc.a(_umulhisi3.o)
 .text.libgcc.builtins
                0x00000000        0x0 c:/program files (x86)/atmel/studio/7.0/toolchain/avr8/avr8-gnu-toolchain/bin/../lib/gcc/avr/5.4.0/avr5\libgcc.a(_umulhisi3.o)
 .text.libgcc.fmul
                0x00000000        0x0 c:/program files (x86)/atmel/studio/7.0/toolchain/avr8/avr8-gnu-toolchain/bin/../lib/gcc/avr/5.4.0/avr5\libgcc.a(_umulhisi3.o)
 .text.libgcc.fixed
                0x00000000        0x0 c:/program files (x86)/atmel/studio/7.0/toolchain/avr8/avr8-gnu-toolchain/bin/../lib/gcc/avr/5.4.0/avr5\libgcc.a(_umulhisi3.o)
 .text          0x00000000        0x0 c:/program files (x86)/atmel/studio/7.0/toolchain/avr8/avr8-gnu-toolchain/bin/../lib/gcc/avr/5.4.0/avr5\libgcc.a(_muluhisi3.o)
 .data          0x00000000        0x0 c:/program files (x86)/atmel/studio/7.0/toolchain/avr8/avr8-gnu-toolchain/bin/../lib/gcc/avr/5.4.0/avr5\libgcc.a(_muluhisi3.o)
 .bss           0x00000000        0x0 c:/program files (x86)/atmel/studio/7.0/toolchain/avr8/avr8-gnu-toolchain/bin/../lib/gcc/avr/5.4.0/avr5\libgcc.a(_muluhisi3.o)
 .text.libgcc.div
                0x00000000        0x0 c:/program files (x86)/atmel/studio/7.0/toolchain/avr8/avr8-gnu-toolchain/bin/../lib/gcc/avr/5.4.0/avr5\libgcc.a(_muluhisi3.o)
 .text.libgcc   0x00000000        0x0 c:/program files (x86)/atmel/studio/7.0/toolchain/avr8/avr8-gnu-toolchain/bin/../lib/gcc/avr/5.4.0/avr5\libgcc.a(_muluhisi3.o)
 .text.libgcc.prologue
                0x00000000        0x0 c:/program files (x86)/atmel/studio/7.0/toolchain/avr8/avr8-gnu-toolchain/bin/../lib/gcc/avr/5.4.0/avr5\libgcc.a(_muluhisi3.o)
 .text.libgcc.builtins
                0x00000000        0x0 c:/program files (x86)/atmel/studio/7.0/toolchain/avr8/avr8-gnu-toolchain/bin/../lib/gcc/avr/5.4.0/avr5\libgcc.a(_muluhisi3.o)
 .text.libgcc.fmul
                0x00000000        0x0 c:/program files (x86)/atmel/studio/7.0/toolchain/avr8/avr8-gnu-toolchain/bin/../lib/gcc/avr/5.4.0/avr5\libgcc.a(_muluhisi3.o)
 .text.libgcc.fixed
                0x00000000        0x0 c:/program files (x86)/atmel/studio/7.0/toolchain/avr8/avr8-gnu-toolchain/bin/../lib/gcc/avr/5.4.0/avr5\libgcc.a(_muluhisi3.o)
 .text          0x00000000        0x0 c:/program files (x86)/atmel/studio/7.0/toolchain/avr8/avr8-gnu-toolchain/bin/../lib/gcc/avr/5.4.0/../../../../avr/lib/avr5\libc.a(memset.o)
 .data          0x00000000        0x0 c:/program files (x86)/atmel/studio/7.0/toolchain/avr8/avr8-gnu-toolchain/bin/../lib/gcc/avr/5.4.0/../../../../avr/lib/avr5\libc.a(memset.o)
 .bss           0x00000000        0x0 c:/program files (x86)/atmel/studio/7.0/toolchain/avr8/avr8-gnu-toolchain/bin/../lib/gcc/avr/5.4.0/../../../../avr/lib/avr5\libc.a(memset.o)
 .text          0x00000000        0x0 c:/program files (x86)/atmel/studio/7.0/toolchain/avr8/avr8-gnu-toolchain/bin/../lib/gcc/avr/5.4.0/../../../../avr/lib/avr5\libc.a(strcmp.o)
 .data          0x00000000        0x0 c:/program files (x86)/atmel/studio/7.0/toolchain/avr8/avr8-gnu-toolchain/bin/../lib/gcc/avr/5.4.0/../../../../avr/lib/avr5\libc.a(strcmp.o)
 .bss           0x00000000        0x0 c:/program files (x86)/atmel/studio/7.0/toolchain/avr8/avr8-gnu-toolchain/bin/../lib/gcc/avr/5.4.0/../../../../avr/lib/avr5\libc.a(strcmp.o)
 .text          0x00000000        0x0 c:/program files (x86)/atmel/studio/7.0/toolchain/avr8/avr8-gnu-toolchain/bin/../lib/gcc/avr/5.4.0/../../../../avr/lib/avr5\libc.a(strcpy.o)
 .data          0x00000000        0x0 c:/program files (x86)/atmel/studio/7.0/toolchain/avr8/avr8-gnu-toolchain/bin/../lib/gcc/avr/5.4.0/../../../../avr/lib/avr5\libc.a(strcpy.o)
 .bss           0x00000000        0x0 c:/program files (x86)/atmel/studio/7.0/toolchain/avr8/avr8-gnu-toolchain/bin/../lib/gcc/avr/5.4.0/../../../../avr/lib/avr5\libc.a(strcpy.o)
 .text          0x00000000        0x0 c:/program files (x86)/atmel/studio/7.0/toolchain/avr8/avr8-gnu-toolchain/bin/../lib/gcc/avr/5.4.0/../../../../avr/lib/avr5\libc.a(strlen.o)
 .data          0x00000000        0x0 c:/program files (x86)/atmel/studio/7.0/toolchain/avr8/avr8-gnu-toolchain/bin/../lib/gcc/avr/5.4.0/../../../../avr/lib/avr5\libc.a(strlen.o)
 .bss           0x00000000        0x0 c:/program files (x86)/atmel/studio/7.0/toolchain/avr8/avr8-gnu-toolchain/bin/../lib/gcc/avr/5.4.0/../../../../avr/lib/avr5\libc.a(strlen.o)

Memory Configuration

Name             Origin             Length             Attributes
text             0x00000000         0x00020000         xr
data             0x00800060         0x0000ffa0         rw !x
eeprom           0x00810000         0x00010000         rw !x
fuse             0x00820000         0x00000002         rw !x
lock             0x00830000         0x00000400         rw !x
signature        0x00840000         0x00000400         rw !x
user_signatures  0x00850000         0x00000400         rw !x
*default*        0x00000000         0xffffffff

Linker script and memory map

LOAD C:/Program Files (x86)/Atmel/Studio/7.0/Packs/atmel/ATmega_DFP/1.2.209/gcc/dev/atmega32/avr5/crtatmega32.o
LOAD src/a2d.o
LOAD src/buffer.o
LOAD src/ff.o
LOAD src/handlers.o
LOAD src/lcd.o
LOAD src/main.o
LOAD src/MD_MIDIFile.o
LOAD src/MD_MIDIHelper.o
LOAD src/MD_MIDITrack.o
LOAD src/midi.o
LOAD src/mmc.o
LOAD src/rprintf.o
LOAD src/spi.o
LOAD src/timer.o
LOAD src/uart.o
START GROUP
LOAD c:/program files (x86)/atmel/studio/7.0/toolchain/avr8/avr8-gnu-toolchain/bin/../lib/gcc/avr/5.4.0/../../../../avr/lib/avr5\libm.a
END GROUP
START GROUP
LOAD c:/program files (x86)/atmel/studio/7.0/toolchain/avr8/avr8-gnu-toolchain/bin/../lib/gcc/avr/5.4.0/avr5\libgcc.a
LOAD c:/program files (x86)/atmel/studio/7.0/toolchain/avr8/avr8-gnu-toolchain/bin/../lib/gcc/avr/5.4.0/../../../../avr/lib/avr5\libm.a
LOAD c:/program files (x86)/atmel/studio/7.0/toolchain/avr8/avr8-gnu-toolchain/bin/../lib/gcc/avr/5.4.0/../../../../avr/lib/avr5\libc.a
LOAD C:/Program Files (x86)/Atmel/Studio/7.0/Packs/atmel/ATmega_DFP/1.2.209/gcc/dev/atmega32/avr5\libatmega32.a
END GROUP
                0x00020000                __TEXT_REGION_LENGTH__ = DEFINED (__TEXT_REGION_LENGTH__)?__TEXT_REGION_LENGTH__:0x20000
                0x0000ffa0                __DATA_REGION_LENGTH__ = DEFINED (__DATA_REGION_LENGTH__)?__DATA_REGION_LENGTH__:0xffa0
                0x00010000                __EEPROM_REGION_LENGTH__ = DEFINED (__EEPROM_REGION_LENGTH__)?__EEPROM_REGION_LENGTH__:0x10000
                [0x00000002]                __FUSE_REGION_LENGTH__ = DEFINED (__FUSE_REGION_LENGTH__)?__FUSE_REGION_LENGTH__:0x400
                0x00000400                __LOCK_REGION_LENGTH__ = DEFINED (__LOCK_REGION_LENGTH__)?__LOCK_REGION_LENGTH__:0x400
                0x00000400                __SIGNATURE_REGION_LENGTH__ = DEFINED (__SIGNATURE_REGION_LENGTH__)?__SIGNATURE_REGION_LENGTH__:0x400
                0x00000400                __USER_SIGNATURE_REGION_LENGTH__ = DEFINED (__USER_SIGNATURE_REGION_LENGTH__)?__USER_SIGNATURE_REGION_LENGTH__:0x400

.hash
 *(.hash)

.dynsym
 *(.dynsym)

.dynstr
 *(.dynstr)

.gnu.version
 *(.gnu.version)

.gnu.version_d
 *(.gnu.version_d)

.gnu.version_r
 *(.gnu.version_r)

.rel.init
 *(.rel.init)

.rela.init
 *(.rela.init)

.rel.text
 *(.rel.text)
 *(.rel.text.*)
 *(.rel.gnu.linkonce.t*)

.rela.text
 *(.rela.text)
 *(.rela.text.*)
 *(.rela.gnu.linkonce.t*)

.rel.fini
 *(.rel.fini)

.rela.fini
 *(.rela.fini)

.rel.rodata
 *(.rel.rodata)
 *(.rel.rodata.*)
 *(.rel.gnu.linkonce.r*)

.rela.rodata
 *(.rela.rodata)
 *(.rela.rodata.*)
 *(.rela.gnu.linkonce.r*)

.rel.data
 *(.rel.data)
 *(.rel.data.*)
 *(.rel.gnu.linkonce.d*)

.rela.data
 *(.rela.data)
 *(.rela.data.*)
 *(.rela.gnu.linkonce.d*)

.rel.ctors
 *(.rel.ctors)

.rela.ctors
 *(.rela.ctors)

.rel.dtors
 *(.rel.dtors)

.rela.dtors
 *(.rela.dtors)

.rel.got
 *(.rel.got)

.rela.got
 *(.rela.got)

.rel.bss
 *(.rel.bss)

.rela.bss
 *(.rela.bss)

.rel.plt
 *(.rel.plt)

.rela.plt
 *(.rela.plt)

.text           0x00000000     0x7bd8
 *(.vectors)
 .vectors       0x00000000       0x54 C:/Program Files (x86)/Atmel/Studio/7.0/Packs/atmel/ATmega_DFP/1.2.209/gcc/dev/atmega32/avr5/crtatmega32.o
                0x00000000                __vector_default
                0x00000000                __vectors
 *(.vectors)
 *(.progmem.gcc*)
 .progmem.gcc_sw_table.commandLen
                0x00000054      0x100 src/midi.o
 .progmem.gcc_sw_table.disk_ioctl
                0x00000154       0x1e src/mmc.o
                0x00000172                . = ALIGN (0x2)
                0x00000172                __trampolines_start = .
 *(.trampolines)
 .trampolines   0x00000172        0x0 linker stubs
 *(.trampolines*)
                0x00000172                __trampolines_end = .
 *libprintf_flt.a:*(.progmem.data)
 *libc.a:*(.progmem.data)
 *(.progmem*)
 .progmem.data.LcdCustomChar
                0x00000172       0x88 src/lcd.o
                0x00000172                LcdCustomChar
                0x000001fa                . = ALIGN (0x2)
 *(.jumptables)
 *(.jumptables*)
 *(.lowtext)
 *(.lowtext*)
                0x000001fa                __ctors_start = .
 *(.ctors)
                0x000001fa                __ctors_end = .
                0x000001fa                __dtors_start = .
 *(.dtors)
                0x000001fa                __dtors_end = .
 SORT(*)(.ctors)
 SORT(*)(.dtors)
 *(.init0)
 .init0         0x000001fa        0x0 C:/Program Files (x86)/Atmel/Studio/7.0/Packs/atmel/ATmega_DFP/1.2.209/gcc/dev/atmega32/avr5/crtatmega32.o
                0x000001fa                __init
 *(.init0)
 *(.init1)
 *(.init1)
 *(.init2)
 .init2         0x000001fa        0xc C:/Program Files (x86)/Atmel/Studio/7.0/Packs/atmel/ATmega_DFP/1.2.209/gcc/dev/atmega32/avr5/crtatmega32.o
 *(.init2)
 *(.init3)
 *(.init3)
 *(.init4)
 .init4         0x00000206       0x16 c:/program files (x86)/atmel/studio/7.0/toolchain/avr8/avr8-gnu-toolchain/bin/../lib/gcc/avr/5.4.0/avr5\libgcc.a(_copy_data.o)
                0x00000206                __do_copy_data
 .init4         0x0000021c       0x10 c:/program files (x86)/atmel/studio/7.0/toolchain/avr8/avr8-gnu-toolchain/bin/../lib/gcc/avr/5.4.0/avr5\libgcc.a(_clear_bss.o)
                0x0000021c                __do_clear_bss
 *(.init4)
 *(.init5)
 *(.init5)
 *(.init6)
 *(.init6)
 *(.init7)
 *(.init7)
 *(.init8)
 *(.init8)
 *(.init9)
 .init9         0x0000022c        0x8 C:/Program Files (x86)/Atmel/Studio/7.0/Packs/atmel/ATmega_DFP/1.2.209/gcc/dev/atmega32/avr5/crtatmega32.o
 *(.init9)
 *(.text)
 .text          0x00000234        0x4 C:/Program Files (x86)/Atmel/Studio/7.0/Packs/atmel/ATmega_DFP/1.2.209/gcc/dev/atmega32/avr5/crtatmega32.o
                0x00000234                __vector_1
                0x00000234                __vector_12
                0x00000234                __bad_interrupt
                0x00000234                __vector_3
                0x00000234                __vector_17
                0x00000234                __vector_19
                0x00000234                __vector_2
                0x00000234                __vector_14
                0x00000234                __vector_18
                0x00000234                __vector_20
                0x00000238                . = ALIGN (0x2)
 *(.text.*)
 .text.a2dInit  0x00000238       0x6a src/a2d.o
                0x00000238                a2dInit
 .text.a2dSetPrescaler
                0x000002a2       0x2e src/a2d.o
                0x000002a2                a2dSetPrescaler
 .text.a2dSetReference
                0x000002d0       0x44 src/a2d.o
                0x000002d0                a2dSetReference
 .text.a2dSetChannel
                0x00000314       0x30 src/a2d.o
                0x00000314                a2dSetChannel
 .text.a2dStartConvert
                0x00000344       0x34 src/a2d.o
                0x00000344                a2dStartConvert
 .text.__vector_16
                0x00000378       0x30 src/a2d.o
                0x00000378                __vector_16
 .text.bufferInit
                0x000003a8       0x7a src/buffer.o
                0x000003a8                bufferInit
 .text.bufferGetFromFront
                0x00000422       0xd6 src/buffer.o
                0x00000422                bufferGetFromFront
 .text.bufferAddToEnd
                0x000004f8       0xba src/buffer.o
                0x000004f8                bufferAddToEnd
 .text.mem_cpy  0x000005b2       0xb8 src/ff.o
 .text.mem_set  0x0000066a       0x64 src/ff.o
 .text.mem_cmp  0x000006ce       0x9e src/ff.o
 .text.chk_chr  0x0000076c       0x5c src/ff.o
 .text.move_window
                0x000007c8      0x1aa src/ff.o
 .text.sync     0x00000972      0x15e src/ff.o
 .text.clust2sect
                0x00000ad0       0xb4 src/ff.o
                0x00000ad0                clust2sect
 .text.get_fat  0x00000b84      0x2ba src/ff.o
                0x00000b84                get_fat
 .text.put_fat  0x00000e3e      0x362 src/ff.o
                0x00000e3e                put_fat
 .text.remove_chain
                0x000011a0      0x17c src/ff.o
 .text.create_chain
                0x0000131c      0x2fc src/ff.o
 .text.dir_sdi  0x00001618      0x2aa src/ff.o
 .text.dir_next
                0x000018c2      0x3a0 src/ff.o
 .text.dir_find
                0x00001c62       0xdc src/ff.o
 .text.dir_register
                0x00001d3e      0x10e src/ff.o
 .text.create_name
                0x00001e4c      0x296 src/ff.o
 .text.follow_path
                0x000020e2      0x1c4 src/ff.o
 .text.check_fs
                0x000022a6       0xbe src/ff.o
 .text.chk_mounted
                0x00002364      0x796 src/ff.o
 .text.validate
                0x00002afa       0x6c src/ff.o
 .text.f_mount  0x00002b66       0x80 src/ff.o
                0x00002b66                f_mount
 .text.f_open   0x00002be6      0x36a src/ff.o
                0x00002be6                f_open
 .text.f_read   0x00002f50      0x534 src/ff.o
                0x00002f50                f_read
 .text.f_sync   0x00003484      0x17c src/ff.o
                0x00003484                f_sync
 .text.f_close  0x00003600       0x38 src/ff.o
                0x00003600                f_close
 .text.f_lseek  0x00003638      0x5f2 src/ff.o
                0x00003638                f_lseek
 .text.rx_handler
                0x00003c2a       0x30 src/handlers.o
                0x00003c2a                rx_handler
 .text.get_fattime
                0x00003c5a       0x18 src/handlers.o
                0x00003c5a                get_fattime
 .text.configTimers
                0x00003c72       0x82 src/handlers.o
                0x00003c72                configTimers
 .text.resetTime
                0x00003cf4       0x34 src/handlers.o
                0x00003cf4                resetTime
 .text.getMicros
                0x00003d28       0x6c src/handlers.o
                0x00003d28                getMicros
 .text.addMillis
                0x00003d94       0xb2 src/handlers.o
                0x00003d94                addMillis
 .text.lcdInitHW
                0x00003e46       0xa0 src/lcd.o
                0x00003e46                lcdInitHW
 .text.lcdBusyWait
                0x00003ee6      0x1d0 src/lcd.o
                0x00003ee6                lcdBusyWait
 .text.lcdControlWrite
                0x000040b6      0x1a6 src/lcd.o
                0x000040b6                lcdControlWrite
 .text.lcdControlRead
                0x0000425c      0x174 src/lcd.o
                0x0000425c                lcdControlRead
 .text.lcdDataWrite
                0x000043d0      0x1a6 src/lcd.o
                0x000043d0                lcdDataWrite
 .text.lcdInit  0x00004576       0xa0 src/lcd.o
                0x00004576                lcdInit
 .text.lcdGotoXY
                0x00004616       0x68 src/lcd.o
                0x00004616                lcdGotoXY
 .text.lcdLoadCustomChar
                0x0000467e       0x9a src/lcd.o
                0x0000467e                lcdLoadCustomChar
 .text.lcdPrintData
                0x00004718       0x52 src/lcd.o
                0x00004718                lcdPrintData
 .text.main     0x0000476a      0x1ec src/main.o
                0x0000476a                main
 .text.setMidiHandler
                0x00004956       0x32 src/MD_MIDIFile.o
                0x00004956                setMidiHandler
 .text.setMetaHandler
                0x00004988       0x32 src/MD_MIDIFile.o
                0x00004988                setMetaHandler
 .text.setSysexHandler
                0x000049ba       0x32 src/MD_MIDIFile.o
                0x000049ba                setSysexHandler
 .text.synchTracks
                0x000049ec       0x72 src/MD_MIDIFile.o
                0x000049ec                synchTracks
 .text.closeMIDIFile
                0x00004a5e       0x8e src/MD_MIDIFile.o
                0x00004a5e                closeMIDIFile
 .text.setTimeSignature
                0x00004aec       0x48 src/MD_MIDIFile.o
                0x00004aec                setTimeSignature
 .text.setMicrosecondPerQuarterNote
                0x00004b34       0x62 src/MD_MIDIFile.o
                0x00004b34                setMicrosecondPerQuarterNote
 .text.calcTickTime
                0x00004b96       0xe2 src/MD_MIDIFile.o
                0x00004b96                calcTickTime
 .text.isEOF    0x00004c78       0x9a src/MD_MIDIFile.o
                0x00004c78                isEOF
 .text.restart  0x00004d12       0x8a src/MD_MIDIFile.o
                0x00004d12                restart
 .text.tickClock
                0x00004d9c      0x12e src/MD_MIDIFile.o
                0x00004d9c                tickClock
 .text.getNextEvent
                0x00004eca       0x80 src/MD_MIDIFile.o
                0x00004eca                getNextEvent
 .text.processEvents
                0x00004f4a       0xbe src/MD_MIDIFile.o
                0x00004f4a                processEvents
 .text.loadMIDIFile
                0x00005008      0x2ae src/MD_MIDIFile.o
                0x00005008                loadMIDIFile
 .text.setFilename
                0x000052b6       0x3c src/MD_MIDIFile.o
                0x000052b6                setFilename
 .text.readMultiByte
                0x000052f2       0x94 src/MD_MIDIHelper.o
                0x000052f2                readMultiByte
 .text.readVarLen
                0x00005386       0xc6 src/MD_MIDIHelper.o
                0x00005386                readVarLen
 .text.resetTrack
                0x0000544c       0x48 src/MD_MIDITrack.o
                0x0000544c                resetTrack
 .text.closeTrack
                0x00005494       0x22 src/MD_MIDITrack.o
                0x00005494                closeTrack
 .text.getEndOfTrack
                0x000054b6       0x20 src/MD_MIDITrack.o
                0x000054b6                getEndOfTrack
 .text.syncTime
                0x000054d6       0x28 src/MD_MIDITrack.o
                0x000054d6                syncTime
 .text.restartTrack
                0x000054fe       0x3e src/MD_MIDITrack.o
                0x000054fe                restartTrack
 .text.getNextTrackEvent
                0x0000553c      0x1b4 src/MD_MIDITrack.o
                0x0000553c                getNextTrackEvent
 .text.parseEvent
                0x000056f0      0x984 src/MD_MIDITrack.o
                0x000056f0                parseEvent
 .text.loadTrack
                0x00006074      0x118 src/MD_MIDITrack.o
                0x00006074                loadTrack
 .text.midiInit
                0x0000618c       0x16 src/midi.o
                0x0000618c                midiInit
 .text.readMidiMessage
                0x000061a2      0x126 src/midi.o
                0x000061a2                readMidiMessage
 .text.sendMidiMessage
                0x000062c8       0x3c src/midi.o
                0x000062c8                sendMidiMessage
 .text.sendMidiBuffer
                0x00006304       0x4a src/midi.o
                0x00006304                sendMidiBuffer
 .text.commandLen
                0x0000634e       0x62 src/midi.o
                0x0000634e                commandLen
 .text.metaFun  0x000063b0       0x1a src/midi.o
                0x000063b0                metaFun
 .text.sysexFun
                0x000063ca       0x1a src/midi.o
                0x000063ca                sysexFun
 .text.midiFun  0x000063e4       0x2e src/midi.o
                0x000063e4                midiFun
 .text.rcvr_spi
                0x00006412       0x2c src/mmc.o
 .text.wait_ready
                0x0000643e       0x32 src/mmc.o
 .text.deselect
                0x00006470       0x26 src/mmc.o
 .text.select   0x00006496       0x36 src/mmc.o
 .text.power_status
                0x000064cc       0x12 src/mmc.o
 .text.power_on
                0x000064de       0x10 src/mmc.o
 .text.power_off
                0x000064ee       0x10 src/mmc.o
 .text.rcvr_datablock
                0x000064fe      0x12c src/mmc.o
 .text.xmit_datablock
                0x0000662a       0xf4 src/mmc.o
 .text.send_cmd
                0x0000671e      0x152 src/mmc.o
 .text.disk_initialize
                0x00006870      0x1e8 src/mmc.o
                0x00006870                disk_initialize
 .text.disk_status
                0x00006a58       0x22 src/mmc.o
                0x00006a58                disk_status
 .text.disk_read
                0x00006a7a      0x11a src/mmc.o
                0x00006a7a                disk_read
 .text.disk_write
                0x00006b94      0x156 src/mmc.o
                0x00006b94                disk_write
 .text.disk_ioctl
                0x00006cea      0x44e src/mmc.o
                0x00006cea                disk_ioctl
 .text.disk_timerproc
                0x00007138       0x5e src/mmc.o
                0x00007138                disk_timerproc
 .text.spiInit  0x00007196       0xf6 src/spi.o
                0x00007196                spiInit
 .text.delay_us
                0x0000728c       0x68 src/timer.o
                0x0000728c                delay_us
 .text.timerAttach
                0x000072f4       0x3e src/timer.o
                0x000072f4                timerAttach
 .text.__vector_11
                0x00007332       0xba src/timer.o
                0x00007332                __vector_11
 .text.__vector_9
                0x000073ec       0x6e src/timer.o
                0x000073ec                __vector_9
 .text.__vector_5
                0x0000745a       0x94 src/timer.o
                0x0000745a                __vector_5
 .text.__vector_10
                0x000074ee       0x6e src/timer.o
                0x000074ee                __vector_10
 .text.__vector_7
                0x0000755c       0x6e src/timer.o
                0x0000755c                __vector_7
 .text.__vector_8
                0x000075ca       0x6e src/timer.o
                0x000075ca                __vector_8
 .text.__vector_6
                0x00007638       0x6e src/timer.o
                0x00007638                __vector_6
 .text.__vector_4
                0x000076a6       0x6e src/timer.o
                0x000076a6                __vector_4
 .text.uartInit
                0x00007714       0x50 src/uart.o
                0x00007714                uartInit
 .text.uartInitBuffers
                0x00007764       0x30 src/uart.o
                0x00007764                uartInitBuffers
 .text.uartSetRxHandler
                0x00007794       0x26 src/uart.o
                0x00007794                uartSetRxHandler
 .text.uartSetBaudRate
                0x000077ba       0xbe src/uart.o
                0x000077ba                uartSetBaudRate
 .text.uartSendByte
                0x00007878       0x2e src/uart.o
                0x00007878                uartSendByte
 .text.uartGetByte
                0x000078a6       0x2a src/uart.o
                0x000078a6                uartGetByte
 .text.uartReceiveByte
                0x000078d0       0x4c src/uart.o
                0x000078d0                uartReceiveByte
 .text.uartFlushReceiveBuffer
                0x0000791c       0x18 src/uart.o
                0x0000791c                uartFlushReceiveBuffer
 .text.uartReceiveBufferIsEmpty
                0x00007934       0x20 src/uart.o
                0x00007934                uartReceiveBufferIsEmpty
 .text.__vector_15
                0x00007954       0x96 src/uart.o
                0x00007954                __vector_15
 .text.__vector_13
                0x000079ea       0xa0 src/uart.o
                0x000079ea                __vector_13
 .text.libgcc.mul
                0x00007a8a       0x20 c:/program files (x86)/atmel/studio/7.0/toolchain/avr8/avr8-gnu-toolchain/bin/../lib/gcc/avr/5.4.0/avr5\libgcc.a(_mulsi3.o)
                0x00007a8a                __mulsi3
 .text.libgcc.div
                0x00007aaa       0x28 c:/program files (x86)/atmel/studio/7.0/toolchain/avr8/avr8-gnu-toolchain/bin/../lib/gcc/avr/5.4.0/avr5\libgcc.a(_udivmodhi4.o)
                0x00007aaa                __udivmodhi4
 .text.libgcc.div
                0x00007ad2       0x44 c:/program files (x86)/atmel/studio/7.0/toolchain/avr8/avr8-gnu-toolchain/bin/../lib/gcc/avr/5.4.0/avr5\libgcc.a(_udivmodsi4.o)
                0x00007ad2                __udivmodsi4
 .text.libgcc.div
                0x00007b16       0x2e c:/program files (x86)/atmel/studio/7.0/toolchain/avr8/avr8-gnu-toolchain/bin/../lib/gcc/avr/5.4.0/avr5\libgcc.a(_divmodsi4.o)
                0x00007b16                __divmodsi4
 .text.libgcc.div
                0x00007b44       0x10 c:/program files (x86)/atmel/studio/7.0/toolchain/avr8/avr8-gnu-toolchain/bin/../lib/gcc/avr/5.4.0/avr5\libgcc.a(_negsi2.o)
                0x00007b44                __negsi2
 .text.libgcc   0x00007b54        0xc c:/program files (x86)/atmel/studio/7.0/toolchain/avr8/avr8-gnu-toolchain/bin/../lib/gcc/avr/5.4.0/avr5\libgcc.a(_tablejump2.o)
                0x00007b54                __tablejump2__
 .text.libgcc.mul
                0x00007b60       0x1e c:/program files (x86)/atmel/studio/7.0/toolchain/avr8/avr8-gnu-toolchain/bin/../lib/gcc/avr/5.4.0/avr5\libgcc.a(_umulhisi3.o)
                0x00007b60                __umulhisi3
 .text.libgcc.mul
                0x00007b7e       0x16 c:/program files (x86)/atmel/studio/7.0/toolchain/avr8/avr8-gnu-toolchain/bin/../lib/gcc/avr/5.4.0/avr5\libgcc.a(_muluhisi3.o)
                0x00007b7e                __muluhisi3
 .text.avr-libc
                0x00007b94        0xe c:/program files (x86)/atmel/studio/7.0/toolchain/avr8/avr8-gnu-toolchain/bin/../lib/gcc/avr/5.4.0/../../../../avr/lib/avr5\libc.a(memset.o)
                0x00007b94                memset
 .text.avr-libc
                0x00007ba2       0x12 c:/program files (x86)/atmel/studio/7.0/toolchain/avr8/avr8-gnu-toolchain/bin/../lib/gcc/avr/5.4.0/../../../../avr/lib/avr5\libc.a(strcmp.o)
                0x00007ba2                strcmp
 .text.avr-libc
                0x00007bb4        0xe c:/program files (x86)/atmel/studio/7.0/toolchain/avr8/avr8-gnu-toolchain/bin/../lib/gcc/avr/5.4.0/../../../../avr/lib/avr5\libc.a(strcpy.o)
                0x00007bb4                strcpy
 .text.avr-libc
                0x00007bc2       0x12 c:/program files (x86)/atmel/studio/7.0/toolchain/avr8/avr8-gnu-toolchain/bin/../lib/gcc/avr/5.4.0/../../../../avr/lib/avr5\libc.a(strlen.o)
                0x00007bc2                strlen
                0x00007bd4                . = ALIGN (0x2)
 *(.fini9)
 .fini9         0x00007bd4        0x0 c:/program files (x86)/atmel/studio/7.0/toolchain/avr8/avr8-gnu-toolchain/bin/../lib/gcc/avr/5.4.0/avr5\libgcc.a(_exit.o)
                0x00007bd4                _exit
                0x00007bd4                exit
 *(.fini9)
 *(.fini8)
 *(.fini8)
 *(.fini7)
 *(.fini7)
 *(.fini6)
 *(.fini6)
 *(.fini5)
 *(.fini5)
 *(.fini4)
 *(.fini4)
 *(.fini3)
 *(.fini3)
 *(.fini2)
 *(.fini2)
 *(.fini1)
 *(.fini1)
 *(.fini0)
 .fini0         0x00007bd4        0x4 c:/program files (x86)/atmel/studio/7.0/toolchain/avr8/avr8-gnu-toolchain/bin/../lib/gcc/avr/5.4.0/avr5\libgcc.a(_exit.o)
 *(.fini0)
                0x00007bd8                _etext = .

.data           0x00800060      0x12a load address 0x00007bd8
                0x00800060                PROVIDE (__data_start, .)
 *(.data)
 *(.data*)
 .data.Stat     0x00800060        0x1 src/mmc.o
 *(.gnu.linkonce.d*)
 *(.rodata)
 .rodata        0x00800061        0xf src/ff.o
 .rodata        0x00800070       0x3c src/main.o
 .rodata        0x008000ac        0x6 src/MD_MIDIFile.o
 .rodata        0x008000b2       0x58 src/MD_MIDITrack.o
 *(.rodata*)
 .rodata.excvt.1925
                0x0080010a       0x80 src/ff.o
 *(.gnu.linkonce.r*)
                0x0080018a                . = ALIGN (0x2)
                0x0080018a                _edata = .
                0x0080018a                PROVIDE (__data_end, .)

.bss            0x0080018a      0x2fe
                0x0080018a                PROVIDE (__bss_start, .)
 *(.bss)
 *(.bss*)
 .bss.FatFs     0x0080018a        0x2 src/ff.o
 .bss.Fsid      0x0080018c        0x2 src/ff.o
 .bss.CurrVol   0x0080018e        0x1 src/ff.o
 .bss._millis   0x0080018f        0x4 src/handlers.o
 .bss._seconds  0x00800193        0x4 src/handlers.o
 .bss.noteEvent
                0x00800197        0x1 src/midi.o
                0x00800197                noteEvent
 .bss.Timer1    0x00800198        0x1 src/mmc.o
 .bss.Timer2    0x00800199        0x1 src/mmc.o
 .bss.CardType  0x0080019a        0x1 src/mmc.o
 .bss.TimerIntFunc
                0x0080019b       0x10 src/timer.o
 .bss.uartRxData
                0x008001ab       0x40 src/uart.o
 .bss.uartTxData
                0x008001eb       0x40 src/uart.o
 .bss.UartRxFunc
                0x0080022b        0x2 src/uart.o
 *(COMMON)
 COMMON         0x0080022d        0x1 src/a2d.o
                0x0080022d                a2dCompleteFlag
 COMMON         0x0080022e      0x232 src/main.o
                0x0080022e                Fatfs
 COMMON         0x00800460        0x6 src/midi.o
                0x00800460                midiState
                0x00800461                midiReadIndex
                0x00800462                midiBytesToIgnore
                0x00800463                midiEvent
 COMMON         0x00800466        0x1 src/spi.o
                0x00800466                spiTransferComplete
 COMMON         0x00800467        0xc src/timer.o
                0x00800467                Timer0Reg0
                0x0080046b                TimerPauseReg
                0x0080046f                Timer2Reg0
 COMMON         0x00800473       0x15 src/uart.o
                0x00800473                uartReadyTx
                0x00800474                uartRxBuffer
                0x0080047c                uartBufferIndex
                0x0080047d                uartBufferedTx
                0x0080047e                uartTxBuffer
                0x00800486                uartRxOverflow
                0x00800488                PROVIDE (__bss_end, .)
                0x00007bd8                __data_load_start = LOADADDR (.data)
                0x00007d02                __data_load_end = (__data_load_start + SIZEOF (.data))

.noinit         0x00800488        0x0
                [!provide]                PROVIDE (__noinit_start, .)
 *(.noinit*)
                [!provide]                PROVIDE (__noinit_end, .)
                0x00800488                _end = .
                [!provide]                PROVIDE (__heap_start, .)

.eeprom         0x00810000        0x0
 *(.eeprom*)
                0x00810000                __eeprom_end = .

.fuse
 *(.fuse)
 *(.lfuse)
 *(.hfuse)
 *(.efuse)

.lock
 *(.lock*)

.signature
 *(.signature*)

.user_signatures
 *(.user_signatures*)

.stab
 *(.stab)

.stabstr
 *(.stabstr)

.stab.excl
 *(.stab.excl)

.stab.exclstr
 *(.stab.exclstr)

.stab.index
 *(.stab.index)

.stab.indexstr
 *(.stab.indexstr)

.comment        0x00000000       0x30
 *(.comment)
 .comment       0x00000000       0x30 src/a2d.o
                                 0x31 (size before relaxing)
 .comment       0x00000030       0x31 src/buffer.o
 .comment       0x00000030       0x31 src/ff.o
 .comment       0x00000030       0x31 src/handlers.o
 .comment       0x00000030       0x31 src/lcd.o
 .comment       0x00000030       0x31 src/main.o
 .comment       0x00000030       0x31 src/MD_MIDIFile.o
 .comment       0x00000030       0x31 src/MD_MIDIHelper.o
 .comment       0x00000030       0x31 src/MD_MIDITrack.o
 .comment       0x00000030       0x31 src/midi.o
 .comment       0x00000030       0x31 src/mmc.o
 .comment       0x00000030       0x31 src/spi.o
 .comment       0x00000030       0x31 src/timer.o
 .comment       0x00000030       0x31 src/uart.o

.note.gnu.avr.deviceinfo
                0x00000000       0x3c
 .note.gnu.avr.deviceinfo
                0x00000000       0x3c C:/Program Files (x86)/Atmel/Studio/7.0/Packs/atmel/ATmega_DFP/1.2.209/gcc/dev/atmega32/avr5/crtatmega32.o

.note.gnu.build-id
 *(.note.gnu.build-id)

.debug
 *(.debug)

.line
 *(.line)

.debug_srcinfo
 *(.debug_srcinfo)

.debug_sfnames
 *(.debug_sfnames)

.debug_aranges  0x00000000      0x7a0
 *(.debug_aranges)
 .debug_aranges
                0x00000000       0x68 src/a2d.o
 .debug_aranges
                0x00000068       0x50 src/buffer.o
 .debug_aranges
                0x000000b8      0x190 src/ff.o
 .debug_aranges
                0x00000248       0x68 src/handlers.o
 .debug_aranges
                0x000002b0       0x80 src/lcd.o
 .debug_aranges
                0x00000330       0x28 src/main.o
 .debug_aranges
                0x00000358       0xc0 src/MD_MIDIFile.o
 .debug_aranges
                0x00000418       0x28 src/MD_MIDIHelper.o
 .debug_aranges
                0x00000440       0x60 src/MD_MIDITrack.o
 .debug_aranges
                0x000004a0       0x68 src/midi.o
 .debug_aranges
                0x00000508       0x98 src/mmc.o
 .debug_aranges
                0x000005a0       0x38 src/spi.o
 .debug_aranges
                0x000005d8      0x130 src/timer.o
 .debug_aranges
                0x00000708       0x98 src/uart.o

.debug_pubnames
 *(.debug_pubnames)

.debug_info     0x00000000     0x6599
 *(.debug_info .gnu.linkonce.wi.*)
 .debug_info    0x00000000      0x4e6 C:/Program Files (x86)/Atmel/Studio/7.0/Packs/atmel/ATmega_DFP/1.2.209/gcc/dev/atmega32/avr5/crtatmega32.o
 .debug_info    0x000004e6      0x1fa src/a2d.o
 .debug_info    0x000006e0      0x2e2 src/buffer.o
 .debug_info    0x000009c2     0x1af2 src/ff.o
 .debug_info    0x000024b4      0x31d src/handlers.o
 .debug_info    0x000027d1      0x3a0 src/lcd.o
 .debug_info    0x00002b71      0x9bd src/main.o
 .debug_info    0x0000352e      0xc59 src/MD_MIDIFile.o
 .debug_info    0x00004187      0x42b src/MD_MIDIHelper.o
 .debug_info    0x000045b2      0xa8b src/MD_MIDITrack.o
 .debug_info    0x0000503d      0x41f src/midi.o
 .debug_info    0x0000545c      0x536 src/mmc.o
 .debug_info    0x00005992      0x15d src/spi.o
 .debug_info    0x00005aef      0x677 src/timer.o
 .debug_info    0x00006166      0x433 src/uart.o

.debug_abbrev   0x00000000     0x1ae0
 *(.debug_abbrev)
 .debug_abbrev  0x00000000      0x4a3 C:/Program Files (x86)/Atmel/Studio/7.0/Packs/atmel/ATmega_DFP/1.2.209/gcc/dev/atmega32/avr5/crtatmega32.o
 .debug_abbrev  0x000004a3      0x118 src/a2d.o
 .debug_abbrev  0x000005bb       0xcc src/buffer.o
 .debug_abbrev  0x00000687      0x1dc src/ff.o
 .debug_abbrev  0x00000863      0x1a0 src/handlers.o
 .debug_abbrev  0x00000a03      0x178 src/lcd.o
 .debug_abbrev  0x00000b7b      0x1f5 src/main.o
 .debug_abbrev  0x00000d70      0x261 src/MD_MIDIFile.o
 .debug_abbrev  0x00000fd1      0x139 src/MD_MIDIHelper.o
 .debug_abbrev  0x0000110a      0x254 src/MD_MIDITrack.o
 .debug_abbrev  0x0000135e      0x17a src/midi.o
 .debug_abbrev  0x000014d8      0x1db src/mmc.o
 .debug_abbrev  0x000016b3       0xe6 src/spi.o
 .debug_abbrev  0x00001799      0x1ca src/timer.o
 .debug_abbrev  0x00001963      0x17d src/uart.o

.debug_line     0x00000000     0x5ec9
 *(.debug_line .debug_line.* .debug_line_end)
 .debug_line    0x00000000      0x115 C:/Program Files (x86)/Atmel/Studio/7.0/Packs/atmel/ATmega_DFP/1.2.209/gcc/dev/atmega32/avr5/crtatmega32.o
 .debug_line    0x00000115      0x222 src/a2d.o
 .debug_line    0x00000337      0x243 src/buffer.o
 .debug_line    0x0000057a     0x276d src/ff.o
 .debug_line    0x00002ce7      0x2ea src/handlers.o
 .debug_line    0x00002fd1      0x586 src/lcd.o
 .debug_line    0x00003557      0x261 src/main.o
 .debug_line    0x000037b8      0x757 src/MD_MIDIFile.o
 .debug_line    0x00003f0f      0x148 src/MD_MIDIHelper.o
 .debug_line    0x00004057      0x589 src/MD_MIDITrack.o
 .debug_line    0x000045e0      0x317 src/midi.o
 .debug_line    0x000048f7      0xa33 src/mmc.o
 .debug_line    0x0000532a      0x1a1 src/spi.o
 .debug_line    0x000054cb      0x64c src/timer.o
 .debug_line    0x00005b17      0x3b2 src/uart.o

.debug_frame    0x00000000     0x1e94
 *(.debug_frame)
 .debug_frame   0x00000000      0x160 src/a2d.o
 .debug_frame   0x00000160       0xf4 src/buffer.o
 .debug_frame   0x00000254      0x6a0 src/ff.o
 .debug_frame   0x000008f4      0x154 src/handlers.o
 .debug_frame   0x00000a48      0x1d4 src/lcd.o
 .debug_frame   0x00000c1c       0x6c src/main.o
 .debug_frame   0x00000c88      0x2c8 src/MD_MIDIFile.o
 .debug_frame   0x00000f50       0x54 src/MD_MIDIHelper.o
 .debug_frame   0x00000fa4      0x148 src/MD_MIDITrack.o
 .debug_frame   0x000010ec      0x154 src/midi.o
 .debug_frame   0x00001240      0x23c src/mmc.o
 .debug_frame   0x0000147c       0x94 src/spi.o
 .debug_frame   0x00001510      0x6b4 src/timer.o
 .debug_frame   0x00001bc4      0x2d0 src/uart.o

.debug_str      0x00000000     0x166f
 *(.debug_str)
 .debug_str     0x00000000      0x196 C:/Program Files (x86)/Atmel/Studio/7.0/Packs/atmel/ATmega_DFP/1.2.209/gcc/dev/atmega32/avr5/crtatmega32.o
 .debug_str     0x00000196      0x1fb src/a2d.o
                                0x234 (size before relaxing)
 .debug_str     0x00000391       0xcf src/buffer.o
                                0x267 (size before relaxing)
 .debug_str     0x00000460      0x4d6 src/ff.o
                                0x69b (size before relaxing)
 .debug_str     0x00000936       0xfe src/handlers.o
                                0x2c5 (size before relaxing)
 .debug_str     0x00000a34      0x124 src/lcd.o
                                0x2cb (size before relaxing)
 .debug_str     0x00000b58      0x211 src/main.o
                                0x61f (size before relaxing)
 .debug_str     0x00000d69      0x18a src/MD_MIDIFile.o
                                0x698 (size before relaxing)
 .debug_str     0x00000ef3       0x30 src/MD_MIDIHelper.o
                                0x3ad (size before relaxing)
 .debug_str     0x00000f23       0xa4 src/MD_MIDITrack.o
                                0x5d3 (size before relaxing)
 .debug_str     0x00000fc7       0xcf src/midi.o
                                0x2ab (size before relaxing)
 .debug_str     0x00001096       0xf0 src/mmc.o
                                0x2e5 (size before relaxing)
 .debug_str     0x00001186       0x5c src/spi.o
                                0x1e0 (size before relaxing)
 .debug_str     0x000011e2      0x2e5 src/timer.o
                                0x488 (size before relaxing)
 .debug_str     0x000014c7      0x1a8 src/uart.o
                                0x387 (size before relaxing)

.debug_loc      0x00000000     0x409a
 *(.debug_loc)
 .debug_loc     0x00000000      0x2b6 src/a2d.o
 .debug_loc     0x000002b6      0x1f7 src/buffer.o
 .debug_loc     0x000004ad      0xeac src/ff.o
 .debug_loc     0x00001359      0x28f src/handlers.o
 .debug_loc     0x000015e8      0x38c src/lcd.o
 .debug_loc     0x00001974       0xc4 src/main.o
 .debug_loc     0x00001a38      0x619 src/MD_MIDIFile.o
 .debug_loc     0x00002051       0x8e src/MD_MIDIHelper.o
 .debug_loc     0x000020df      0x2ba src/MD_MIDITrack.o
 .debug_loc     0x00002399      0x2b6 src/midi.o
 .debug_loc     0x0000264f      0x46e src/mmc.o
 .debug_loc     0x00002abd      0x113 src/spi.o
 .debug_loc     0x00002bd0      0xed1 src/timer.o
 .debug_loc     0x00003aa1      0x5f9 src/uart.o

.debug_macinfo
 *(.debug_macinfo)

.debug_weaknames
 *(.debug_weaknames)

.debug_funcnames
 *(.debug_funcnames)

.debug_typenames
 *(.debug_typenames)

.debug_varnames
 *(.debug_varnames)

.debug_pubtypes
 *(.debug_pubtypes)

.debug_ranges   0x00000000      0x6c0
 *(.debug_ranges)
 .debug_ranges  0x00000000       0x58 src/a2d.o
 .debug_ranges  0x00000058       0x40 src/buffer.o
 .debug_ranges  0x00000098      0x180 src/ff.o
 .debug_ranges  0x00000218       0x58 src/handlers.o
 .debug_ranges  0x00000270       0x70 src/lcd.o
 .debug_ranges  0x000002e0       0x18 src/main.o
 .debug_ranges  0x000002f8       0xb0 src/MD_MIDIFile.o
 .debug_ranges  0x000003a8       0x18 src/MD_MIDIHelper.o
 .debug_ranges  0x000003c0       0x50 src/MD_MIDITrack.o
 .debug_ranges  0x00000410       0x58 src/midi.o
 .debug_ranges  0x00000468       0x88 src/mmc.o
 .debug_ranges  0x000004f0       0x28 src/spi.o
 .debug_ranges  0x00000518      0x120 src/timer.o
 .debug_ranges  0x00000638       0x88 src/uart.o

.debug_macro
 *(.debug_macro)
OUTPUT(Ketron32.elf elf32-avr)
LOAD linker stubs
