Archive member included to satisfy reference by file (symbol)

c:/program files (x86)/atmel/studio/7.0/toolchain/avr8/avr8-gnu-toolchain/bin/../lib/gcc/avr/5.4.0/../../../../avr/lib/avr5\libm.a(divsf3.o)
                              src/midi.o (__divsf3)
c:/program files (x86)/atmel/studio/7.0/toolchain/avr8/avr8-gnu-toolchain/bin/../lib/gcc/avr/5.4.0/../../../../avr/lib/avr5\libm.a(divsf3x.o)
                              c:/program files (x86)/atmel/studio/7.0/toolchain/avr8/avr8-gnu-toolchain/bin/../lib/gcc/avr/5.4.0/../../../../avr/lib/avr5\libm.a(divsf3.o) (__divsf3x)
c:/program files (x86)/atmel/studio/7.0/toolchain/avr8/avr8-gnu-toolchain/bin/../lib/gcc/avr/5.4.0/../../../../avr/lib/avr5\libm.a(fixunssfsi.o)
                              src/midi.o (__fixunssfsi)
c:/program files (x86)/atmel/studio/7.0/toolchain/avr8/avr8-gnu-toolchain/bin/../lib/gcc/avr/5.4.0/../../../../avr/lib/avr5\libm.a(floatsisf.o)
                              src/midi.o (__floatunsisf)
c:/program files (x86)/atmel/studio/7.0/toolchain/avr8/avr8-gnu-toolchain/bin/../lib/gcc/avr/5.4.0/../../../../avr/lib/avr5\libm.a(fp_inf.o)
                              c:/program files (x86)/atmel/studio/7.0/toolchain/avr8/avr8-gnu-toolchain/bin/../lib/gcc/avr/5.4.0/../../../../avr/lib/avr5\libm.a(divsf3x.o) (__fp_inf)
c:/program files (x86)/atmel/studio/7.0/toolchain/avr8/avr8-gnu-toolchain/bin/../lib/gcc/avr/5.4.0/../../../../avr/lib/avr5\libm.a(fp_nan.o)
                              c:/program files (x86)/atmel/studio/7.0/toolchain/avr8/avr8-gnu-toolchain/bin/../lib/gcc/avr/5.4.0/../../../../avr/lib/avr5\libm.a(divsf3x.o) (__fp_nan)
c:/program files (x86)/atmel/studio/7.0/toolchain/avr8/avr8-gnu-toolchain/bin/../lib/gcc/avr/5.4.0/../../../../avr/lib/avr5\libm.a(fp_pscA.o)
                              c:/program files (x86)/atmel/studio/7.0/toolchain/avr8/avr8-gnu-toolchain/bin/../lib/gcc/avr/5.4.0/../../../../avr/lib/avr5\libm.a(divsf3x.o) (__fp_pscA)
c:/program files (x86)/atmel/studio/7.0/toolchain/avr8/avr8-gnu-toolchain/bin/../lib/gcc/avr/5.4.0/../../../../avr/lib/avr5\libm.a(fp_pscB.o)
                              c:/program files (x86)/atmel/studio/7.0/toolchain/avr8/avr8-gnu-toolchain/bin/../lib/gcc/avr/5.4.0/../../../../avr/lib/avr5\libm.a(divsf3x.o) (__fp_pscB)
c:/program files (x86)/atmel/studio/7.0/toolchain/avr8/avr8-gnu-toolchain/bin/../lib/gcc/avr/5.4.0/../../../../avr/lib/avr5\libm.a(fp_round.o)
                              c:/program files (x86)/atmel/studio/7.0/toolchain/avr8/avr8-gnu-toolchain/bin/../lib/gcc/avr/5.4.0/../../../../avr/lib/avr5\libm.a(divsf3.o) (__fp_round)
c:/program files (x86)/atmel/studio/7.0/toolchain/avr8/avr8-gnu-toolchain/bin/../lib/gcc/avr/5.4.0/../../../../avr/lib/avr5\libm.a(fp_split3.o)
                              c:/program files (x86)/atmel/studio/7.0/toolchain/avr8/avr8-gnu-toolchain/bin/../lib/gcc/avr/5.4.0/../../../../avr/lib/avr5\libm.a(divsf3x.o) (__fp_split3)
c:/program files (x86)/atmel/studio/7.0/toolchain/avr8/avr8-gnu-toolchain/bin/../lib/gcc/avr/5.4.0/../../../../avr/lib/avr5\libm.a(fp_zero.o)
                              c:/program files (x86)/atmel/studio/7.0/toolchain/avr8/avr8-gnu-toolchain/bin/../lib/gcc/avr/5.4.0/../../../../avr/lib/avr5\libm.a(fixunssfsi.o) (__fp_zero)
c:/program files (x86)/atmel/studio/7.0/toolchain/avr8/avr8-gnu-toolchain/bin/../lib/gcc/avr/5.4.0/../../../../avr/lib/avr5\libm.a(mulsf3.o)
                              src/midi.o (__mulsf3)
c:/program files (x86)/atmel/studio/7.0/toolchain/avr8/avr8-gnu-toolchain/bin/../lib/gcc/avr/5.4.0/../../../../avr/lib/avr5\libm.a(mulsf3x.o)
                              c:/program files (x86)/atmel/studio/7.0/toolchain/avr8/avr8-gnu-toolchain/bin/../lib/gcc/avr/5.4.0/../../../../avr/lib/avr5\libm.a(mulsf3.o) (__mulsf3x)
c:/program files (x86)/atmel/studio/7.0/toolchain/avr8/avr8-gnu-toolchain/bin/../lib/gcc/avr/5.4.0/avr5\libgcc.a(_udivmodhi4.o)
                              src/buffer.o (__udivmodhi4)
c:/program files (x86)/atmel/studio/7.0/toolchain/avr8/avr8-gnu-toolchain/bin/../lib/gcc/avr/5.4.0/avr5\libgcc.a(_udivmodsi4.o)
                              src/ff.o (__udivmodsi4)
c:/program files (x86)/atmel/studio/7.0/toolchain/avr8/avr8-gnu-toolchain/bin/../lib/gcc/avr/5.4.0/avr5\libgcc.a(_divmodsi4.o)
                              src/MD_MIDIFile.o (__divmodsi4)
c:/program files (x86)/atmel/studio/7.0/toolchain/avr8/avr8-gnu-toolchain/bin/../lib/gcc/avr/5.4.0/avr5\libgcc.a(_negsi2.o)
                              c:/program files (x86)/atmel/studio/7.0/toolchain/avr8/avr8-gnu-toolchain/bin/../lib/gcc/avr/5.4.0/avr5\libgcc.a(_divmodsi4.o) (__negsi2)
c:/program files (x86)/atmel/studio/7.0/toolchain/avr8/avr8-gnu-toolchain/bin/../lib/gcc/avr/5.4.0/avr5\libgcc.a(_exit.o)
                              C:/Program Files (x86)/Atmel/Studio/7.0/Packs/atmel/ATmega_DFP/1.2.209/gcc/dev/atmega32/avr5/crtatmega32.o (exit)
c:/program files (x86)/atmel/studio/7.0/toolchain/avr8/avr8-gnu-toolchain/bin/../lib/gcc/avr/5.4.0/avr5\libgcc.a(_tablejump2.o)
                              src/ff.o (__tablejump2__)
c:/program files (x86)/atmel/studio/7.0/toolchain/avr8/avr8-gnu-toolchain/bin/../lib/gcc/avr/5.4.0/avr5\libgcc.a(_copy_data.o)
                              src/ff.o (__do_copy_data)
c:/program files (x86)/atmel/studio/7.0/toolchain/avr8/avr8-gnu-toolchain/bin/../lib/gcc/avr/5.4.0/avr5\libgcc.a(_clear_bss.o)
                              src/a2d.o (__do_clear_bss)
c:/program files (x86)/atmel/studio/7.0/toolchain/avr8/avr8-gnu-toolchain/bin/../lib/gcc/avr/5.4.0/avr5\libgcc.a(_umulhisi3.o)
                              src/timer.o (__umulhisi3)
c:/program files (x86)/atmel/studio/7.0/toolchain/avr8/avr8-gnu-toolchain/bin/../lib/gcc/avr/5.4.0/avr5\libgcc.a(_muluhisi3.o)
                              src/ff.o (__muluhisi3)
c:/program files (x86)/atmel/studio/7.0/toolchain/avr8/avr8-gnu-toolchain/bin/../lib/gcc/avr/5.4.0/avr5\libgcc.a(_umulsidi3.o)
                              src/handlers.o (__umulsidi3)
c:/program files (x86)/atmel/studio/7.0/toolchain/avr8/avr8-gnu-toolchain/bin/../lib/gcc/avr/5.4.0/avr5\libgcc.a(_ashrdi3.o)
                              src/handlers.o (__lshrdi3)
c:/program files (x86)/atmel/studio/7.0/toolchain/avr8/avr8-gnu-toolchain/bin/../lib/gcc/avr/5.4.0/avr5\libgcc.a(_muldi3_6.o)
                              c:/program files (x86)/atmel/studio/7.0/toolchain/avr8/avr8-gnu-toolchain/bin/../lib/gcc/avr/5.4.0/avr5\libgcc.a(_umulsidi3.o) (__muldi3_6)
c:/program files (x86)/atmel/studio/7.0/toolchain/avr8/avr8-gnu-toolchain/bin/../lib/gcc/avr/5.4.0/../../../../avr/lib/avr5\libc.a(malloc.o)
                              src/main.o (malloc)
c:/program files (x86)/atmel/studio/7.0/toolchain/avr8/avr8-gnu-toolchain/bin/../lib/gcc/avr/5.4.0/../../../../avr/lib/avr5\libc.a(strcmp.o)
                              src/MD_MIDIFile.o (strcmp)
c:/program files (x86)/atmel/studio/7.0/toolchain/avr8/avr8-gnu-toolchain/bin/../lib/gcc/avr/5.4.0/../../../../avr/lib/avr5\libc.a(strcpy.o)
                              src/MD_MIDIFile.o (strcpy)
c:/program files (x86)/atmel/studio/7.0/toolchain/avr8/avr8-gnu-toolchain/bin/../lib/gcc/avr/5.4.0/../../../../avr/lib/avr5\libc.a(strncpy.o)
                              src/handlers.o (strncpy)
c:/program files (x86)/atmel/studio/7.0/toolchain/avr8/avr8-gnu-toolchain/bin/../lib/gcc/avr/5.4.0/../../../../avr/lib/avr5\libc.a(strstr.o)
                              src/handlers.o (strstr)
C:/Program Files (x86)/Atmel/Studio/7.0/Packs/atmel/ATmega_DFP/1.2.209/gcc/dev/atmega32/avr5\libatmega32.a(eerd_block.o)
                              src/handlers.o (eeprom_read_block)

Allocating common symbols
Common symbol       size              file

uartReadyTx         0x1               src/uart.o
Fatfs               0x232             src/main.o
fileVolume          0x1               src/midi.o
midiState           0x1               src/midi.o
midiReadIndex       0x1               src/midi.o
Timer0Reg0          0x4               src/timer.o
uartRxBuffer        0x8               src/uart.o
TimerPauseReg       0x4               src/timer.o
__brkval            0x2               c:/program files (x86)/atmel/studio/7.0/toolchain/avr8/avr8-gnu-toolchain/bin/../lib/gcc/avr/5.4.0/../../../../avr/lib/avr5\libc.a(malloc.o)
uartBufferIndex     0x1               src/uart.o
Timer2Reg0          0x4               src/timer.o
spiTransferComplete
                    0x1               src/spi.o
midiBytesToIgnore   0x1               src/midi.o
uartBufferedTx      0x1               src/uart.o
playVolume          0x1               src/midi.o
a2dCompleteFlag     0x1               src/a2d.o
indstr              0x11              src/handlers.o
SRAMBuf             0x20              src/SRAMDriver.o
work_event          0xb               src/midi.o
__flp               0x2               c:/program files (x86)/atmel/studio/7.0/toolchain/avr8/avr8-gnu-toolchain/bin/../lib/gcc/avr/5.4.0/../../../../avr/lib/avr5\libc.a(malloc.o)
uartTxBuffer        0x8               src/uart.o
uartRxOverflow      0x2               src/uart.o

Discarded input sections

 .data          0x00000000        0x0 C:/Program Files (x86)/Atmel/Studio/7.0/Packs/atmel/ATmega_DFP/1.2.209/gcc/dev/atmega32/avr5/crtatmega32.o
 .bss           0x00000000        0x0 C:/Program Files (x86)/Atmel/Studio/7.0/Packs/atmel/ATmega_DFP/1.2.209/gcc/dev/atmega32/avr5/crtatmega32.o
 .text          0x00000000        0x0 src/a2d.o
 .data          0x00000000        0x0 src/a2d.o
 .bss           0x00000000        0x0 src/a2d.o
 .text.a2dOff   0x00000000        0x6 src/a2d.o
 .text.a2dIsComplete
                0x00000000        0x6 src/a2d.o
 .text          0x00000000        0x0 src/buffer.o
 .data          0x00000000        0x0 src/buffer.o
 .bss           0x00000000        0x0 src/buffer.o
 .text.bufferDumpFromFront
                0x00000000       0x40 src/buffer.o
 .text.bufferGetAtIndex
                0x00000000       0x26 src/buffer.o
 .text.bufferIsNotFull
                0x00000000       0x16 src/buffer.o
 .text.bufferFlush
                0x00000000        0xe src/buffer.o
 .text          0x00000000        0x0 src/ff.o
 .data          0x00000000        0x0 src/ff.o
 .bss           0x00000000        0x0 src/ff.o
 .text.dir_remove
                0x00000000       0x3c src/ff.o
 .text.f_chdrive
                0x00000000        0xe src/ff.o
 .text.f_chdir  0x00000000       0xba src/ff.o
 .text.f_stat   0x00000000       0x7e src/ff.o
 .text.f_getfree
                0x00000000      0x208 src/ff.o
 .text.f_truncate
                0x00000000      0x122 src/ff.o
 .text.f_unlink
                0x00000000      0x174 src/ff.o
 .text.f_mkdir  0x00000000      0x290 src/ff.o
 .text.f_chmod  0x00000000       0x98 src/ff.o
 .text.f_utime  0x00000000       0xa4 src/ff.o
 .text.f_rename
                0x00000000      0x1ee src/ff.o
 .text.f_gets   0x00000000       0xa8 src/ff.o
 .text.f_putc   0x00000000       0x4a src/ff.o
 .text.f_puts   0x00000000       0x4c src/ff.o
 .text.f_printf
                0x00000000      0x3b0 src/ff.o
 .progmem.gcc_sw_table.f_printf
                0x00000000       0x2e src/ff.o
 .text          0x00000000        0x0 src/handlers.o
 .data          0x00000000        0x0 src/handlers.o
 .bss           0x00000000        0x0 src/handlers.o
 .text.toggleLed
                0x00000000        0xa src/handlers.o
 .text.getMillis
                0x00000000       0x18 src/handlers.o
 .text.createSoundList
                0x00000000       0x66 src/handlers.o
 .text.WriteVarLen
                0x00000000       0xba src/handlers.o
 .text.closeFile
                0x00000000        0x2 src/handlers.o
 COMMON         0x00000000       0x11 src/handlers.o
 .text          0x00000000        0x0 src/lcd.o
 .data          0x00000000        0x0 src/lcd.o
 .bss           0x00000000        0x0 src/lcd.o
 .text.lcdDataRead
                0x00000000       0xd4 src/lcd.o
 .text.lcdHome  0x00000000        0x8 src/lcd.o
 .text.lcdProgressBar
                0x00000000       0xba src/lcd.o
 .text          0x00000000        0x0 src/main.o
 .data          0x00000000        0x0 src/main.o
 .bss           0x00000000        0x0 src/main.o
 .text          0x00000000        0x0 src/MD_MIDIFile.o
 .data          0x00000000        0x0 src/MD_MIDIFile.o
 .bss           0x00000000        0x0 src/MD_MIDIFile.o
 .text.setTicksPerQuarterNote
                0x00000000        0xc src/MD_MIDIFile.o
 .text.pauseMIDIFile
                0x00000000       0x12 src/MD_MIDIFile.o
 .text.getFilename
                0x00000000        0x4 src/MD_MIDIFile.o
 .text          0x00000000        0x0 src/MD_MIDIHelper.o
 .data          0x00000000        0x0 src/MD_MIDIHelper.o
 .bss           0x00000000        0x0 src/MD_MIDIHelper.o
 .text          0x00000000        0x0 src/MD_MIDITrack.o
 .data          0x00000000        0x0 src/MD_MIDITrack.o
 .bss           0x00000000        0x0 src/MD_MIDITrack.o
 .text.getLength
                0x00000000        0xc src/MD_MIDITrack.o
 .text          0x00000000        0x0 src/midi.o
 .data          0x00000000        0x0 src/midi.o
 .bss           0x00000000        0x0 src/midi.o
 .text.getMidiEvent
                0x00000000        0x6 src/midi.o
 .text.midiFileVolume
                0x00000000        0x6 src/midi.o
 .text          0x00000000        0x0 src/mmc.o
 .data          0x00000000        0x0 src/mmc.o
 .bss           0x00000000        0x0 src/mmc.o
 .text          0x00000000        0x0 src/spi.o
 .data          0x00000000        0x0 src/spi.o
 .bss           0x00000000        0x0 src/spi.o
 .text.spiTransferWord
                0x00000000       0x2a src/spi.o
 .text          0x00000000        0x0 src/SRAMDriver.o
 .data          0x00000000        0x0 src/SRAMDriver.o
 .bss           0x00000000        0x0 src/SRAMDriver.o
 .text.SRAM_writerPosition
                0x00000000       0x12 src/SRAMDriver.o
 .text.SRAM_readerPosition
                0x00000000       0x12 src/SRAMDriver.o
 .text.SRAM_written
                0x00000000       0x12 src/SRAMDriver.o
 .text.SRAM_read
                0x00000000       0x12 src/SRAMDriver.o
 .text.WriteSPI
                0x00000000        0x6 src/SRAMDriver.o
 .text.SRAMReadStatusReg
                0x00000000       0x2a src/SRAMDriver.o
 .text.SRAMWriteByte
                0x00000000       0x44 src/SRAMDriver.o
 .text.SRAMReadByte
                0x00000000       0x3e src/SRAMDriver.o
 .text.checkSRAM
                0x00000000       0x3e src/SRAMDriver.o
 .text.SRAMWritePage
                0x00000000       0x5a src/SRAMDriver.o
 .text.SRAMReadPage
                0x00000000       0x5a src/SRAMDriver.o
 COMMON         0x00000000       0x20 src/SRAMDriver.o
 .text          0x00000000        0x0 src/timer.o
 .data          0x00000000        0x0 src/timer.o
 .bss           0x00000000        0x0 src/timer.o
 .text.timer0SetPrescaler
                0x00000000        0xa src/timer.o
 .text.timer1SetPrescaler
                0x00000000        0xa src/timer.o
 .text.timer1Init
                0x00000000       0x12 src/timer.o
 .text.timer2SetPrescaler
                0x00000000        0xa src/timer.o
 .text.timer0GetPrescaler
                0x00000000       0x14 src/timer.o
 .text.timer1GetPrescaler
                0x00000000       0x14 src/timer.o
 .text.timer2GetPrescaler
                0x00000000       0x14 src/timer.o
 .text.timerDetach
                0x00000000       0x16 src/timer.o
 .text.timerPause
                0x00000000       0xfe src/timer.o
 .text.timer0ClearOverflowCount
                0x00000000       0x12 src/timer.o
 .text.timer0Init
                0x00000000       0x14 src/timer.o
 .text.timer0GetOverflowCount
                0x00000000       0x12 src/timer.o
 .text.timer2ClearOverflowCount
                0x00000000       0x12 src/timer.o
 .text.timer2Init
                0x00000000       0x14 src/timer.o
 .text.timerInit
                0x00000000       0x22 src/timer.o
 .text.timer2GetOverflowCount
                0x00000000       0x12 src/timer.o
 .text.timer1PWMInit
                0x00000000       0x3a src/timer.o
 .text.timer1PWMInitICR
                0x00000000       0x28 src/timer.o
 .text.timer1PWMAOn
                0x00000000        0xe src/timer.o
 .text.timer1PWMBOn
                0x00000000        0xe src/timer.o
 .text.timer1PWMAOff
                0x00000000        0xe src/timer.o
 .text.timer1PWMBOff
                0x00000000        0xe src/timer.o
 .text.timer1PWMOff
                0x00000000       0x16 src/timer.o
 .text.timer1PWMASet
                0x00000000        0x6 src/timer.o
 .text.timer1PWMBSet
                0x00000000        0x6 src/timer.o
 .progmem.data.TimerRTCPrescaleFactor
                0x00000000       0x10 src/timer.o
 .progmem.data.TimerPrescaleFactor
                0x00000000        0xc src/timer.o
 .text          0x00000000        0x0 src/uart.o
 .data          0x00000000        0x0 src/uart.o
 .bss           0x00000000        0x0 src/uart.o
 .text.uartGetRxBuffer
                0x00000000        0x6 src/uart.o
 .text.uartGetTxBuffer
                0x00000000        0x6 src/uart.o
 .text.uartAddToTxBuffer
                0x00000000        0xc src/uart.o
 .text.uartSendTxBuffer
                0x00000000       0x14 src/uart.o
 .text.uartSendBuffer
                0x00000000       0x6c src/uart.o
 .text          0x00000000        0x0 c:/program files (x86)/atmel/studio/7.0/toolchain/avr8/avr8-gnu-toolchain/bin/../lib/gcc/avr/5.4.0/../../../../avr/lib/avr5\libm.a(divsf3.o)
 .data          0x00000000        0x0 c:/program files (x86)/atmel/studio/7.0/toolchain/avr8/avr8-gnu-toolchain/bin/../lib/gcc/avr/5.4.0/../../../../avr/lib/avr5\libm.a(divsf3.o)
 .bss           0x00000000        0x0 c:/program files (x86)/atmel/studio/7.0/toolchain/avr8/avr8-gnu-toolchain/bin/../lib/gcc/avr/5.4.0/../../../../avr/lib/avr5\libm.a(divsf3.o)
 .text          0x00000000        0x0 c:/program files (x86)/atmel/studio/7.0/toolchain/avr8/avr8-gnu-toolchain/bin/../lib/gcc/avr/5.4.0/../../../../avr/lib/avr5\libm.a(divsf3x.o)
 .data          0x00000000        0x0 c:/program files (x86)/atmel/studio/7.0/toolchain/avr8/avr8-gnu-toolchain/bin/../lib/gcc/avr/5.4.0/../../../../avr/lib/avr5\libm.a(divsf3x.o)
 .bss           0x00000000        0x0 c:/program files (x86)/atmel/studio/7.0/toolchain/avr8/avr8-gnu-toolchain/bin/../lib/gcc/avr/5.4.0/../../../../avr/lib/avr5\libm.a(divsf3x.o)
 .text          0x00000000        0x0 c:/program files (x86)/atmel/studio/7.0/toolchain/avr8/avr8-gnu-toolchain/bin/../lib/gcc/avr/5.4.0/../../../../avr/lib/avr5\libm.a(fixunssfsi.o)
 .data          0x00000000        0x0 c:/program files (x86)/atmel/studio/7.0/toolchain/avr8/avr8-gnu-toolchain/bin/../lib/gcc/avr/5.4.0/../../../../avr/lib/avr5\libm.a(fixunssfsi.o)
 .bss           0x00000000        0x0 c:/program files (x86)/atmel/studio/7.0/toolchain/avr8/avr8-gnu-toolchain/bin/../lib/gcc/avr/5.4.0/../../../../avr/lib/avr5\libm.a(fixunssfsi.o)
 .text          0x00000000        0x0 c:/program files (x86)/atmel/studio/7.0/toolchain/avr8/avr8-gnu-toolchain/bin/../lib/gcc/avr/5.4.0/../../../../avr/lib/avr5\libm.a(floatsisf.o)
 .data          0x00000000        0x0 c:/program files (x86)/atmel/studio/7.0/toolchain/avr8/avr8-gnu-toolchain/bin/../lib/gcc/avr/5.4.0/../../../../avr/lib/avr5\libm.a(floatsisf.o)
 .bss           0x00000000        0x0 c:/program files (x86)/atmel/studio/7.0/toolchain/avr8/avr8-gnu-toolchain/bin/../lib/gcc/avr/5.4.0/../../../../avr/lib/avr5\libm.a(floatsisf.o)
 .text          0x00000000        0x0 c:/program files (x86)/atmel/studio/7.0/toolchain/avr8/avr8-gnu-toolchain/bin/../lib/gcc/avr/5.4.0/../../../../avr/lib/avr5\libm.a(fp_inf.o)
 .data          0x00000000        0x0 c:/program files (x86)/atmel/studio/7.0/toolchain/avr8/avr8-gnu-toolchain/bin/../lib/gcc/avr/5.4.0/../../../../avr/lib/avr5\libm.a(fp_inf.o)
 .bss           0x00000000        0x0 c:/program files (x86)/atmel/studio/7.0/toolchain/avr8/avr8-gnu-toolchain/bin/../lib/gcc/avr/5.4.0/../../../../avr/lib/avr5\libm.a(fp_inf.o)
 .text          0x00000000        0x0 c:/program files (x86)/atmel/studio/7.0/toolchain/avr8/avr8-gnu-toolchain/bin/../lib/gcc/avr/5.4.0/../../../../avr/lib/avr5\libm.a(fp_nan.o)
 .data          0x00000000        0x0 c:/program files (x86)/atmel/studio/7.0/toolchain/avr8/avr8-gnu-toolchain/bin/../lib/gcc/avr/5.4.0/../../../../avr/lib/avr5\libm.a(fp_nan.o)
 .bss           0x00000000        0x0 c:/program files (x86)/atmel/studio/7.0/toolchain/avr8/avr8-gnu-toolchain/bin/../lib/gcc/avr/5.4.0/../../../../avr/lib/avr5\libm.a(fp_nan.o)
 .text          0x00000000        0x0 c:/program files (x86)/atmel/studio/7.0/toolchain/avr8/avr8-gnu-toolchain/bin/../lib/gcc/avr/5.4.0/../../../../avr/lib/avr5\libm.a(fp_pscA.o)
 .data          0x00000000        0x0 c:/program files (x86)/atmel/studio/7.0/toolchain/avr8/avr8-gnu-toolchain/bin/../lib/gcc/avr/5.4.0/../../../../avr/lib/avr5\libm.a(fp_pscA.o)
 .bss           0x00000000        0x0 c:/program files (x86)/atmel/studio/7.0/toolchain/avr8/avr8-gnu-toolchain/bin/../lib/gcc/avr/5.4.0/../../../../avr/lib/avr5\libm.a(fp_pscA.o)
 .text          0x00000000        0x0 c:/program files (x86)/atmel/studio/7.0/toolchain/avr8/avr8-gnu-toolchain/bin/../lib/gcc/avr/5.4.0/../../../../avr/lib/avr5\libm.a(fp_pscB.o)
 .data          0x00000000        0x0 c:/program files (x86)/atmel/studio/7.0/toolchain/avr8/avr8-gnu-toolchain/bin/../lib/gcc/avr/5.4.0/../../../../avr/lib/avr5\libm.a(fp_pscB.o)
 .bss           0x00000000        0x0 c:/program files (x86)/atmel/studio/7.0/toolchain/avr8/avr8-gnu-toolchain/bin/../lib/gcc/avr/5.4.0/../../../../avr/lib/avr5\libm.a(fp_pscB.o)
 .text          0x00000000        0x0 c:/program files (x86)/atmel/studio/7.0/toolchain/avr8/avr8-gnu-toolchain/bin/../lib/gcc/avr/5.4.0/../../../../avr/lib/avr5\libm.a(fp_round.o)
 .data          0x00000000        0x0 c:/program files (x86)/atmel/studio/7.0/toolchain/avr8/avr8-gnu-toolchain/bin/../lib/gcc/avr/5.4.0/../../../../avr/lib/avr5\libm.a(fp_round.o)
 .bss           0x00000000        0x0 c:/program files (x86)/atmel/studio/7.0/toolchain/avr8/avr8-gnu-toolchain/bin/../lib/gcc/avr/5.4.0/../../../../avr/lib/avr5\libm.a(fp_round.o)
 .text          0x00000000        0x0 c:/program files (x86)/atmel/studio/7.0/toolchain/avr8/avr8-gnu-toolchain/bin/../lib/gcc/avr/5.4.0/../../../../avr/lib/avr5\libm.a(fp_split3.o)
 .data          0x00000000        0x0 c:/program files (x86)/atmel/studio/7.0/toolchain/avr8/avr8-gnu-toolchain/bin/../lib/gcc/avr/5.4.0/../../../../avr/lib/avr5\libm.a(fp_split3.o)
 .bss           0x00000000        0x0 c:/program files (x86)/atmel/studio/7.0/toolchain/avr8/avr8-gnu-toolchain/bin/../lib/gcc/avr/5.4.0/../../../../avr/lib/avr5\libm.a(fp_split3.o)
 .text          0x00000000        0x0 c:/program files (x86)/atmel/studio/7.0/toolchain/avr8/avr8-gnu-toolchain/bin/../lib/gcc/avr/5.4.0/../../../../avr/lib/avr5\libm.a(fp_zero.o)
 .data          0x00000000        0x0 c:/program files (x86)/atmel/studio/7.0/toolchain/avr8/avr8-gnu-toolchain/bin/../lib/gcc/avr/5.4.0/../../../../avr/lib/avr5\libm.a(fp_zero.o)
 .bss           0x00000000        0x0 c:/program files (x86)/atmel/studio/7.0/toolchain/avr8/avr8-gnu-toolchain/bin/../lib/gcc/avr/5.4.0/../../../../avr/lib/avr5\libm.a(fp_zero.o)
 .text          0x00000000        0x0 c:/program files (x86)/atmel/studio/7.0/toolchain/avr8/avr8-gnu-toolchain/bin/../lib/gcc/avr/5.4.0/../../../../avr/lib/avr5\libm.a(mulsf3.o)
 .data          0x00000000        0x0 c:/program files (x86)/atmel/studio/7.0/toolchain/avr8/avr8-gnu-toolchain/bin/../lib/gcc/avr/5.4.0/../../../../avr/lib/avr5\libm.a(mulsf3.o)
 .bss           0x00000000        0x0 c:/program files (x86)/atmel/studio/7.0/toolchain/avr8/avr8-gnu-toolchain/bin/../lib/gcc/avr/5.4.0/../../../../avr/lib/avr5\libm.a(mulsf3.o)
 .text          0x00000000        0x0 c:/program files (x86)/atmel/studio/7.0/toolchain/avr8/avr8-gnu-toolchain/bin/../lib/gcc/avr/5.4.0/../../../../avr/lib/avr5\libm.a(mulsf3x.o)
 .data          0x00000000        0x0 c:/program files (x86)/atmel/studio/7.0/toolchain/avr8/avr8-gnu-toolchain/bin/../lib/gcc/avr/5.4.0/../../../../avr/lib/avr5\libm.a(mulsf3x.o)
 .bss           0x00000000        0x0 c:/program files (x86)/atmel/studio/7.0/toolchain/avr8/avr8-gnu-toolchain/bin/../lib/gcc/avr/5.4.0/../../../../avr/lib/avr5\libm.a(mulsf3x.o)
 .text          0x00000000        0x0 c:/program files (x86)/atmel/studio/7.0/toolchain/avr8/avr8-gnu-toolchain/bin/../lib/gcc/avr/5.4.0/avr5\libgcc.a(_udivmodhi4.o)
 .data          0x00000000        0x0 c:/program files (x86)/atmel/studio/7.0/toolchain/avr8/avr8-gnu-toolchain/bin/../lib/gcc/avr/5.4.0/avr5\libgcc.a(_udivmodhi4.o)
 .bss           0x00000000        0x0 c:/program files (x86)/atmel/studio/7.0/toolchain/avr8/avr8-gnu-toolchain/bin/../lib/gcc/avr/5.4.0/avr5\libgcc.a(_udivmodhi4.o)
 .text.libgcc.mul
                0x00000000        0x0 c:/program files (x86)/atmel/studio/7.0/toolchain/avr8/avr8-gnu-toolchain/bin/../lib/gcc/avr/5.4.0/avr5\libgcc.a(_udivmodhi4.o)
 .text.libgcc   0x00000000        0x0 c:/program files (x86)/atmel/studio/7.0/toolchain/avr8/avr8-gnu-toolchain/bin/../lib/gcc/avr/5.4.0/avr5\libgcc.a(_udivmodhi4.o)
 .text.libgcc.prologue
                0x00000000        0x0 c:/program files (x86)/atmel/studio/7.0/toolchain/avr8/avr8-gnu-toolchain/bin/../lib/gcc/avr/5.4.0/avr5\libgcc.a(_udivmodhi4.o)
 .text.libgcc.builtins
                0x00000000        0x0 c:/program files (x86)/atmel/studio/7.0/toolchain/avr8/avr8-gnu-toolchain/bin/../lib/gcc/avr/5.4.0/avr5\libgcc.a(_udivmodhi4.o)
 .text.libgcc.fmul
                0x00000000        0x0 c:/program files (x86)/atmel/studio/7.0/toolchain/avr8/avr8-gnu-toolchain/bin/../lib/gcc/avr/5.4.0/avr5\libgcc.a(_udivmodhi4.o)
 .text.libgcc.fixed
                0x00000000        0x0 c:/program files (x86)/atmel/studio/7.0/toolchain/avr8/avr8-gnu-toolchain/bin/../lib/gcc/avr/5.4.0/avr5\libgcc.a(_udivmodhi4.o)
 .text          0x00000000        0x0 c:/program files (x86)/atmel/studio/7.0/toolchain/avr8/avr8-gnu-toolchain/bin/../lib/gcc/avr/5.4.0/avr5\libgcc.a(_udivmodsi4.o)
 .data          0x00000000        0x0 c:/program files (x86)/atmel/studio/7.0/toolchain/avr8/avr8-gnu-toolchain/bin/../lib/gcc/avr/5.4.0/avr5\libgcc.a(_udivmodsi4.o)
 .bss           0x00000000        0x0 c:/program files (x86)/atmel/studio/7.0/toolchain/avr8/avr8-gnu-toolchain/bin/../lib/gcc/avr/5.4.0/avr5\libgcc.a(_udivmodsi4.o)
 .text.libgcc.mul
                0x00000000        0x0 c:/program files (x86)/atmel/studio/7.0/toolchain/avr8/avr8-gnu-toolchain/bin/../lib/gcc/avr/5.4.0/avr5\libgcc.a(_udivmodsi4.o)
 .text.libgcc   0x00000000        0x0 c:/program files (x86)/atmel/studio/7.0/toolchain/avr8/avr8-gnu-toolchain/bin/../lib/gcc/avr/5.4.0/avr5\libgcc.a(_udivmodsi4.o)
 .text.libgcc.prologue
                0x00000000        0x0 c:/program files (x86)/atmel/studio/7.0/toolchain/avr8/avr8-gnu-toolchain/bin/../lib/gcc/avr/5.4.0/avr5\libgcc.a(_udivmodsi4.o)
 .text.libgcc.builtins
                0x00000000        0x0 c:/program files (x86)/atmel/studio/7.0/toolchain/avr8/avr8-gnu-toolchain/bin/../lib/gcc/avr/5.4.0/avr5\libgcc.a(_udivmodsi4.o)
 .text.libgcc.fmul
                0x00000000        0x0 c:/program files (x86)/atmel/studio/7.0/toolchain/avr8/avr8-gnu-toolchain/bin/../lib/gcc/avr/5.4.0/avr5\libgcc.a(_udivmodsi4.o)
 .text.libgcc.fixed
                0x00000000        0x0 c:/program files (x86)/atmel/studio/7.0/toolchain/avr8/avr8-gnu-toolchain/bin/../lib/gcc/avr/5.4.0/avr5\libgcc.a(_udivmodsi4.o)
 .text          0x00000000        0x0 c:/program files (x86)/atmel/studio/7.0/toolchain/avr8/avr8-gnu-toolchain/bin/../lib/gcc/avr/5.4.0/avr5\libgcc.a(_divmodsi4.o)
 .data          0x00000000        0x0 c:/program files (x86)/atmel/studio/7.0/toolchain/avr8/avr8-gnu-toolchain/bin/../lib/gcc/avr/5.4.0/avr5\libgcc.a(_divmodsi4.o)
 .bss           0x00000000        0x0 c:/program files (x86)/atmel/studio/7.0/toolchain/avr8/avr8-gnu-toolchain/bin/../lib/gcc/avr/5.4.0/avr5\libgcc.a(_divmodsi4.o)
 .text.libgcc.mul
                0x00000000        0x0 c:/program files (x86)/atmel/studio/7.0/toolchain/avr8/avr8-gnu-toolchain/bin/../lib/gcc/avr/5.4.0/avr5\libgcc.a(_divmodsi4.o)
 .text.libgcc   0x00000000        0x0 c:/program files (x86)/atmel/studio/7.0/toolchain/avr8/avr8-gnu-toolchain/bin/../lib/gcc/avr/5.4.0/avr5\libgcc.a(_divmodsi4.o)
 .text.libgcc.prologue
                0x00000000        0x0 c:/program files (x86)/atmel/studio/7.0/toolchain/avr8/avr8-gnu-toolchain/bin/../lib/gcc/avr/5.4.0/avr5\libgcc.a(_divmodsi4.o)
 .text.libgcc.builtins
                0x00000000        0x0 c:/program files (x86)/atmel/studio/7.0/toolchain/avr8/avr8-gnu-toolchain/bin/../lib/gcc/avr/5.4.0/avr5\libgcc.a(_divmodsi4.o)
 .text.libgcc.fmul
                0x00000000        0x0 c:/program files (x86)/atmel/studio/7.0/toolchain/avr8/avr8-gnu-toolchain/bin/../lib/gcc/avr/5.4.0/avr5\libgcc.a(_divmodsi4.o)
 .text.libgcc.fixed
                0x00000000        0x0 c:/program files (x86)/atmel/studio/7.0/toolchain/avr8/avr8-gnu-toolchain/bin/../lib/gcc/avr/5.4.0/avr5\libgcc.a(_divmodsi4.o)
 .text          0x00000000        0x0 c:/program files (x86)/atmel/studio/7.0/toolchain/avr8/avr8-gnu-toolchain/bin/../lib/gcc/avr/5.4.0/avr5\libgcc.a(_negsi2.o)
 .data          0x00000000        0x0 c:/program files (x86)/atmel/studio/7.0/toolchain/avr8/avr8-gnu-toolchain/bin/../lib/gcc/avr/5.4.0/avr5\libgcc.a(_negsi2.o)
 .bss           0x00000000        0x0 c:/program files (x86)/atmel/studio/7.0/toolchain/avr8/avr8-gnu-toolchain/bin/../lib/gcc/avr/5.4.0/avr5\libgcc.a(_negsi2.o)
 .text.libgcc.mul
                0x00000000        0x0 c:/program files (x86)/atmel/studio/7.0/toolchain/avr8/avr8-gnu-toolchain/bin/../lib/gcc/avr/5.4.0/avr5\libgcc.a(_negsi2.o)
 .text.libgcc   0x00000000        0x0 c:/program files (x86)/atmel/studio/7.0/toolchain/avr8/avr8-gnu-toolchain/bin/../lib/gcc/avr/5.4.0/avr5\libgcc.a(_negsi2.o)
 .text.libgcc.prologue
                0x00000000        0x0 c:/program files (x86)/atmel/studio/7.0/toolchain/avr8/avr8-gnu-toolchain/bin/../lib/gcc/avr/5.4.0/avr5\libgcc.a(_negsi2.o)
 .text.libgcc.builtins
                0x00000000        0x0 c:/program files (x86)/atmel/studio/7.0/toolchain/avr8/avr8-gnu-toolchain/bin/../lib/gcc/avr/5.4.0/avr5\libgcc.a(_negsi2.o)
 .text.libgcc.fmul
                0x00000000        0x0 c:/program files (x86)/atmel/studio/7.0/toolchain/avr8/avr8-gnu-toolchain/bin/../lib/gcc/avr/5.4.0/avr5\libgcc.a(_negsi2.o)
 .text.libgcc.fixed
                0x00000000        0x0 c:/program files (x86)/atmel/studio/7.0/toolchain/avr8/avr8-gnu-toolchain/bin/../lib/gcc/avr/5.4.0/avr5\libgcc.a(_negsi2.o)
 .text          0x00000000        0x0 c:/program files (x86)/atmel/studio/7.0/toolchain/avr8/avr8-gnu-toolchain/bin/../lib/gcc/avr/5.4.0/avr5\libgcc.a(_exit.o)
 .data          0x00000000        0x0 c:/program files (x86)/atmel/studio/7.0/toolchain/avr8/avr8-gnu-toolchain/bin/../lib/gcc/avr/5.4.0/avr5\libgcc.a(_exit.o)
 .bss           0x00000000        0x0 c:/program files (x86)/atmel/studio/7.0/toolchain/avr8/avr8-gnu-toolchain/bin/../lib/gcc/avr/5.4.0/avr5\libgcc.a(_exit.o)
 .text.libgcc.mul
                0x00000000        0x0 c:/program files (x86)/atmel/studio/7.0/toolchain/avr8/avr8-gnu-toolchain/bin/../lib/gcc/avr/5.4.0/avr5\libgcc.a(_exit.o)
 .text.libgcc.div
                0x00000000        0x0 c:/program files (x86)/atmel/studio/7.0/toolchain/avr8/avr8-gnu-toolchain/bin/../lib/gcc/avr/5.4.0/avr5\libgcc.a(_exit.o)
 .text.libgcc   0x00000000        0x0 c:/program files (x86)/atmel/studio/7.0/toolchain/avr8/avr8-gnu-toolchain/bin/../lib/gcc/avr/5.4.0/avr5\libgcc.a(_exit.o)
 .text.libgcc.prologue
                0x00000000        0x0 c:/program files (x86)/atmel/studio/7.0/toolchain/avr8/avr8-gnu-toolchain/bin/../lib/gcc/avr/5.4.0/avr5\libgcc.a(_exit.o)
 .text.libgcc.builtins
                0x00000000        0x0 c:/program files (x86)/atmel/studio/7.0/toolchain/avr8/avr8-gnu-toolchain/bin/../lib/gcc/avr/5.4.0/avr5\libgcc.a(_exit.o)
 .text.libgcc.fmul
                0x00000000        0x0 c:/program files (x86)/atmel/studio/7.0/toolchain/avr8/avr8-gnu-toolchain/bin/../lib/gcc/avr/5.4.0/avr5\libgcc.a(_exit.o)
 .text.libgcc.fixed
                0x00000000        0x0 c:/program files (x86)/atmel/studio/7.0/toolchain/avr8/avr8-gnu-toolchain/bin/../lib/gcc/avr/5.4.0/avr5\libgcc.a(_exit.o)
 .text          0x00000000        0x0 c:/program files (x86)/atmel/studio/7.0/toolchain/avr8/avr8-gnu-toolchain/bin/../lib/gcc/avr/5.4.0/avr5\libgcc.a(_tablejump2.o)
 .data          0x00000000        0x0 c:/program files (x86)/atmel/studio/7.0/toolchain/avr8/avr8-gnu-toolchain/bin/../lib/gcc/avr/5.4.0/avr5\libgcc.a(_tablejump2.o)
 .bss           0x00000000        0x0 c:/program files (x86)/atmel/studio/7.0/toolchain/avr8/avr8-gnu-toolchain/bin/../lib/gcc/avr/5.4.0/avr5\libgcc.a(_tablejump2.o)
 .text.libgcc.mul
                0x00000000        0x0 c:/program files (x86)/atmel/studio/7.0/toolchain/avr8/avr8-gnu-toolchain/bin/../lib/gcc/avr/5.4.0/avr5\libgcc.a(_tablejump2.o)
 .text.libgcc.div
                0x00000000        0x0 c:/program files (x86)/atmel/studio/7.0/toolchain/avr8/avr8-gnu-toolchain/bin/../lib/gcc/avr/5.4.0/avr5\libgcc.a(_tablejump2.o)
 .text.libgcc.prologue
                0x00000000        0x0 c:/program files (x86)/atmel/studio/7.0/toolchain/avr8/avr8-gnu-toolchain/bin/../lib/gcc/avr/5.4.0/avr5\libgcc.a(_tablejump2.o)
 .text.libgcc.builtins
                0x00000000        0x0 c:/program files (x86)/atmel/studio/7.0/toolchain/avr8/avr8-gnu-toolchain/bin/../lib/gcc/avr/5.4.0/avr5\libgcc.a(_tablejump2.o)
 .text.libgcc.fmul
                0x00000000        0x0 c:/program files (x86)/atmel/studio/7.0/toolchain/avr8/avr8-gnu-toolchain/bin/../lib/gcc/avr/5.4.0/avr5\libgcc.a(_tablejump2.o)
 .text.libgcc.fixed
                0x00000000        0x0 c:/program files (x86)/atmel/studio/7.0/toolchain/avr8/avr8-gnu-toolchain/bin/../lib/gcc/avr/5.4.0/avr5\libgcc.a(_tablejump2.o)
 .text          0x00000000        0x0 c:/program files (x86)/atmel/studio/7.0/toolchain/avr8/avr8-gnu-toolchain/bin/../lib/gcc/avr/5.4.0/avr5\libgcc.a(_copy_data.o)
 .data          0x00000000        0x0 c:/program files (x86)/atmel/studio/7.0/toolchain/avr8/avr8-gnu-toolchain/bin/../lib/gcc/avr/5.4.0/avr5\libgcc.a(_copy_data.o)
 .bss           0x00000000        0x0 c:/program files (x86)/atmel/studio/7.0/toolchain/avr8/avr8-gnu-toolchain/bin/../lib/gcc/avr/5.4.0/avr5\libgcc.a(_copy_data.o)
 .text.libgcc.mul
                0x00000000        0x0 c:/program files (x86)/atmel/studio/7.0/toolchain/avr8/avr8-gnu-toolchain/bin/../lib/gcc/avr/5.4.0/avr5\libgcc.a(_copy_data.o)
 .text.libgcc.div
                0x00000000        0x0 c:/program files (x86)/atmel/studio/7.0/toolchain/avr8/avr8-gnu-toolchain/bin/../lib/gcc/avr/5.4.0/avr5\libgcc.a(_copy_data.o)
 .text.libgcc   0x00000000        0x0 c:/program files (x86)/atmel/studio/7.0/toolchain/avr8/avr8-gnu-toolchain/bin/../lib/gcc/avr/5.4.0/avr5\libgcc.a(_copy_data.o)
 .text.libgcc.prologue
                0x00000000        0x0 c:/program files (x86)/atmel/studio/7.0/toolchain/avr8/avr8-gnu-toolchain/bin/../lib/gcc/avr/5.4.0/avr5\libgcc.a(_copy_data.o)
 .text.libgcc.builtins
                0x00000000        0x0 c:/program files (x86)/atmel/studio/7.0/toolchain/avr8/avr8-gnu-toolchain/bin/../lib/gcc/avr/5.4.0/avr5\libgcc.a(_copy_data.o)
 .text.libgcc.fmul
                0x00000000        0x0 c:/program files (x86)/atmel/studio/7.0/toolchain/avr8/avr8-gnu-toolchain/bin/../lib/gcc/avr/5.4.0/avr5\libgcc.a(_copy_data.o)
 .text.libgcc.fixed
                0x00000000        0x0 c:/program files (x86)/atmel/studio/7.0/toolchain/avr8/avr8-gnu-toolchain/bin/../lib/gcc/avr/5.4.0/avr5\libgcc.a(_copy_data.o)
 .text          0x00000000        0x0 c:/program files (x86)/atmel/studio/7.0/toolchain/avr8/avr8-gnu-toolchain/bin/../lib/gcc/avr/5.4.0/avr5\libgcc.a(_clear_bss.o)
 .data          0x00000000        0x0 c:/program files (x86)/atmel/studio/7.0/toolchain/avr8/avr8-gnu-toolchain/bin/../lib/gcc/avr/5.4.0/avr5\libgcc.a(_clear_bss.o)
 .bss           0x00000000        0x0 c:/program files (x86)/atmel/studio/7.0/toolchain/avr8/avr8-gnu-toolchain/bin/../lib/gcc/avr/5.4.0/avr5\libgcc.a(_clear_bss.o)
 .text.libgcc.mul
                0x00000000        0x0 c:/program files (x86)/atmel/studio/7.0/toolchain/avr8/avr8-gnu-toolchain/bin/../lib/gcc/avr/5.4.0/avr5\libgcc.a(_clear_bss.o)
 .text.libgcc.div
                0x00000000        0x0 c:/program files (x86)/atmel/studio/7.0/toolchain/avr8/avr8-gnu-toolchain/bin/../lib/gcc/avr/5.4.0/avr5\libgcc.a(_clear_bss.o)
 .text.libgcc   0x00000000        0x0 c:/program files (x86)/atmel/studio/7.0/toolchain/avr8/avr8-gnu-toolchain/bin/../lib/gcc/avr/5.4.0/avr5\libgcc.a(_clear_bss.o)
 .text.libgcc.prologue
                0x00000000        0x0 c:/program files (x86)/atmel/studio/7.0/toolchain/avr8/avr8-gnu-toolchain/bin/../lib/gcc/avr/5.4.0/avr5\libgcc.a(_clear_bss.o)
 .text.libgcc.builtins
                0x00000000        0x0 c:/program files (x86)/atmel/studio/7.0/toolchain/avr8/avr8-gnu-toolchain/bin/../lib/gcc/avr/5.4.0/avr5\libgcc.a(_clear_bss.o)
 .text.libgcc.fmul
                0x00000000        0x0 c:/program files (x86)/atmel/studio/7.0/toolchain/avr8/avr8-gnu-toolchain/bin/../lib/gcc/avr/5.4.0/avr5\libgcc.a(_clear_bss.o)
 .text.libgcc.fixed
                0x00000000        0x0 c:/program files (x86)/atmel/studio/7.0/toolchain/avr8/avr8-gnu-toolchain/bin/../lib/gcc/avr/5.4.0/avr5\libgcc.a(_clear_bss.o)
 .text          0x00000000        0x0 c:/program files (x86)/atmel/studio/7.0/toolchain/avr8/avr8-gnu-toolchain/bin/../lib/gcc/avr/5.4.0/avr5\libgcc.a(_umulhisi3.o)
 .data          0x00000000        0x0 c:/program files (x86)/atmel/studio/7.0/toolchain/avr8/avr8-gnu-toolchain/bin/../lib/gcc/avr/5.4.0/avr5\libgcc.a(_umulhisi3.o)
 .bss           0x00000000        0x0 c:/program files (x86)/atmel/studio/7.0/toolchain/avr8/avr8-gnu-toolchain/bin/../lib/gcc/avr/5.4.0/avr5\libgcc.a(_umulhisi3.o)
 .text.libgcc.div
                0x00000000        0x0 c:/program files (x86)/atmel/studio/7.0/toolchain/avr8/avr8-gnu-toolchain/bin/../lib/gcc/avr/5.4.0/avr5\libgcc.a(_umulhisi3.o)
 .text.libgcc   0x00000000        0x0 c:/program files (x86)/atmel/studio/7.0/toolchain/avr8/avr8-gnu-toolchain/bin/../lib/gcc/avr/5.4.0/avr5\libgcc.a(_umulhisi3.o)
 .text.libgcc.prologue
                0x00000000        0x0 c:/program files (x86)/atmel/studio/7.0/toolchain/avr8/avr8-gnu-toolchain/bin/../lib/gcc/avr/5.4.0/avr5\libgcc.a(_umulhisi3.o)
 .text.libgcc.builtins
                0x00000000        0x0 c:/program files (x86)/atmel/studio/7.0/toolchain/avr8/avr8-gnu-toolchain/bin/../lib/gcc/avr/5.4.0/avr5\libgcc.a(_umulhisi3.o)
 .text.libgcc.fmul
                0x00000000        0x0 c:/program files (x86)/atmel/studio/7.0/toolchain/avr8/avr8-gnu-toolchain/bin/../lib/gcc/avr/5.4.0/avr5\libgcc.a(_umulhisi3.o)
 .text.libgcc.fixed
                0x00000000        0x0 c:/program files (x86)/atmel/studio/7.0/toolchain/avr8/avr8-gnu-toolchain/bin/../lib/gcc/avr/5.4.0/avr5\libgcc.a(_umulhisi3.o)
 .text          0x00000000        0x0 c:/program files (x86)/atmel/studio/7.0/toolchain/avr8/avr8-gnu-toolchain/bin/../lib/gcc/avr/5.4.0/avr5\libgcc.a(_muluhisi3.o)
 .data          0x00000000        0x0 c:/program files (x86)/atmel/studio/7.0/toolchain/avr8/avr8-gnu-toolchain/bin/../lib/gcc/avr/5.4.0/avr5\libgcc.a(_muluhisi3.o)
 .bss           0x00000000        0x0 c:/program files (x86)/atmel/studio/7.0/toolchain/avr8/avr8-gnu-toolchain/bin/../lib/gcc/avr/5.4.0/avr5\libgcc.a(_muluhisi3.o)
 .text.libgcc.div
                0x00000000        0x0 c:/program files (x86)/atmel/studio/7.0/toolchain/avr8/avr8-gnu-toolchain/bin/../lib/gcc/avr/5.4.0/avr5\libgcc.a(_muluhisi3.o)
 .text.libgcc   0x00000000        0x0 c:/program files (x86)/atmel/studio/7.0/toolchain/avr8/avr8-gnu-toolchain/bin/../lib/gcc/avr/5.4.0/avr5\libgcc.a(_muluhisi3.o)
 .text.libgcc.prologue
                0x00000000        0x0 c:/program files (x86)/atmel/studio/7.0/toolchain/avr8/avr8-gnu-toolchain/bin/../lib/gcc/avr/5.4.0/avr5\libgcc.a(_muluhisi3.o)
 .text.libgcc.builtins
                0x00000000        0x0 c:/program files (x86)/atmel/studio/7.0/toolchain/avr8/avr8-gnu-toolchain/bin/../lib/gcc/avr/5.4.0/avr5\libgcc.a(_muluhisi3.o)
 .text.libgcc.fmul
                0x00000000        0x0 c:/program files (x86)/atmel/studio/7.0/toolchain/avr8/avr8-gnu-toolchain/bin/../lib/gcc/avr/5.4.0/avr5\libgcc.a(_muluhisi3.o)
 .text.libgcc.fixed
                0x00000000        0x0 c:/program files (x86)/atmel/studio/7.0/toolchain/avr8/avr8-gnu-toolchain/bin/../lib/gcc/avr/5.4.0/avr5\libgcc.a(_muluhisi3.o)
 .text          0x00000000        0x0 c:/program files (x86)/atmel/studio/7.0/toolchain/avr8/avr8-gnu-toolchain/bin/../lib/gcc/avr/5.4.0/avr5\libgcc.a(_umulsidi3.o)
 .data          0x00000000        0x0 c:/program files (x86)/atmel/studio/7.0/toolchain/avr8/avr8-gnu-toolchain/bin/../lib/gcc/avr/5.4.0/avr5\libgcc.a(_umulsidi3.o)
 .bss           0x00000000        0x0 c:/program files (x86)/atmel/studio/7.0/toolchain/avr8/avr8-gnu-toolchain/bin/../lib/gcc/avr/5.4.0/avr5\libgcc.a(_umulsidi3.o)
 .text.libgcc.mul
                0x00000000       0x56 c:/program files (x86)/atmel/studio/7.0/toolchain/avr8/avr8-gnu-toolchain/bin/../lib/gcc/avr/5.4.0/avr5\libgcc.a(_umulsidi3.o)
 .text.libgcc.div
                0x00000000        0x0 c:/program files (x86)/atmel/studio/7.0/toolchain/avr8/avr8-gnu-toolchain/bin/../lib/gcc/avr/5.4.0/avr5\libgcc.a(_umulsidi3.o)
 .text.libgcc   0x00000000        0x0 c:/program files (x86)/atmel/studio/7.0/toolchain/avr8/avr8-gnu-toolchain/bin/../lib/gcc/avr/5.4.0/avr5\libgcc.a(_umulsidi3.o)
 .text.libgcc.prologue
                0x00000000        0x0 c:/program files (x86)/atmel/studio/7.0/toolchain/avr8/avr8-gnu-toolchain/bin/../lib/gcc/avr/5.4.0/avr5\libgcc.a(_umulsidi3.o)
 .text.libgcc.builtins
                0x00000000        0x0 c:/program files (x86)/atmel/studio/7.0/toolchain/avr8/avr8-gnu-toolchain/bin/../lib/gcc/avr/5.4.0/avr5\libgcc.a(_umulsidi3.o)
 .text.libgcc.fmul
                0x00000000        0x0 c:/program files (x86)/atmel/studio/7.0/toolchain/avr8/avr8-gnu-toolchain/bin/../lib/gcc/avr/5.4.0/avr5\libgcc.a(_umulsidi3.o)
 .text.libgcc.fixed
                0x00000000        0x0 c:/program files (x86)/atmel/studio/7.0/toolchain/avr8/avr8-gnu-toolchain/bin/../lib/gcc/avr/5.4.0/avr5\libgcc.a(_umulsidi3.o)
 .text          0x00000000        0x0 c:/program files (x86)/atmel/studio/7.0/toolchain/avr8/avr8-gnu-toolchain/bin/../lib/gcc/avr/5.4.0/avr5\libgcc.a(_ashrdi3.o)
 .data          0x00000000        0x0 c:/program files (x86)/atmel/studio/7.0/toolchain/avr8/avr8-gnu-toolchain/bin/../lib/gcc/avr/5.4.0/avr5\libgcc.a(_ashrdi3.o)
 .bss           0x00000000        0x0 c:/program files (x86)/atmel/studio/7.0/toolchain/avr8/avr8-gnu-toolchain/bin/../lib/gcc/avr/5.4.0/avr5\libgcc.a(_ashrdi3.o)
 .text.libgcc.mul
                0x00000000        0x0 c:/program files (x86)/atmel/studio/7.0/toolchain/avr8/avr8-gnu-toolchain/bin/../lib/gcc/avr/5.4.0/avr5\libgcc.a(_ashrdi3.o)
 .text.libgcc.div
                0x00000000        0x0 c:/program files (x86)/atmel/studio/7.0/toolchain/avr8/avr8-gnu-toolchain/bin/../lib/gcc/avr/5.4.0/avr5\libgcc.a(_ashrdi3.o)
 .text.libgcc   0x00000000        0x0 c:/program files (x86)/atmel/studio/7.0/toolchain/avr8/avr8-gnu-toolchain/bin/../lib/gcc/avr/5.4.0/avr5\libgcc.a(_ashrdi3.o)
 .text.libgcc.prologue
                0x00000000        0x0 c:/program files (x86)/atmel/studio/7.0/toolchain/avr8/avr8-gnu-toolchain/bin/../lib/gcc/avr/5.4.0/avr5\libgcc.a(_ashrdi3.o)
 .text.libgcc.builtins
                0x00000000       0x3c c:/program files (x86)/atmel/studio/7.0/toolchain/avr8/avr8-gnu-toolchain/bin/../lib/gcc/avr/5.4.0/avr5\libgcc.a(_ashrdi3.o)
 .text.libgcc.fmul
                0x00000000        0x0 c:/program files (x86)/atmel/studio/7.0/toolchain/avr8/avr8-gnu-toolchain/bin/../lib/gcc/avr/5.4.0/avr5\libgcc.a(_ashrdi3.o)
 .text.libgcc.fixed
                0x00000000        0x0 c:/program files (x86)/atmel/studio/7.0/toolchain/avr8/avr8-gnu-toolchain/bin/../lib/gcc/avr/5.4.0/avr5\libgcc.a(_ashrdi3.o)
 .text          0x00000000        0x0 c:/program files (x86)/atmel/studio/7.0/toolchain/avr8/avr8-gnu-toolchain/bin/../lib/gcc/avr/5.4.0/avr5\libgcc.a(_muldi3_6.o)
 .data          0x00000000        0x0 c:/program files (x86)/atmel/studio/7.0/toolchain/avr8/avr8-gnu-toolchain/bin/../lib/gcc/avr/5.4.0/avr5\libgcc.a(_muldi3_6.o)
 .bss           0x00000000        0x0 c:/program files (x86)/atmel/studio/7.0/toolchain/avr8/avr8-gnu-toolchain/bin/../lib/gcc/avr/5.4.0/avr5\libgcc.a(_muldi3_6.o)
 .text.libgcc.mul
                0x00000000       0x12 c:/program files (x86)/atmel/studio/7.0/toolchain/avr8/avr8-gnu-toolchain/bin/../lib/gcc/avr/5.4.0/avr5\libgcc.a(_muldi3_6.o)
 .text.libgcc.div
                0x00000000        0x0 c:/program files (x86)/atmel/studio/7.0/toolchain/avr8/avr8-gnu-toolchain/bin/../lib/gcc/avr/5.4.0/avr5\libgcc.a(_muldi3_6.o)
 .text.libgcc   0x00000000        0x0 c:/program files (x86)/atmel/studio/7.0/toolchain/avr8/avr8-gnu-toolchain/bin/../lib/gcc/avr/5.4.0/avr5\libgcc.a(_muldi3_6.o)
 .text.libgcc.prologue
                0x00000000        0x0 c:/program files (x86)/atmel/studio/7.0/toolchain/avr8/avr8-gnu-toolchain/bin/../lib/gcc/avr/5.4.0/avr5\libgcc.a(_muldi3_6.o)
 .text.libgcc.builtins
                0x00000000        0x0 c:/program files (x86)/atmel/studio/7.0/toolchain/avr8/avr8-gnu-toolchain/bin/../lib/gcc/avr/5.4.0/avr5\libgcc.a(_muldi3_6.o)
 .text.libgcc.fmul
                0x00000000        0x0 c:/program files (x86)/atmel/studio/7.0/toolchain/avr8/avr8-gnu-toolchain/bin/../lib/gcc/avr/5.4.0/avr5\libgcc.a(_muldi3_6.o)
 .text.libgcc.fixed
                0x00000000        0x0 c:/program files (x86)/atmel/studio/7.0/toolchain/avr8/avr8-gnu-toolchain/bin/../lib/gcc/avr/5.4.0/avr5\libgcc.a(_muldi3_6.o)
 .text          0x00000000        0x0 c:/program files (x86)/atmel/studio/7.0/toolchain/avr8/avr8-gnu-toolchain/bin/../lib/gcc/avr/5.4.0/../../../../avr/lib/avr5\libc.a(malloc.o)
 .bss           0x00000000        0x0 c:/program files (x86)/atmel/studio/7.0/toolchain/avr8/avr8-gnu-toolchain/bin/../lib/gcc/avr/5.4.0/../../../../avr/lib/avr5\libc.a(malloc.o)
 .text          0x00000000        0x0 c:/program files (x86)/atmel/studio/7.0/toolchain/avr8/avr8-gnu-toolchain/bin/../lib/gcc/avr/5.4.0/../../../../avr/lib/avr5\libc.a(strcmp.o)
 .data          0x00000000        0x0 c:/program files (x86)/atmel/studio/7.0/toolchain/avr8/avr8-gnu-toolchain/bin/../lib/gcc/avr/5.4.0/../../../../avr/lib/avr5\libc.a(strcmp.o)
 .bss           0x00000000        0x0 c:/program files (x86)/atmel/studio/7.0/toolchain/avr8/avr8-gnu-toolchain/bin/../lib/gcc/avr/5.4.0/../../../../avr/lib/avr5\libc.a(strcmp.o)
 .text          0x00000000        0x0 c:/program files (x86)/atmel/studio/7.0/toolchain/avr8/avr8-gnu-toolchain/bin/../lib/gcc/avr/5.4.0/../../../../avr/lib/avr5\libc.a(strcpy.o)
 .data          0x00000000        0x0 c:/program files (x86)/atmel/studio/7.0/toolchain/avr8/avr8-gnu-toolchain/bin/../lib/gcc/avr/5.4.0/../../../../avr/lib/avr5\libc.a(strcpy.o)
 .bss           0x00000000        0x0 c:/program files (x86)/atmel/studio/7.0/toolchain/avr8/avr8-gnu-toolchain/bin/../lib/gcc/avr/5.4.0/../../../../avr/lib/avr5\libc.a(strcpy.o)
 .text          0x00000000        0x0 c:/program files (x86)/atmel/studio/7.0/toolchain/avr8/avr8-gnu-toolchain/bin/../lib/gcc/avr/5.4.0/../../../../avr/lib/avr5\libc.a(strncpy.o)
 .data          0x00000000        0x0 c:/program files (x86)/atmel/studio/7.0/toolchain/avr8/avr8-gnu-toolchain/bin/../lib/gcc/avr/5.4.0/../../../../avr/lib/avr5\libc.a(strncpy.o)
 .bss           0x00000000        0x0 c:/program files (x86)/atmel/studio/7.0/toolchain/avr8/avr8-gnu-toolchain/bin/../lib/gcc/avr/5.4.0/../../../../avr/lib/avr5\libc.a(strncpy.o)
 .text          0x00000000        0x0 c:/program files (x86)/atmel/studio/7.0/toolchain/avr8/avr8-gnu-toolchain/bin/../lib/gcc/avr/5.4.0/../../../../avr/lib/avr5\libc.a(strstr.o)
 .data          0x00000000        0x0 c:/program files (x86)/atmel/studio/7.0/toolchain/avr8/avr8-gnu-toolchain/bin/../lib/gcc/avr/5.4.0/../../../../avr/lib/avr5\libc.a(strstr.o)
 .bss           0x00000000        0x0 c:/program files (x86)/atmel/studio/7.0/toolchain/avr8/avr8-gnu-toolchain/bin/../lib/gcc/avr/5.4.0/../../../../avr/lib/avr5\libc.a(strstr.o)
 .text          0x00000000        0x0 C:/Program Files (x86)/Atmel/Studio/7.0/Packs/atmel/ATmega_DFP/1.2.209/gcc/dev/atmega32/avr5\libatmega32.a(eerd_block.o)
 .data          0x00000000        0x0 C:/Program Files (x86)/Atmel/Studio/7.0/Packs/atmel/ATmega_DFP/1.2.209/gcc/dev/atmega32/avr5\libatmega32.a(eerd_block.o)
 .bss           0x00000000        0x0 C:/Program Files (x86)/Atmel/Studio/7.0/Packs/atmel/ATmega_DFP/1.2.209/gcc/dev/atmega32/avr5\libatmega32.a(eerd_block.o)

Memory Configuration

Name             Origin             Length             Attributes
text             0x00000000         0x00020000         xr
data             0x00800060         0x0000ffa0         rw !x
eeprom           0x00810000         0x00010000         rw !x
fuse             0x00820000         0x00000002         rw !x
lock             0x00830000         0x00000400         rw !x
signature        0x00840000         0x00000400         rw !x
user_signatures  0x00850000         0x00000400         rw !x
*default*        0x00000000         0xffffffff

Linker script and memory map

LOAD C:/Program Files (x86)/Atmel/Studio/7.0/Packs/atmel/ATmega_DFP/1.2.209/gcc/dev/atmega32/avr5/crtatmega32.o
LOAD src/a2d.o
LOAD src/buffer.o
LOAD src/ff.o
LOAD src/handlers.o
LOAD src/lcd.o
LOAD src/main.o
LOAD src/MD_MIDIFile.o
LOAD src/MD_MIDIHelper.o
LOAD src/MD_MIDITrack.o
LOAD src/midi.o
LOAD src/mmc.o
LOAD src/spi.o
LOAD src/SRAMDriver.o
LOAD src/timer.o
LOAD src/uart.o
START GROUP
LOAD c:/program files (x86)/atmel/studio/7.0/toolchain/avr8/avr8-gnu-toolchain/bin/../lib/gcc/avr/5.4.0/../../../../avr/lib/avr5\libm.a
END GROUP
START GROUP
LOAD c:/program files (x86)/atmel/studio/7.0/toolchain/avr8/avr8-gnu-toolchain/bin/../lib/gcc/avr/5.4.0/avr5\libgcc.a
LOAD c:/program files (x86)/atmel/studio/7.0/toolchain/avr8/avr8-gnu-toolchain/bin/../lib/gcc/avr/5.4.0/../../../../avr/lib/avr5\libm.a
LOAD c:/program files (x86)/atmel/studio/7.0/toolchain/avr8/avr8-gnu-toolchain/bin/../lib/gcc/avr/5.4.0/../../../../avr/lib/avr5\libc.a
LOAD C:/Program Files (x86)/Atmel/Studio/7.0/Packs/atmel/ATmega_DFP/1.2.209/gcc/dev/atmega32/avr5\libatmega32.a
END GROUP
                0x00020000                __TEXT_REGION_LENGTH__ = DEFINED (__TEXT_REGION_LENGTH__)?__TEXT_REGION_LENGTH__:0x20000
                0x0000ffa0                __DATA_REGION_LENGTH__ = DEFINED (__DATA_REGION_LENGTH__)?__DATA_REGION_LENGTH__:0xffa0
                0x00010000                __EEPROM_REGION_LENGTH__ = DEFINED (__EEPROM_REGION_LENGTH__)?__EEPROM_REGION_LENGTH__:0x10000
                [0x00000002]                __FUSE_REGION_LENGTH__ = DEFINED (__FUSE_REGION_LENGTH__)?__FUSE_REGION_LENGTH__:0x400
                0x00000400                __LOCK_REGION_LENGTH__ = DEFINED (__LOCK_REGION_LENGTH__)?__LOCK_REGION_LENGTH__:0x400
                0x00000400                __SIGNATURE_REGION_LENGTH__ = DEFINED (__SIGNATURE_REGION_LENGTH__)?__SIGNATURE_REGION_LENGTH__:0x400
                0x00000400                __USER_SIGNATURE_REGION_LENGTH__ = DEFINED (__USER_SIGNATURE_REGION_LENGTH__)?__USER_SIGNATURE_REGION_LENGTH__:0x400

.hash
 *(.hash)

.dynsym
 *(.dynsym)

.dynstr
 *(.dynstr)

.gnu.version
 *(.gnu.version)

.gnu.version_d
 *(.gnu.version_d)

.gnu.version_r
 *(.gnu.version_r)

.rel.init
 *(.rel.init)

.rela.init
 *(.rela.init)

.rel.text
 *(.rel.text)
 *(.rel.text.*)
 *(.rel.gnu.linkonce.t*)

.rela.text
 *(.rela.text)
 *(.rela.text.*)
 *(.rela.gnu.linkonce.t*)

.rel.fini
 *(.rel.fini)

.rela.fini
 *(.rela.fini)

.rel.rodata
 *(.rel.rodata)
 *(.rel.rodata.*)
 *(.rel.gnu.linkonce.r*)

.rela.rodata
 *(.rela.rodata)
 *(.rela.rodata.*)
 *(.rela.gnu.linkonce.r*)

.rel.data
 *(.rel.data)
 *(.rel.data.*)
 *(.rel.gnu.linkonce.d*)

.rela.data
 *(.rela.data)
 *(.rela.data.*)
 *(.rela.gnu.linkonce.d*)

.rel.ctors
 *(.rel.ctors)

.rela.ctors
 *(.rela.ctors)

.rel.dtors
 *(.rel.dtors)

.rela.dtors
 *(.rela.dtors)

.rel.got
 *(.rel.got)

.rela.got
 *(.rela.got)

.rel.bss
 *(.rel.bss)

.rela.bss
 *(.rela.bss)

.rel.plt
 *(.rel.plt)

.rela.plt
 *(.rela.plt)

.text           0x00000000     0x6f88
 *(.vectors)
 .vectors       0x00000000       0x54 C:/Program Files (x86)/Atmel/Studio/7.0/Packs/atmel/ATmega_DFP/1.2.209/gcc/dev/atmega32/avr5/crtatmega32.o
                0x00000000                __vector_default
                0x00000000                __vectors
 *(.vectors)
 *(.progmem.gcc*)
 .progmem.gcc_sw_table.main
                0x00000054       0x14 src/main.o
 .progmem.gcc_sw_table.commandLen
                0x00000068      0x100 src/midi.o
 .progmem.gcc_sw_table.disk_ioctl
                0x00000168       0x1e src/mmc.o
                0x00000186                . = ALIGN (0x2)
                0x00000186                __trampolines_start = .
 *(.trampolines)
 .trampolines   0x00000186        0x0 linker stubs
 *(.trampolines*)
                0x00000186                __trampolines_end = .
 *libprintf_flt.a:*(.progmem.data)
 *libc.a:*(.progmem.data)
 *(.progmem*)
 .progmem.data.LcdCustomChar
                0x00000186       0x88 src/lcd.o
                0x00000186                LcdCustomChar
                0x0000020e                . = ALIGN (0x2)
 *(.jumptables)
 *(.jumptables*)
 *(.lowtext)
 *(.lowtext*)
                0x0000020e                __ctors_start = .
 *(.ctors)
                0x0000020e                __ctors_end = .
                0x0000020e                __dtors_start = .
 *(.dtors)
                0x0000020e                __dtors_end = .
 SORT(*)(.ctors)
 SORT(*)(.dtors)
 *(.init0)
 .init0         0x0000020e        0x0 C:/Program Files (x86)/Atmel/Studio/7.0/Packs/atmel/ATmega_DFP/1.2.209/gcc/dev/atmega32/avr5/crtatmega32.o
                0x0000020e                __init
 *(.init0)
 *(.init1)
 *(.init1)
 *(.init2)
 .init2         0x0000020e        0xc C:/Program Files (x86)/Atmel/Studio/7.0/Packs/atmel/ATmega_DFP/1.2.209/gcc/dev/atmega32/avr5/crtatmega32.o
 *(.init2)
 *(.init3)
 *(.init3)
 *(.init4)
 .init4         0x0000021a       0x16 c:/program files (x86)/atmel/studio/7.0/toolchain/avr8/avr8-gnu-toolchain/bin/../lib/gcc/avr/5.4.0/avr5\libgcc.a(_copy_data.o)
                0x0000021a                __do_copy_data
 .init4         0x00000230       0x10 c:/program files (x86)/atmel/studio/7.0/toolchain/avr8/avr8-gnu-toolchain/bin/../lib/gcc/avr/5.4.0/avr5\libgcc.a(_clear_bss.o)
                0x00000230                __do_clear_bss
 *(.init4)
 *(.init5)
 *(.init5)
 *(.init6)
 *(.init6)
 *(.init7)
 *(.init7)
 *(.init8)
 *(.init8)
 *(.init9)
 .init9         0x00000240        0x8 C:/Program Files (x86)/Atmel/Studio/7.0/Packs/atmel/ATmega_DFP/1.2.209/gcc/dev/atmega32/avr5/crtatmega32.o
 *(.init9)
 *(.text)
 .text          0x00000248        0x4 C:/Program Files (x86)/Atmel/Studio/7.0/Packs/atmel/ATmega_DFP/1.2.209/gcc/dev/atmega32/avr5/crtatmega32.o
                0x00000248                __vector_1
                0x00000248                __vector_12
                0x00000248                __bad_interrupt
                0x00000248                __vector_3
                0x00000248                __vector_17
                0x00000248                __vector_19
                0x00000248                __vector_2
                0x00000248                __vector_14
                0x00000248                __vector_18
                0x00000248                __vector_20
                0x0000024c                . = ALIGN (0x2)
 *(.text.*)
 .text.a2dSetPrescaler
                0x0000024c        0xa src/a2d.o
                0x0000024c                a2dSetPrescaler
 .text.a2dSetReference
                0x00000256       0x12 src/a2d.o
                0x00000256                a2dSetReference
 .text.a2dInit  0x00000268       0x1c src/a2d.o
                0x00000268                a2dInit
 .text.a2dSetChannel
                0x00000284        0xc src/a2d.o
                0x00000284                a2dSetChannel
 .text.a2dStartConvert
                0x00000290        0x6 src/a2d.o
                0x00000290                a2dStartConvert
 .text.a2dConvert10bit
                0x00000296       0x20 src/a2d.o
                0x00000296                a2dConvert10bit
 .text.a2dConvert8bit
                0x000002b6        0xe src/a2d.o
                0x000002b6                a2dConvert8bit
 .text.__vector_16
                0x000002c4       0x1e src/a2d.o
                0x000002c4                __vector_16
 .text.bufferInit
                0x000002e2       0x1a src/buffer.o
                0x000002e2                bufferInit
 .text.bufferGetFromFront
                0x000002fc       0x48 src/buffer.o
                0x000002fc                bufferGetFromFront
 .text.bufferAddToEnd
                0x00000344       0x46 src/buffer.o
                0x00000344                bufferAddToEnd
 .text.mem_cpy  0x0000038a       0x58 src/ff.o
 .text.get_fileinfo
                0x000003e2       0xf6 src/ff.o
 .text.move_window
                0x000004d8       0xfc src/ff.o
 .text.check_fs
                0x000005d4       0x76 src/ff.o
 .text.validate
                0x0000064a       0x34 src/ff.o
 .text.chk_mounted
                0x0000067e      0x5cc src/ff.o
 .text.sync     0x00000c4a       0xca src/ff.o
 .text.clust2sect
                0x00000d14       0x50 src/ff.o
                0x00000d14                clust2sect
 .text.get_fat  0x00000d64      0x1c6 src/ff.o
                0x00000d64                get_fat
 .text.dir_sdi  0x00000f2a      0x170 src/ff.o
 .text.put_fat  0x0000109a      0x240 src/ff.o
                0x0000109a                put_fat
 .text.create_chain
                0x000012da      0x1ee src/ff.o
 .text.dir_next
                0x000014c8      0x270 src/ff.o
 .text.follow_path
                0x00001738      0x394 src/ff.o
 .text.dir_register
                0x00001acc       0xae src/ff.o
 .text.dir_read
                0x00001b7a       0x62 src/ff.o
 .text.remove_chain
                0x00001bdc       0xf2 src/ff.o
 .text.f_mount  0x00001cce       0x2c src/ff.o
                0x00001cce                f_mount
 .text.f_open   0x00001cfa      0x262 src/ff.o
                0x00001cfa                f_open
 .text.f_read   0x00001f5c      0x298 src/ff.o
                0x00001f5c                f_read
 .text.f_write  0x000021f4      0x35c src/ff.o
                0x000021f4                f_write
 .text.f_sync   0x00002550       0x92 src/ff.o
                0x00002550                f_sync
 .text.f_close  0x000025e2       0x18 src/ff.o
                0x000025e2                f_close
 .text.f_getcwd
                0x000025fa      0x282 src/ff.o
                0x000025fa                f_getcwd
 .text.f_lseek  0x0000287c      0x3b0 src/ff.o
                0x0000287c                f_lseek
 .text.f_opendir
                0x00002c2c       0xca src/ff.o
                0x00002c2c                f_opendir
 .text.f_readdir
                0x00002cf6       0xb4 src/ff.o
                0x00002cf6                f_readdir
 .text.rx_handler
                0x00002daa       0x18 src/handlers.o
                0x00002daa                rx_handler
 .text.get_fattime
                0x00002dc2        0x8 src/handlers.o
                0x00002dc2                get_fattime
 .text.configTimers
                0x00002dca       0x2a src/handlers.o
                0x00002dca                configTimers
 .text.setInputs
                0x00002df4       0x2e src/handlers.o
                0x00002df4                setInputs
 .text.readInputs
                0x00002e22       0xdc src/handlers.o
                0x00002e22                readInputs
 .text.addMillis
                0x00002efe       0x6a src/handlers.o
                0x00002efe                addMillis
 .text.getMicros
                0x00002f68       0x4e src/handlers.o
                0x00002f68                getMicros
 .text.getLCDString
                0x00002fb6       0x20 src/handlers.o
                0x00002fb6                getLCDString
 .text.setMidiFile
                0x00002fd6       0x92 src/handlers.o
                0x00002fd6                setMidiFile
 .text.checkSD  0x00003068       0xa6 src/handlers.o
                0x00003068                checkSD
 .text.createFileList
                0x0000310e      0x116 src/handlers.o
                0x0000310e                createFileList
 .text.setSoundFile
                0x00003224       0xa4 src/handlers.o
                0x00003224                setSoundFile
 .text.scrollSoundList
                0x000032c8      0x2a6 src/handlers.o
                0x000032c8                scrollSoundList
 .text.handleFileList
                0x0000356e      0x118 src/handlers.o
                0x0000356e                handleFileList
 .text.writeMidi
                0x00003686        0x2 src/handlers.o
                0x00003686                writeMidi
 .text.lcdInitHW
                0x00003688       0x1a src/lcd.o
                0x00003688                lcdInitHW
 .text.lcdBusyWait
                0x000036a2      0x122 src/lcd.o
                0x000036a2                lcdBusyWait
 .text.lcdControlWrite
                0x000037c4       0xf0 src/lcd.o
                0x000037c4                lcdControlWrite
 .text.lcdControlRead
                0x000038b4       0xd4 src/lcd.o
                0x000038b4                lcdControlRead
 .text.lcdDataWrite
                0x00003988       0xf0 src/lcd.o
                0x00003988                lcdDataWrite
 .text.lcdClear
                0x00003a78        0x8 src/lcd.o
                0x00003a78                lcdClear
 .text.lcdGotoXY
                0x00003a80       0x1e src/lcd.o
                0x00003a80                lcdGotoXY
 .text.lcdLoadCustomChar
                0x00003a9e       0x70 src/lcd.o
                0x00003a9e                lcdLoadCustomChar
 .text.lcdInit  0x00003b0e       0x92 src/lcd.o
                0x00003b0e                lcdInit
 .text.lcdPrintData
                0x00003ba0       0x36 src/lcd.o
                0x00003ba0                lcdPrintData
 .text.main     0x00003bd6      0x5f2 src/main.o
                0x00003bd6                main
 .text.setMidiHandler
                0x000041c8        0x8 src/MD_MIDIFile.o
                0x000041c8                setMidiHandler
 .text.setMetaHandler
                0x000041d0        0x8 src/MD_MIDIFile.o
                0x000041d0                setMetaHandler
 .text.setSysexHandler
                0x000041d8        0x8 src/MD_MIDIFile.o
                0x000041d8                setSysexHandler
 .text.synchTracks
                0x000041e0       0x4c src/MD_MIDIFile.o
                0x000041e0                synchTracks
 .text.closeMIDIFile
                0x0000422c       0x56 src/MD_MIDIFile.o
                0x0000422c                closeMIDIFile
 .text.calcTickTime
                0x00004282       0x6a src/MD_MIDIFile.o
                0x00004282                calcTickTime
 .text.setTempoAdjust
                0x000042ec       0x1e src/MD_MIDIFile.o
                0x000042ec                setTempoAdjust
 .text.setTempo
                0x0000430a       0x1e src/MD_MIDIFile.o
                0x0000430a                setTempo
 .text.setTimeSignature
                0x00004328       0x12 src/MD_MIDIFile.o
                0x00004328                setTimeSignature
 .text.setMicrosecondPerQuarterNote
                0x0000433a       0x36 src/MD_MIDIFile.o
                0x0000433a                setMicrosecondPerQuarterNote
 .text.initialise
                0x00004370       0x84 src/MD_MIDIFile.o
                0x00004370                initialise
 .text.restart  0x000043f4       0x5c src/MD_MIDIFile.o
                0x000043f4                restart
 .text.isEOF    0x00004450       0x5e src/MD_MIDIFile.o
                0x00004450                isEOF
 .text.tickClock
                0x000044ae       0xb4 src/MD_MIDIFile.o
                0x000044ae                tickClock
 .text.processEvents
                0x00004562       0x7c src/MD_MIDIFile.o
                0x00004562                processEvents
 .text.getNextEvent
                0x000045de       0x4e src/MD_MIDIFile.o
                0x000045de                getNextEvent
 .text.loadMIDIFile
                0x0000462c      0x208 src/MD_MIDIFile.o
                0x0000462c                loadMIDIFile
 .text.setFilename
                0x00004834        0xe src/MD_MIDIFile.o
                0x00004834                setFilename
 .text.readMultiByte
                0x00004842       0x82 src/MD_MIDIHelper.o
                0x00004842                readMultiByte
 .text.readVarLen
                0x000048c4       0x9c src/MD_MIDIHelper.o
                0x000048c4                readVarLen
 .text.getEndOfTrack
                0x00004960        0x6 src/MD_MIDITrack.o
                0x00004960                getEndOfTrack
 .text.syncTime
                0x00004966        0xc src/MD_MIDITrack.o
                0x00004966                syncTime
 .text.restartTrack
                0x00004972       0x16 src/MD_MIDITrack.o
                0x00004972                restartTrack
 .text.resetTrack
                0x00004988       0x24 src/MD_MIDITrack.o
                0x00004988                resetTrack
 .text.closeTrack
                0x000049ac        0x6 src/MD_MIDITrack.o
                0x000049ac                closeTrack
 .text.parseEvent
                0x000049b2      0x512 src/MD_MIDITrack.o
                0x000049b2                parseEvent
 .text.getNextTrackEvent
                0x00004ec4       0xfc src/MD_MIDITrack.o
                0x00004ec4                getNextTrackEvent
 .text.loadTrack
                0x00004fc0       0xe4 src/MD_MIDITrack.o
                0x00004fc0                loadTrack
 .text.midiInit
                0x000050a4        0x8 src/midi.o
                0x000050a4                midiInit
 .text.getMidiStruct
                0x000050ac       0x16 src/midi.o
                0x000050ac                getMidiStruct
 .text.sendMidiMessage
                0x000050c2       0x8a src/midi.o
                0x000050c2                sendMidiMessage
 .text.sendMidiBuffer
                0x0000514c       0x32 src/midi.o
                0x0000514c                sendMidiBuffer
 .text.sendProgramChange
                0x0000517e       0x2e src/midi.o
                0x0000517e                sendProgramChange
 .text.commandLen
                0x000051ac       0x32 src/midi.o
                0x000051ac                commandLen
 .text.readMidiMessage
                0x000051de       0xec src/midi.o
                0x000051de                readMidiMessage
 .text.metaFun  0x000052ca        0x2 src/midi.o
                0x000052ca                metaFun
 .text.sysexFun
                0x000052cc        0x2 src/midi.o
                0x000052cc                sysexFun
 .text.midiFun  0x000052ce       0x82 src/midi.o
                0x000052ce                midiFun
 .text.midiPlayVolume
                0x00005350        0x6 src/midi.o
                0x00005350                midiPlayVolume
 .text.rcvr_spi
                0x00005356        0xc src/mmc.o
 .text.wait_ready
                0x00005362       0x26 src/mmc.o
 .text.deselect
                0x00005388        0x8 src/mmc.o
 .text.select   0x00005390       0x22 src/mmc.o
 .text.rcvr_datablock
                0x000053b2       0x8c src/mmc.o
 .text.xmit_datablock
                0x0000543e       0x70 src/mmc.o
 .text.send_cmd
                0x000054ae       0xa8 src/mmc.o
 .text.disk_initialize
                0x00005556      0x182 src/mmc.o
                0x00005556                disk_initialize
 .text.disk_status
                0x000056d8        0xe src/mmc.o
                0x000056d8                disk_status
 .text.disk_read
                0x000056e6       0xa6 src/mmc.o
                0x000056e6                disk_read
 .text.disk_write
                0x0000578c       0xd8 src/mmc.o
                0x0000578c                disk_write
 .text.disk_ioctl
                0x00005864      0x370 src/mmc.o
                0x00005864                disk_ioctl
 .text.disk_timerproc
                0x00005bd4       0x28 src/mmc.o
                0x00005bd4                disk_timerproc
 .text.spiInit  0x00005bfc       0x22 src/spi.o
                0x00005bfc                spiInit
 .text.spiSendByte
                0x00005c1e        0x8 src/spi.o
                0x00005c1e                spiSendByte
 .text.spiTransferByte
                0x00005c26        0xa src/spi.o
                0x00005c26                spiTransferByte
 .text.SRAM_resetReader
                0x00005c30       0x22 src/SRAMDriver.o
                0x00005c30                SRAM_resetReader
 .text.SRAM_resetWriter
                0x00005c52       0x22 src/SRAMDriver.o
                0x00005c52                SRAM_resetWriter
 .text.incrementReader
                0x00005c74       0xa8 src/SRAMDriver.o
                0x00005c74                incrementReader
 .text.SRAM_seekRead
                0x00005d1c       0x3e src/SRAMDriver.o
                0x00005d1c                SRAM_seekRead
 .text.incrementWriter
                0x00005d5a       0xa8 src/SRAMDriver.o
                0x00005d5a                incrementWriter
 .text.SRAM_seekWrite
                0x00005e02       0x3e src/SRAMDriver.o
                0x00005e02                SRAM_seekWrite
 .text.ReadSPI  0x00005e40        0x8 src/SRAMDriver.o
                0x00005e40                ReadSPI
 .text.SRAMEnable
                0x00005e48       0x34 src/SRAMDriver.o
                0x00005e48                SRAMEnable
 .text.SRAMDisable
                0x00005e7c       0x32 src/SRAMDriver.o
                0x00005e7c                SRAMDisable
 .text.InitSRAM
                0x00005eae       0x56 src/SRAMDriver.o
                0x00005eae                InitSRAM
 .text.SRAMWriteStatusReg
                0x00005f04       0x26 src/SRAMDriver.o
                0x00005f04                SRAMWriteStatusReg
 .text.SRAMCommand
                0x00005f2a       0x2c src/SRAMDriver.o
                0x00005f2a                SRAMCommand
 .text.SRAMWriteSeq
                0x00005f56       0x80 src/SRAMDriver.o
                0x00005f56                SRAMWriteSeq
 .text.writeSRAM
                0x00005fd6      0x134 src/SRAMDriver.o
                0x00005fd6                writeSRAM
 .text.SRAMReadSeq
                0x0000610a       0x80 src/SRAMDriver.o
                0x0000610a                SRAMReadSeq
 .text.readSRAM
                0x0000618a      0x134 src/SRAMDriver.o
                0x0000618a                readSRAM
 .text.delay_us
                0x000062be       0x36 src/timer.o
                0x000062be                delay_us
 .text.timerAttach
                0x000062f4       0x16 src/timer.o
                0x000062f4                timerAttach
 .text.__vector_11
                0x0000630a       0xa6 src/timer.o
                0x0000630a                __vector_11
 .text.__vector_9
                0x000063b0       0x5a src/timer.o
                0x000063b0                __vector_9
 .text.__vector_5
                0x0000640a       0x80 src/timer.o
                0x0000640a                __vector_5
 .text.__vector_10
                0x0000648a       0x5a src/timer.o
                0x0000648a                __vector_10
 .text.__vector_7
                0x000064e4       0x5a src/timer.o
                0x000064e4                __vector_7
 .text.__vector_8
                0x0000653e       0x5a src/timer.o
                0x0000653e                __vector_8
 .text.__vector_6
                0x00006598       0x5a src/timer.o
                0x00006598                __vector_6
 .text.__vector_4
                0x000065f2       0x5a src/timer.o
                0x000065f2                __vector_4
 .text.uartInitBuffers
                0x0000664c       0x22 src/uart.o
                0x0000664c                uartInitBuffers
 .text.uartInit
                0x0000666e       0x30 src/uart.o
                0x0000666e                uartInit
 .text.uartSetRxHandler
                0x0000669e        0xa src/uart.o
                0x0000669e                uartSetRxHandler
 .text.uartSetBaudRate
                0x000066a8       0x66 src/uart.o
                0x000066a8                uartSetBaudRate
 .text.uartSendByte
                0x0000670e       0x10 src/uart.o
                0x0000670e                uartSendByte
 .text.uartReceiveByte
                0x0000671e       0x38 src/uart.o
                0x0000671e                uartReceiveByte
 .text.uartGetByte
                0x00006756       0x28 src/uart.o
                0x00006756                uartGetByte
 .text.uartFlushReceiveBuffer
                0x0000677e        0xa src/uart.o
                0x0000677e                uartFlushReceiveBuffer
 .text.uartReceiveBufferIsEmpty
                0x00006788       0x12 src/uart.o
                0x00006788                uartReceiveBufferIsEmpty
 .text.__vector_15
                0x0000679a       0x76 src/uart.o
                0x0000679a                __vector_15
 .text.__vector_13
                0x00006810       0x7e src/uart.o
                0x00006810                __vector_13
 .text.avr-libc.fplib
                0x0000688e        0x8 c:/program files (x86)/atmel/studio/7.0/toolchain/avr8/avr8-gnu-toolchain/bin/../lib/gcc/avr/5.4.0/../../../../avr/lib/avr5\libm.a(divsf3.o)
                0x0000688e                __divsf3
 .text.avr-libc.fplib
                0x00006896       0xdc c:/program files (x86)/atmel/studio/7.0/toolchain/avr8/avr8-gnu-toolchain/bin/../lib/gcc/avr/5.4.0/../../../../avr/lib/avr5\libm.a(divsf3x.o)
                0x000068b6                __divsf3x
                0x000068bc                __divsf3_pse
 .text.avr-libc.fplib
                0x00006972       0x5e c:/program files (x86)/atmel/studio/7.0/toolchain/avr8/avr8-gnu-toolchain/bin/../lib/gcc/avr/5.4.0/../../../../avr/lib/avr5\libm.a(fixunssfsi.o)
                0x00006972                __fixunssfsi
 .text.avr-libc.fplib
                0x000069d0       0x7a c:/program files (x86)/atmel/studio/7.0/toolchain/avr8/avr8-gnu-toolchain/bin/../lib/gcc/avr/5.4.0/../../../../avr/lib/avr5\libm.a(floatsisf.o)
                0x000069d0                __floatunsisf
                0x000069d4                __floatsisf
 .text.avr-libc.fplib
                0x00006a4a        0xc c:/program files (x86)/atmel/studio/7.0/toolchain/avr8/avr8-gnu-toolchain/bin/../lib/gcc/avr/5.4.0/../../../../avr/lib/avr5\libm.a(fp_inf.o)
                0x00006a4a                __fp_inf
 .text.avr-libc.fplib
                0x00006a56        0x6 c:/program files (x86)/atmel/studio/7.0/toolchain/avr8/avr8-gnu-toolchain/bin/../lib/gcc/avr/5.4.0/../../../../avr/lib/avr5\libm.a(fp_nan.o)
                0x00006a56                __fp_nan
 .text.avr-libc.fplib
                0x00006a5c        0xe c:/program files (x86)/atmel/studio/7.0/toolchain/avr8/avr8-gnu-toolchain/bin/../lib/gcc/avr/5.4.0/../../../../avr/lib/avr5\libm.a(fp_pscA.o)
                0x00006a5c                __fp_pscA
 .text.avr-libc.fplib
                0x00006a6a        0xe c:/program files (x86)/atmel/studio/7.0/toolchain/avr8/avr8-gnu-toolchain/bin/../lib/gcc/avr/5.4.0/../../../../avr/lib/avr5\libm.a(fp_pscB.o)
                0x00006a6a                __fp_pscB
 .text.avr-libc.fplib
                0x00006a78       0x22 c:/program files (x86)/atmel/studio/7.0/toolchain/avr8/avr8-gnu-toolchain/bin/../lib/gcc/avr/5.4.0/../../../../avr/lib/avr5\libm.a(fp_round.o)
                0x00006a78                __fp_round
 .text.avr-libc.fplib
                0x00006a9a       0x44 c:/program files (x86)/atmel/studio/7.0/toolchain/avr8/avr8-gnu-toolchain/bin/../lib/gcc/avr/5.4.0/../../../../avr/lib/avr5\libm.a(fp_split3.o)
                0x00006a9a                __fp_split3
                0x00006aaa                __fp_splitA
 .text.avr-libc.fplib
                0x00006ade        0xe c:/program files (x86)/atmel/studio/7.0/toolchain/avr8/avr8-gnu-toolchain/bin/../lib/gcc/avr/5.4.0/../../../../avr/lib/avr5\libm.a(fp_zero.o)
                0x00006ade                __fp_zero
                0x00006ae0                __fp_szero
 .text.avr-libc.fplib
                0x00006aec        0x8 c:/program files (x86)/atmel/studio/7.0/toolchain/avr8/avr8-gnu-toolchain/bin/../lib/gcc/avr/5.4.0/../../../../avr/lib/avr5\libm.a(mulsf3.o)
                0x00006aec                __mulsf3
 .text.avr-libc.fplib
                0x00006af4       0xd2 c:/program files (x86)/atmel/studio/7.0/toolchain/avr8/avr8-gnu-toolchain/bin/../lib/gcc/avr/5.4.0/../../../../avr/lib/avr5\libm.a(mulsf3x.o)
                0x00006b12                __mulsf3x
                0x00006b18                __mulsf3_pse
 .text.libgcc.div
                0x00006bc6       0x28 c:/program files (x86)/atmel/studio/7.0/toolchain/avr8/avr8-gnu-toolchain/bin/../lib/gcc/avr/5.4.0/avr5\libgcc.a(_udivmodhi4.o)
                0x00006bc6                __udivmodhi4
 .text.libgcc.div
                0x00006bee       0x44 c:/program files (x86)/atmel/studio/7.0/toolchain/avr8/avr8-gnu-toolchain/bin/../lib/gcc/avr/5.4.0/avr5\libgcc.a(_udivmodsi4.o)
                0x00006bee                __udivmodsi4
 .text.libgcc.div
                0x00006c32       0x2e c:/program files (x86)/atmel/studio/7.0/toolchain/avr8/avr8-gnu-toolchain/bin/../lib/gcc/avr/5.4.0/avr5\libgcc.a(_divmodsi4.o)
                0x00006c32                __divmodsi4
 .text.libgcc.div
                0x00006c60       0x10 c:/program files (x86)/atmel/studio/7.0/toolchain/avr8/avr8-gnu-toolchain/bin/../lib/gcc/avr/5.4.0/avr5\libgcc.a(_negsi2.o)
                0x00006c60                __negsi2
 .text.libgcc   0x00006c70        0xc c:/program files (x86)/atmel/studio/7.0/toolchain/avr8/avr8-gnu-toolchain/bin/../lib/gcc/avr/5.4.0/avr5\libgcc.a(_tablejump2.o)
                0x00006c70                __tablejump2__
 .text.libgcc.mul
                0x00006c7c       0x1e c:/program files (x86)/atmel/studio/7.0/toolchain/avr8/avr8-gnu-toolchain/bin/../lib/gcc/avr/5.4.0/avr5\libgcc.a(_umulhisi3.o)
                0x00006c7c                __umulhisi3
 .text.libgcc.mul
                0x00006c9a       0x16 c:/program files (x86)/atmel/studio/7.0/toolchain/avr8/avr8-gnu-toolchain/bin/../lib/gcc/avr/5.4.0/avr5\libgcc.a(_muluhisi3.o)
                0x00006c9a                __muluhisi3
 .text.avr-libc
                0x00006cb0      0x242 c:/program files (x86)/atmel/studio/7.0/toolchain/avr8/avr8-gnu-toolchain/bin/../lib/gcc/avr/5.4.0/../../../../avr/lib/avr5\libc.a(malloc.o)
                0x00006cb0                malloc
                0x00006de0                free
 .text.avr-libc
                0x00006ef2       0x12 c:/program files (x86)/atmel/studio/7.0/toolchain/avr8/avr8-gnu-toolchain/bin/../lib/gcc/avr/5.4.0/../../../../avr/lib/avr5\libc.a(strcmp.o)
                0x00006ef2                strcmp
 .text.avr-libc
                0x00006f04        0xe c:/program files (x86)/atmel/studio/7.0/toolchain/avr8/avr8-gnu-toolchain/bin/../lib/gcc/avr/5.4.0/../../../../avr/lib/avr5\libc.a(strcpy.o)
                0x00006f04                strcpy
 .text.avr-libc
                0x00006f12       0x1e c:/program files (x86)/atmel/studio/7.0/toolchain/avr8/avr8-gnu-toolchain/bin/../lib/gcc/avr/5.4.0/../../../../avr/lib/avr5\libc.a(strncpy.o)
                0x00006f12                strncpy
 .text.avr-libc
                0x00006f30       0x34 c:/program files (x86)/atmel/studio/7.0/toolchain/avr8/avr8-gnu-toolchain/bin/../lib/gcc/avr/5.4.0/../../../../avr/lib/avr5\libc.a(strstr.o)
                0x00006f30                strstr
 .text.avr-libc
                0x00006f64       0x20 C:/Program Files (x86)/Atmel/Studio/7.0/Packs/atmel/ATmega_DFP/1.2.209/gcc/dev/atmega32/avr5\libatmega32.a(eerd_block.o)
                0x00006f64                eeprom_read_block
                0x00006f68                eeprom_read_blraw
                0x00006f84                . = ALIGN (0x2)
 *(.fini9)
 .fini9         0x00006f84        0x0 c:/program files (x86)/atmel/studio/7.0/toolchain/avr8/avr8-gnu-toolchain/bin/../lib/gcc/avr/5.4.0/avr5\libgcc.a(_exit.o)
                0x00006f84                _exit
                0x00006f84                exit
 *(.fini9)
 *(.fini8)
 *(.fini8)
 *(.fini7)
 *(.fini7)
 *(.fini6)
 *(.fini6)
 *(.fini5)
 *(.fini5)
 *(.fini4)
 *(.fini4)
 *(.fini3)
 *(.fini3)
 *(.fini2)
 *(.fini2)
 *(.fini1)
 *(.fini1)
 *(.fini0)
 .fini0         0x00006f84        0x4 c:/program files (x86)/atmel/studio/7.0/toolchain/avr8/avr8-gnu-toolchain/bin/../lib/gcc/avr/5.4.0/avr5\libgcc.a(_exit.o)
 *(.fini0)
                0x00006f88                _etext = .

.data           0x00800060      0x11c load address 0x00006f88
                0x00800060                PROVIDE (__data_start, .)
 *(.data)
 .data          0x00800060        0x6 c:/program files (x86)/atmel/studio/7.0/toolchain/avr8/avr8-gnu-toolchain/bin/../lib/gcc/avr/5.4.0/../../../../avr/lib/avr5\libc.a(malloc.o)
                0x00800060                __malloc_heap_end
                0x00800062                __malloc_heap_start
                0x00800064                __malloc_margin
 *(.data*)
 .data.Stat     0x00800066        0x1 src/mmc.o
 .data.sramPins
                0x00800067        0x4 src/SRAMDriver.o
                0x00800067                sramPins
 .data.sramPORT
                0x0080006b        0x8 src/SRAMDriver.o
                0x0080006b                sramPORT
 .data.sramDDR  0x00800073        0x8 src/SRAMDriver.o
                0x00800073                sramDDR
 *(.gnu.linkonce.d*)
 *(.rodata)
 .rodata        0x0080007b        0x5 src/main.o
 .rodata        0x00800080       0x24 src/MD_MIDITrack.o
 *(.rodata*)
 .rodata.str1.1
                0x008000a4        0xf src/ff.o
 .rodata.excvt.1925
                0x008000b3       0x80 src/ff.o
 .rodata.str1.1
                0x00800133        0x4 src/handlers.o
 .rodata.str1.1
                0x00800137        0xe src/main.o
                                 0x13 (size before relaxing)
 .rodata.str1.1
                0x00800145        0x5 src/MD_MIDIFile.o
 .rodata.str1.1
                0x0080014a       0x32 src/MD_MIDITrack.o
                                 0x34 (size before relaxing)
 *(.gnu.linkonce.r*)
                0x0080017c                . = ALIGN (0x2)
                0x0080017c                _edata = .
                0x0080017c                PROVIDE (__data_end, .)

.bss            0x0080017c      0x343
                0x0080017c                PROVIDE (__bss_start, .)
 *(.bss)
 *(.bss*)
 .bss.CurrVol   0x0080017c        0x1 src/ff.o
 .bss.Fsid      0x0080017d        0x2 src/ff.o
 .bss.FatFs     0x0080017f        0x2 src/ff.o
 .bss.inp_old.2533
                0x00800181        0xb src/handlers.o
 .bss.lcdstr    0x0080018c       0x10 src/handlers.o
 .bss.timer0_fract
                0x0080019c        0x1 src/handlers.o
 .bss.timer0_millis
                0x0080019d        0x4 src/handlers.o
                0x0080019d                timer0_millis
 .bss.timer0_overflow_count
                0x008001a1        0x4 src/handlers.o
                0x008001a1                timer0_overflow_count
 .bss.noteEvent
                0x008001a5        0x1 src/midi.o
                0x008001a5                noteEvent
 .bss.CardType  0x008001a6        0x1 src/mmc.o
 .bss.Timer2    0x008001a7        0x1 src/mmc.o
 .bss.Timer1    0x008001a8        0x1 src/mmc.o
 .bss.currentWriter
                0x008001a9        0xd src/SRAMDriver.o
                0x008001a9                currentWriter
 .bss.currentReader
                0x008001b6        0xd src/SRAMDriver.o
                0x008001b6                currentReader
 .bss.currentSRAM
                0x008001c3        0x1 src/SRAMDriver.o
                0x008001c3                currentSRAM
 .bss.TimerIntFunc
                0x008001c4       0x10 src/timer.o
 .bss.UartRxFunc
                0x008001d4        0x2 src/uart.o
 .bss.uartTxData
                0x008001d6       0x40 src/uart.o
 .bss.uartRxData
                0x00800216       0x40 src/uart.o
 *(COMMON)
 COMMON         0x00800256        0x1 src/a2d.o
                0x00800256                a2dCompleteFlag
 COMMON         0x00800257      0x232 src/main.o
                0x00800257                Fatfs
 COMMON         0x00800489       0x10 src/midi.o
                0x00800489                fileVolume
                0x0080048a                midiState
                0x0080048b                midiReadIndex
                0x0080048c                midiBytesToIgnore
                0x0080048d                playVolume
                0x0080048e                work_event
 COMMON         0x00800499        0x1 src/spi.o
                0x00800499                spiTransferComplete
 COMMON         0x0080049a        0xc src/timer.o
                0x0080049a                Timer0Reg0
                0x0080049e                TimerPauseReg
                0x008004a2                Timer2Reg0
 COMMON         0x008004a6       0x15 src/uart.o
                0x008004a6                uartReadyTx
                0x008004a7                uartRxBuffer
                0x008004af                uartBufferIndex
                0x008004b0                uartBufferedTx
                0x008004b1                uartTxBuffer
                0x008004b9                uartRxOverflow
 COMMON         0x008004bb        0x4 c:/program files (x86)/atmel/studio/7.0/toolchain/avr8/avr8-gnu-toolchain/bin/../lib/gcc/avr/5.4.0/../../../../avr/lib/avr5\libc.a(malloc.o)
                0x008004bb                __brkval
                0x008004bd                __flp
                0x008004bf                PROVIDE (__bss_end, .)
                0x00006f88                __data_load_start = LOADADDR (.data)
                0x000070a4                __data_load_end = (__data_load_start + SIZEOF (.data))

.noinit         0x008004bf        0x0
                [!provide]                PROVIDE (__noinit_start, .)
 *(.noinit*)
                [!provide]                PROVIDE (__noinit_end, .)
                0x008004bf                _end = .
                0x008004bf                PROVIDE (__heap_start, .)

.eeprom         0x00810000        0x0
 *(.eeprom*)
                0x00810000                __eeprom_end = .

.fuse
 *(.fuse)
 *(.lfuse)
 *(.hfuse)
 *(.efuse)

.lock
 *(.lock*)

.signature
 *(.signature*)

.user_signatures
 *(.user_signatures*)

.stab
 *(.stab)

.stabstr
 *(.stabstr)

.stab.excl
 *(.stab.excl)

.stab.exclstr
 *(.stab.exclstr)

.stab.index
 *(.stab.index)

.stab.indexstr
 *(.stab.indexstr)

.comment        0x00000000       0x30
 *(.comment)
 .comment       0x00000000       0x30 src/a2d.o
                                 0x31 (size before relaxing)
 .comment       0x00000030       0x31 src/buffer.o
 .comment       0x00000030       0x31 src/ff.o
 .comment       0x00000030       0x31 src/handlers.o
 .comment       0x00000030       0x31 src/lcd.o
 .comment       0x00000030       0x31 src/main.o
 .comment       0x00000030       0x31 src/MD_MIDIFile.o
 .comment       0x00000030       0x31 src/MD_MIDIHelper.o
 .comment       0x00000030       0x31 src/MD_MIDITrack.o
 .comment       0x00000030       0x31 src/midi.o
 .comment       0x00000030       0x31 src/mmc.o
 .comment       0x00000030       0x31 src/spi.o
 .comment       0x00000030       0x31 src/SRAMDriver.o
 .comment       0x00000030       0x31 src/timer.o
 .comment       0x00000030       0x31 src/uart.o
 .comment       0x00000030       0x31 c:/program files (x86)/atmel/studio/7.0/toolchain/avr8/avr8-gnu-toolchain/bin/../lib/gcc/avr/5.4.0/../../../../avr/lib/avr5\libc.a(malloc.o)

.note.gnu.avr.deviceinfo
                0x00000000       0x3c
 .note.gnu.avr.deviceinfo
                0x00000000       0x3c C:/Program Files (x86)/Atmel/Studio/7.0/Packs/atmel/ATmega_DFP/1.2.209/gcc/dev/atmega32/avr5/crtatmega32.o

.note.gnu.build-id
 *(.note.gnu.build-id)

.debug
 *(.debug)

.line
 *(.line)

.debug_srcinfo
 *(.debug_srcinfo)

.debug_sfnames
 *(.debug_sfnames)

.debug_aranges  0x00000000      0x8d0
 *(.debug_aranges)
 .debug_aranges
                0x00000000       0x68 src/a2d.o
 .debug_aranges
                0x00000068       0x50 src/buffer.o
 .debug_aranges
                0x000000b8      0x168 src/ff.o
 .debug_aranges
                0x00000220       0xb8 src/handlers.o
 .debug_aranges
                0x000002d8       0x80 src/lcd.o
 .debug_aranges
                0x00000358       0x20 src/main.o
 .debug_aranges
                0x00000378       0xc0 src/MD_MIDIFile.o
 .debug_aranges
                0x00000438       0x28 src/MD_MIDIHelper.o
 .debug_aranges
                0x00000460       0x60 src/MD_MIDITrack.o
 .debug_aranges
                0x000004c0       0x80 src/midi.o
 .debug_aranges
                0x00000540       0x80 src/mmc.o
 .debug_aranges
                0x000005c0       0x38 src/spi.o
 .debug_aranges
                0x000005f8       0xf0 src/SRAMDriver.o
 .debug_aranges
                0x000006e8      0x130 src/timer.o
 .debug_aranges
                0x00000818       0x98 src/uart.o
 .debug_aranges
                0x000008b0       0x20 C:/Program Files (x86)/Atmel/Studio/7.0/Packs/atmel/ATmega_DFP/1.2.209/gcc/dev/atmega32/avr5\libatmega32.a(eerd_block.o)

.debug_pubnames
 *(.debug_pubnames)

.debug_info     0x00000000     0xc39f
 *(.debug_info .gnu.linkonce.wi.*)
 .debug_info    0x00000000      0x4e6 C:/Program Files (x86)/Atmel/Studio/7.0/Packs/atmel/ATmega_DFP/1.2.209/gcc/dev/atmega32/avr5/crtatmega32.o
 .debug_info    0x000004e6      0x237 src/a2d.o
 .debug_info    0x0000071d      0x2f4 src/buffer.o
 .debug_info    0x00000a11     0x2f5f src/ff.o
 .debug_info    0x00003970     0x185f src/handlers.o
 .debug_info    0x000051cf      0x63c src/lcd.o
 .debug_info    0x0000580b     0x1458 src/main.o
 .debug_info    0x00006c63     0x1361 src/MD_MIDIFile.o
 .debug_info    0x00007fc4      0x413 src/MD_MIDIHelper.o
 .debug_info    0x000083d7     0x107c src/MD_MIDITrack.o
 .debug_info    0x00009453      0x57d src/midi.o
 .debug_info    0x000099d0      0xa6a src/mmc.o
 .debug_info    0x0000a43a      0x178 src/spi.o
 .debug_info    0x0000a5b2     0x1003 src/SRAMDriver.o
 .debug_info    0x0000b5b5      0x744 src/timer.o
 .debug_info    0x0000bcf9      0x5fb src/uart.o
 .debug_info    0x0000c2f4       0xab C:/Program Files (x86)/Atmel/Studio/7.0/Packs/atmel/ATmega_DFP/1.2.209/gcc/dev/atmega32/avr5\libatmega32.a(eerd_block.o)

.debug_abbrev   0x00000000     0x25bb
 *(.debug_abbrev)
 .debug_abbrev  0x00000000      0x4a3 C:/Program Files (x86)/Atmel/Studio/7.0/Packs/atmel/ATmega_DFP/1.2.209/gcc/dev/atmega32/avr5/crtatmega32.o
 .debug_abbrev  0x000004a3      0x120 src/a2d.o
 .debug_abbrev  0x000005c3      0x106 src/buffer.o
 .debug_abbrev  0x000006c9      0x32d src/ff.o
 .debug_abbrev  0x000009f6      0x409 src/handlers.o
 .debug_abbrev  0x00000dff      0x1bd src/lcd.o
 .debug_abbrev  0x00000fbc      0x203 src/main.o
 .debug_abbrev  0x000011bf      0x373 src/MD_MIDIFile.o
 .debug_abbrev  0x00001532      0x13f src/MD_MIDIHelper.o
 .debug_abbrev  0x00001671      0x2de src/MD_MIDITrack.o
 .debug_abbrev  0x0000194f      0x209 src/midi.o
 .debug_abbrev  0x00001b58      0x21a src/mmc.o
 .debug_abbrev  0x00001d72      0x117 src/spi.o
 .debug_abbrev  0x00001e89      0x293 src/SRAMDriver.o
 .debug_abbrev  0x0000211c      0x20e src/timer.o
 .debug_abbrev  0x0000232a      0x27d src/uart.o
 .debug_abbrev  0x000025a7       0x14 C:/Program Files (x86)/Atmel/Studio/7.0/Packs/atmel/ATmega_DFP/1.2.209/gcc/dev/atmega32/avr5\libatmega32.a(eerd_block.o)

.debug_line     0x00000000     0x63a9
 *(.debug_line .debug_line.* .debug_line_end)
 .debug_line    0x00000000      0x115 C:/Program Files (x86)/Atmel/Studio/7.0/Packs/atmel/ATmega_DFP/1.2.209/gcc/dev/atmega32/avr5/crtatmega32.o
 .debug_line    0x00000115      0x1f6 src/a2d.o
 .debug_line    0x0000030b      0x21f src/buffer.o
 .debug_line    0x0000052a     0x227d src/ff.o
 .debug_line    0x000027a7      0x81d src/handlers.o
 .debug_line    0x00002fc4      0x53b src/lcd.o
 .debug_line    0x000034ff      0x47c src/main.o
 .debug_line    0x0000397b      0x648 src/MD_MIDIFile.o
 .debug_line    0x00003fc3      0x130 src/MD_MIDIHelper.o
 .debug_line    0x000040f3      0x502 src/MD_MIDITrack.o
 .debug_line    0x000045f5      0x369 src/midi.o
 .debug_line    0x0000495e      0x847 src/mmc.o
 .debug_line    0x000051a5      0x17f src/spi.o
 .debug_line    0x00005324      0x6d1 src/SRAMDriver.o
 .debug_line    0x000059f5      0x5bd src/timer.o
 .debug_line    0x00005fb2      0x34c src/uart.o
 .debug_line    0x000062fe       0xab C:/Program Files (x86)/Atmel/Studio/7.0/Packs/atmel/ATmega_DFP/1.2.209/gcc/dev/atmega32/avr5\libatmega32.a(eerd_block.o)

.debug_frame    0x00000000     0x222c
 *(.debug_frame)
 .debug_frame   0x00000000       0xc4 src/a2d.o
 .debug_frame   0x000000c4       0x8c src/buffer.o
 .debug_frame   0x00000150      0xa34 src/ff.o
 .debug_frame   0x00000b84      0x2e8 src/handlers.o
 .debug_frame   0x00000e6c      0x168 src/lcd.o
 .debug_frame   0x00000fd4       0x38 src/main.o
 .debug_frame   0x0000100c      0x2ac src/MD_MIDIFile.o
 .debug_frame   0x000012b8       0x9c src/MD_MIDIHelper.o
 .debug_frame   0x00001354      0x184 src/MD_MIDITrack.o
 .debug_frame   0x000014d8      0x170 src/midi.o
 .debug_frame   0x00001648      0x1b8 src/mmc.o
 .debug_frame   0x00001800       0x64 src/spi.o
 .debug_frame   0x00001864      0x344 src/SRAMDriver.o
 .debug_frame   0x00001ba8      0x49c src/timer.o
 .debug_frame   0x00002044      0x1e8 src/uart.o

.debug_str      0x00000000     0x1b23
 *(.debug_str)
 .debug_str     0x00000000      0x196 C:/Program Files (x86)/Atmel/Studio/7.0/Packs/atmel/ATmega_DFP/1.2.209/gcc/dev/atmega32/avr5/crtatmega32.o
 .debug_str     0x00000196      0x1fb src/a2d.o
                                0x234 (size before relaxing)
 .debug_str     0x00000391       0xcf src/buffer.o
                                0x267 (size before relaxing)
 .debug_str     0x00000460      0x51e src/ff.o
                                0x6e3 (size before relaxing)
 .debug_str     0x0000097e      0x502 src/handlers.o
                                0x98e (size before relaxing)
 .debug_str     0x00000e80      0x10d src/lcd.o
                                0x2d4 (size before relaxing)
 .debug_str     0x00000f8d      0x1b6 src/main.o
                                0x912 (size before relaxing)
 .debug_str     0x00001143      0x181 src/MD_MIDIFile.o
                                0x719 (size before relaxing)
 .debug_str     0x000012c4       0x22 src/MD_MIDIHelper.o
                                0x2a4 (size before relaxing)
 .debug_str     0x000012e6       0x5f src/MD_MIDITrack.o
                                0x62c (size before relaxing)
 .debug_str     0x00001345       0xb8 src/midi.o
                                0x317 (size before relaxing)
 .debug_str     0x000013fd       0xa1 src/mmc.o
                                0x2d2 (size before relaxing)
 .debug_str     0x0000149e       0x54 src/spi.o
                                0x1e0 (size before relaxing)
 .debug_str     0x000014f2      0x22c src/SRAMDriver.o
                                0x430 (size before relaxing)
 .debug_str     0x0000171e      0x2d0 src/timer.o
                                0x488 (size before relaxing)
 .debug_str     0x000019ee      0x135 src/uart.o
                                0x3b4 (size before relaxing)

.debug_loc      0x00000000     0xc8bb
 *(.debug_loc)
 .debug_loc     0x00000000       0xe1 src/a2d.o
 .debug_loc     0x000000e1      0x210 src/buffer.o
 .debug_loc     0x000002f1     0x66c1 src/ff.o
 .debug_loc     0x000069b2      0xbdf src/handlers.o
 .debug_loc     0x00007591      0x688 src/lcd.o
 .debug_loc     0x00007c19      0x367 src/main.o
 .debug_loc     0x00007f80      0xe3d src/MD_MIDIFile.o
 .debug_loc     0x00008dbd      0x2c6 src/MD_MIDIHelper.o
 .debug_loc     0x00009083      0x744 src/MD_MIDITrack.o
 .debug_loc     0x000097c7      0x49c src/midi.o
 .debug_loc     0x00009c63      0xce7 src/mmc.o
 .debug_loc     0x0000a94a       0xb8 src/spi.o
 .debug_loc     0x0000aa02     0x10dd src/SRAMDriver.o
 .debug_loc     0x0000badf      0x90f src/timer.o
 .debug_loc     0x0000c3ee      0x4cd src/uart.o

.debug_macinfo
 *(.debug_macinfo)

.debug_weaknames
 *(.debug_weaknames)

.debug_funcnames
 *(.debug_funcnames)

.debug_typenames
 *(.debug_typenames)

.debug_varnames
 *(.debug_varnames)

.debug_pubtypes
 *(.debug_pubtypes)

.debug_ranges   0x00000000      0x890
 *(.debug_ranges)
 .debug_ranges  0x00000000       0x58 src/a2d.o
 .debug_ranges  0x00000058       0x40 src/buffer.o
 .debug_ranges  0x00000098      0x1f8 src/ff.o
 .debug_ranges  0x00000290       0xa8 src/handlers.o
 .debug_ranges  0x00000338       0x70 src/lcd.o
 .debug_ranges  0x000003a8       0x10 src/main.o
 .debug_ranges  0x000003b8       0xe0 src/MD_MIDIFile.o
 .debug_ranges  0x00000498       0x18 src/MD_MIDIHelper.o
 .debug_ranges  0x000004b0       0x50 src/MD_MIDITrack.o
 .debug_ranges  0x00000500       0x70 src/midi.o
 .debug_ranges  0x00000570       0x70 src/mmc.o
 .debug_ranges  0x000005e0       0x28 src/spi.o
 .debug_ranges  0x00000608       0xe0 src/SRAMDriver.o
 .debug_ranges  0x000006e8      0x120 src/timer.o
 .debug_ranges  0x00000808       0x88 src/uart.o

.debug_macro
 *(.debug_macro)
OUTPUT(Ketron32.elf elf32-avr)
LOAD linker stubs
